Component: ARM Compiler 6.16 Tool: armlink [5dfeaa00]

==============================================================================

Section Cross References

    adc.o(.text.adc_init) refers to adc.o(.bss.CH_idx) for CH_idx
    adc.o(.ARM.exidx.text.adc_init) refers to adc.o(.text.adc_init) for [Anonymous Symbol]
    adc.o(.ARM.exidx.text.internal_calibration_adc) refers to adc.o(.text.internal_calibration_adc) for [Anonymous Symbol]
    adc.o(.text.adc_read) refers to adc.o(.text.internal_calibration_adc) for internal_calibration_adc
    adc.o(.text.adc_read) refers to adc.o(.bss.CH_idx) for CH_idx
    adc.o(.ARM.exidx.text.adc_read) refers to adc.o(.text.adc_read) for [Anonymous Symbol]
    dma.o(.text.dma_init) refers to dma.o(.text.__NVIC_SetPriority) for __NVIC_SetPriority
    dma.o(.text.dma_init) refers to dma.o(.text.__NVIC_ClearPendingIRQ) for __NVIC_ClearPendingIRQ
    dma.o(.text.dma_init) refers to dma.o(.text.__NVIC_EnableIRQ) for __NVIC_EnableIRQ
    dma.o(.text.dma_init) refers to dma.o(.bss.GloveInputs) for GloveInputs
    dma.o(.ARM.exidx.text.dma_init) refers to dma.o(.text.dma_init) for [Anonymous Symbol]
    dma.o(.ARM.exidx.text.__NVIC_SetPriority) refers to dma.o(.text.__NVIC_SetPriority) for [Anonymous Symbol]
    dma.o(.ARM.exidx.text.__NVIC_ClearPendingIRQ) refers to dma.o(.text.__NVIC_ClearPendingIRQ) for [Anonymous Symbol]
    dma.o(.ARM.exidx.text.__NVIC_EnableIRQ) refers to dma.o(.text.__NVIC_EnableIRQ) for [Anonymous Symbol]
    dma.o(.text.DMA0_IRQHandler) refers to dma.o(.bss.conversion_done) for conversion_done
    dma.o(.text.DMA0_IRQHandler) refers to dma.o(.bss.while_flag) for while_flag
    dma.o(.ARM.exidx.text.DMA0_IRQHandler) refers to dma.o(.text.DMA0_IRQHandler) for [Anonymous Symbol]
    pit.o(.text.pit_init) refers to pit.o(.text.__NVIC_SetPriority) for __NVIC_SetPriority
    pit.o(.text.pit_init) refers to pit.o(.text.__NVIC_ClearPendingIRQ) for __NVIC_ClearPendingIRQ
    pit.o(.text.pit_init) refers to pit.o(.text.__NVIC_EnableIRQ) for __NVIC_EnableIRQ
    pit.o(.ARM.exidx.text.pit_init) refers to pit.o(.text.pit_init) for [Anonymous Symbol]
    pit.o(.ARM.exidx.text.__NVIC_SetPriority) refers to pit.o(.text.__NVIC_SetPriority) for [Anonymous Symbol]
    pit.o(.ARM.exidx.text.__NVIC_ClearPendingIRQ) refers to pit.o(.text.__NVIC_ClearPendingIRQ) for [Anonymous Symbol]
    pit.o(.ARM.exidx.text.__NVIC_EnableIRQ) refers to pit.o(.text.__NVIC_EnableIRQ) for [Anonymous Symbol]
    pit.o(.text.PIT_IRQHandler) refers to adc.o(.text.adc_read) for adc_read
    pit.o(.text.PIT_IRQHandler) refers to pit.o(.bss.counter) for counter
    pit.o(.ARM.exidx.text.PIT_IRQHandler) refers to pit.o(.text.PIT_IRQHandler) for [Anonymous Symbol]
    main.o(.text.main) refers to adc.o(.text.adc_init) for adc_init
    main.o(.text.main) refers to uart.o(.text.Init_UART) for Init_UART
    main.o(.text.main) refers to dma.o(.text.dma_init) for dma_init
    main.o(.text.main) refers to pit.o(.text.pit_init) for pit_init
    main.o(.text.main) refers to uart.o(.text.TransmitBufferCreate) for TransmitBufferCreate
    main.o(.text.main) refers to uart.o(.text.UART0_Transmit_DMA) for UART0_Transmit_DMA
    main.o(.text.main) refers to dma.o(.bss.while_flag) for while_flag
    main.o(.text.main) refers to main.o(.bss.index) for index
    main.o(.text.main) refers to dma.o(.bss.conversion_done) for conversion_done
    main.o(.ARM.exidx.text.main) refers to main.o(.text.main) for [Anonymous Symbol]
    uart.o(.ARM.exidx.text.Init_UART) refers to uart.o(.text.Init_UART) for [Anonymous Symbol]
    uart.o(.text.UART0_Transmit_DMA) refers to uart.o(.bss.transmitbuffer) for transmitbuffer
    uart.o(.text.UART0_Transmit_DMA) refers to uart.o(.bss.Transmit_Done) for Transmit_Done
    uart.o(.ARM.exidx.text.UART0_Transmit_DMA) refers to uart.o(.text.UART0_Transmit_DMA) for [Anonymous Symbol]
    uart.o(.text.UART0_Transmit_OneByte) refers to uart.o(.bss.Transmit_Done) for Transmit_Done
    uart.o(.ARM.exidx.text.UART0_Transmit_OneByte) refers to uart.o(.text.UART0_Transmit_OneByte) for [Anonymous Symbol]
    uart.o(.text.TransmitBufferCreate) refers to dma.o(.bss.GloveInputs) for GloveInputs
    uart.o(.text.TransmitBufferCreate) refers to uart.o(.bss.shiftedpinky) for shiftedpinky
    uart.o(.text.TransmitBufferCreate) refers to uart.o(.bss.shiftedring) for shiftedring
    uart.o(.text.TransmitBufferCreate) refers to uart.o(.bss.shiftedmiddle) for shiftedmiddle
    uart.o(.text.TransmitBufferCreate) refers to uart.o(.bss.shiftedindex) for shiftedindex
    uart.o(.text.TransmitBufferCreate) refers to uart.o(.bss.shiftedthumb) for shiftedthumb
    uart.o(.text.TransmitBufferCreate) refers to uart.o(.bss.transmitbuffer) for transmitbuffer
    uart.o(.text.TransmitBufferCreate) refers to uart.o(.bss.cal_val) for cal_val
    uart.o(.ARM.exidx.text.TransmitBufferCreate) refers to uart.o(.text.TransmitBufferCreate) for [Anonymous Symbol]
    eventrecorder.o(.text.EventRecorderTimerSetup) refers to eventrecorder.o(.bss.noinit) for [Anonymous Symbol]
    eventrecorder.o(.ARM.exidx.text.EventRecorderTimerSetup) refers to eventrecorder.o(.text.EventRecorderTimerSetup) for [Anonymous Symbol]
    eventrecorder.o(.ARM.exidx.text.EventRecorderTimerGetFreq) refers to eventrecorder.o(.text.EventRecorderTimerGetFreq) for [Anonymous Symbol]
    eventrecorder.o(.text.EventRecorderTimerGetCount) refers to eventrecorder.o(.bss.noinit) for [Anonymous Symbol]
    eventrecorder.o(.ARM.exidx.text.EventRecorderTimerGetCount) refers to eventrecorder.o(.text.EventRecorderTimerGetCount) for [Anonymous Symbol]
    eventrecorder.o(.text.EventRecorderInitialize) refers to rt_memclr.o(.text) for __aeabi_memclr4
    eventrecorder.o(.text.EventRecorderInitialize) refers to eventrecorder.o(.text.crc16_ccitt) for crc16_ccitt
    eventrecorder.o(.text.EventRecorderInitialize) refers to eventrecorder.o(.text.EventRecorderTimerSetup) for EventRecorderTimerSetup
    eventrecorder.o(.text.EventRecorderInitialize) refers to eventrecorder.o(.text.EventRecorderTimerGetFreq) for EventRecorderTimerGetFreq
    eventrecorder.o(.text.EventRecorderInitialize) refers to eventrecorder.o(.text.EventRecorderEnable) for EventRecorderEnable
    eventrecorder.o(.text.EventRecorderInitialize) refers to eventrecorder.o(.text.EventGetTS) for EventGetTS
    eventrecorder.o(.text.EventRecorderInitialize) refers to eventrecorder.o(.text.EventRecordItem) for EventRecordItem
    eventrecorder.o(.text.EventRecorderInitialize) refers to eventrecorder.o(.text.EventRecorderStart) for EventRecorderStart
    eventrecorder.o(.text.EventRecorderInitialize) refers to eventrecorder.o(.bss.noinit) for [Anonymous Symbol]
    eventrecorder.o(.text.EventRecorderInitialize) refers to eventrecorder.o(.rodata.EventRecorderInfo) for EventRecorderInfo
    eventrecorder.o(.ARM.exidx.text.EventRecorderInitialize) refers to eventrecorder.o(.text.EventRecorderInitialize) for [Anonymous Symbol]
    eventrecorder.o(.ARM.exidx.text.crc16_ccitt) refers to eventrecorder.o(.text.crc16_ccitt) for [Anonymous Symbol]
    eventrecorder.o(.text.EventRecorderEnable) refers to eventrecorder.o(.bss.noinit) for [Anonymous Symbol]
    eventrecorder.o(.ARM.exidx.text.EventRecorderEnable) refers to eventrecorder.o(.text.EventRecorderEnable) for [Anonymous Symbol]
    eventrecorder.o(.text.EventGetTS) refers to eventrecorder.o(.text.EventRecorderTimerGetCount) for EventRecorderTimerGetCount
    eventrecorder.o(.text.EventGetTS) refers to eventrecorder.o(.text.UpdateTS) for UpdateTS
    eventrecorder.o(.text.EventGetTS) refers to eventrecorder.o(.text.IncrementOverflowTS) for IncrementOverflowTS
    eventrecorder.o(.text.EventGetTS) refers to eventrecorder.o(.bss.noinit) for [Anonymous Symbol]
    eventrecorder.o(.ARM.exidx.text.EventGetTS) refers to eventrecorder.o(.text.EventGetTS) for [Anonymous Symbol]
    eventrecorder.o(.text.EventRecordItem) refers to eventrecorder.o(.text.GetRecordIndex) for GetRecordIndex
    eventrecorder.o(.text.EventRecordItem) refers to eventrecorder.o(.text.LockRecord) for LockRecord
    eventrecorder.o(.text.EventRecordItem) refers to eventrecorder.o(.text.UnlockRecord) for UnlockRecord
    eventrecorder.o(.text.EventRecordItem) refers to eventrecorder.o(.text.IncrementRecordsWritten) for IncrementRecordsWritten
    eventrecorder.o(.text.EventRecordItem) refers to eventrecorder.o(.text.IncrementRecordsDumped) for IncrementRecordsDumped
    eventrecorder.o(.text.EventRecordItem) refers to eventrecorder.o(.bss.noinit) for [Anonymous Symbol]
    eventrecorder.o(.ARM.exidx.text.EventRecordItem) refers to eventrecorder.o(.text.EventRecordItem) for [Anonymous Symbol]
    eventrecorder.o(.text.EventRecorderStart) refers to eventrecorder.o(.text.EventGetTS) for EventGetTS
    eventrecorder.o(.text.EventRecorderStart) refers to eventrecorder.o(.text.EventRecordItem) for EventRecordItem
    eventrecorder.o(.text.EventRecorderStart) refers to eventrecorder.o(.bss.noinit) for [Anonymous Symbol]
    eventrecorder.o(.ARM.exidx.text.EventRecorderStart) refers to eventrecorder.o(.text.EventRecorderStart) for [Anonymous Symbol]
    eventrecorder.o(.text.EventRecorderDisable) refers to eventrecorder.o(.bss.noinit) for [Anonymous Symbol]
    eventrecorder.o(.ARM.exidx.text.EventRecorderDisable) refers to eventrecorder.o(.text.EventRecorderDisable) for [Anonymous Symbol]
    eventrecorder.o(.text.EventRecorderStop) refers to eventrecorder.o(.text.EventGetTS) for EventGetTS
    eventrecorder.o(.text.EventRecorderStop) refers to eventrecorder.o(.text.EventRecordItem) for EventRecordItem
    eventrecorder.o(.text.EventRecorderStop) refers to eventrecorder.o(.bss.noinit) for [Anonymous Symbol]
    eventrecorder.o(.ARM.exidx.text.EventRecorderStop) refers to eventrecorder.o(.text.EventRecorderStop) for [Anonymous Symbol]
    eventrecorder.o(.text.EventRecorderClockUpdate) refers to eventrecorder.o(.text.EventRecorderTimerGetFreq) for EventRecorderTimerGetFreq
    eventrecorder.o(.text.EventRecorderClockUpdate) refers to eventrecorder.o(.text.EventGetTS) for EventGetTS
    eventrecorder.o(.text.EventRecorderClockUpdate) refers to eventrecorder.o(.text.EventRecordItem) for EventRecordItem
    eventrecorder.o(.text.EventRecorderClockUpdate) refers to eventrecorder.o(.bss.noinit) for [Anonymous Symbol]
    eventrecorder.o(.ARM.exidx.text.EventRecorderClockUpdate) refers to eventrecorder.o(.text.EventRecorderClockUpdate) for [Anonymous Symbol]
    eventrecorder.o(.text.EventRecordData) refers to eventrecorder.o(.text.EventCheckFilter) for EventCheckFilter
    eventrecorder.o(.text.EventRecordData) refers to eventrecorder.o(.text.EventGetTS) for EventGetTS
    eventrecorder.o(.text.EventRecordData) refers to eventrecorder.o(.text.EventRecordItem) for EventRecordItem
    eventrecorder.o(.text.EventRecordData) refers to rt_memcpy.o(.text) for __aeabi_memcpy
    eventrecorder.o(.text.EventRecordData) refers to eventrecorder.o(.text.GetContext) for GetContext
    eventrecorder.o(.ARM.exidx.text.EventRecordData) refers to eventrecorder.o(.text.EventRecordData) for [Anonymous Symbol]
    eventrecorder.o(.text.EventCheckFilter) refers to eventrecorder.o(.bss.noinit) for [Anonymous Symbol]
    eventrecorder.o(.ARM.exidx.text.EventCheckFilter) refers to eventrecorder.o(.text.EventCheckFilter) for [Anonymous Symbol]
    eventrecorder.o(.text.GetContext) refers to eventrecorder.o(.text.atomic_inc8) for atomic_inc8
    eventrecorder.o(.text.GetContext) refers to eventrecorder.o(.bss.noinit) for [Anonymous Symbol]
    eventrecorder.o(.ARM.exidx.text.GetContext) refers to eventrecorder.o(.text.GetContext) for [Anonymous Symbol]
    eventrecorder.o(.text.EventRecord2) refers to eventrecorder.o(.text.EventCheckFilter) for EventCheckFilter
    eventrecorder.o(.text.EventRecord2) refers to eventrecorder.o(.text.EventGetTS) for EventGetTS
    eventrecorder.o(.text.EventRecord2) refers to eventrecorder.o(.text.EventRecordItem) for EventRecordItem
    eventrecorder.o(.ARM.exidx.text.EventRecord2) refers to eventrecorder.o(.text.EventRecord2) for [Anonymous Symbol]
    eventrecorder.o(.text.EventRecord4) refers to eventrecorder.o(.text.EventCheckFilter) for EventCheckFilter
    eventrecorder.o(.text.EventRecord4) refers to eventrecorder.o(.text.EventGetTS) for EventGetTS
    eventrecorder.o(.text.EventRecord4) refers to eventrecorder.o(.text.GetContext) for GetContext
    eventrecorder.o(.text.EventRecord4) refers to eventrecorder.o(.text.EventRecordItem) for EventRecordItem
    eventrecorder.o(.ARM.exidx.text.EventRecord4) refers to eventrecorder.o(.text.EventRecord4) for [Anonymous Symbol]
    eventrecorder.o(.text.UpdateTS) refers to eventrecorder.o(.text.atomic_xch32) for atomic_xch32
    eventrecorder.o(.text.UpdateTS) refers to eventrecorder.o(.bss.noinit) for [Anonymous Symbol]
    eventrecorder.o(.ARM.exidx.text.UpdateTS) refers to eventrecorder.o(.text.UpdateTS) for [Anonymous Symbol]
    eventrecorder.o(.text.IncrementOverflowTS) refers to eventrecorder.o(.text.atomic_inc32) for atomic_inc32
    eventrecorder.o(.text.IncrementOverflowTS) refers to eventrecorder.o(.bss.noinit) for [Anonymous Symbol]
    eventrecorder.o(.ARM.exidx.text.IncrementOverflowTS) refers to eventrecorder.o(.text.IncrementOverflowTS) for [Anonymous Symbol]
    eventrecorder.o(.ARM.exidx.text.atomic_xch32) refers to eventrecorder.o(.text.atomic_xch32) for [Anonymous Symbol]
    eventrecorder.o(.ARM.exidx.text.atomic_inc32) refers to eventrecorder.o(.text.atomic_inc32) for [Anonymous Symbol]
    eventrecorder.o(.text.GetRecordIndex) refers to eventrecorder.o(.text.atomic_inc32) for atomic_inc32
    eventrecorder.o(.text.GetRecordIndex) refers to eventrecorder.o(.bss.noinit) for [Anonymous Symbol]
    eventrecorder.o(.ARM.exidx.text.GetRecordIndex) refers to eventrecorder.o(.text.GetRecordIndex) for [Anonymous Symbol]
    eventrecorder.o(.ARM.exidx.text.LockRecord) refers to eventrecorder.o(.text.LockRecord) for [Anonymous Symbol]
    eventrecorder.o(.ARM.exidx.text.UnlockRecord) refers to eventrecorder.o(.text.UnlockRecord) for [Anonymous Symbol]
    eventrecorder.o(.text.IncrementRecordsWritten) refers to eventrecorder.o(.text.atomic_inc32) for atomic_inc32
    eventrecorder.o(.text.IncrementRecordsWritten) refers to eventrecorder.o(.bss.noinit) for [Anonymous Symbol]
    eventrecorder.o(.ARM.exidx.text.IncrementRecordsWritten) refers to eventrecorder.o(.text.IncrementRecordsWritten) for [Anonymous Symbol]
    eventrecorder.o(.text.IncrementRecordsDumped) refers to eventrecorder.o(.text.atomic_inc32) for atomic_inc32
    eventrecorder.o(.text.IncrementRecordsDumped) refers to eventrecorder.o(.bss.noinit) for [Anonymous Symbol]
    eventrecorder.o(.ARM.exidx.text.IncrementRecordsDumped) refers to eventrecorder.o(.text.IncrementRecordsDumped) for [Anonymous Symbol]
    eventrecorder.o(.ARM.exidx.text.atomic_inc8) refers to eventrecorder.o(.text.atomic_inc8) for [Anonymous Symbol]
    eventrecorder.o(.rodata.EventRecorderInfo) refers to eventrecorder.o(.bss.noinit) for [Anonymous Symbol]
    startup_mkl25z4.o(STACK) refers (Special) to heapauxi.o(.text) for __use_two_region_memory
    startup_mkl25z4.o(HEAP) refers (Special) to heapauxi.o(.text) for __use_two_region_memory
    startup_mkl25z4.o(RESET) refers (Special) to heapauxi.o(.text) for __use_two_region_memory
    startup_mkl25z4.o(RESET) refers to startup_mkl25z4.o(STACK) for __initial_sp
    startup_mkl25z4.o(RESET) refers to startup_mkl25z4.o(.text) for Reset_Handler
    startup_mkl25z4.o(RESET) refers to dma.o(.text.DMA0_IRQHandler) for DMA0_IRQHandler
    startup_mkl25z4.o(RESET) refers to pit.o(.text.PIT_IRQHandler) for PIT_IRQHandler
    startup_mkl25z4.o(.ARM.__at_0x400) refers (Special) to heapauxi.o(.text) for __use_two_region_memory
    startup_mkl25z4.o(.text) refers (Special) to heapauxi.o(.text) for __use_two_region_memory
    startup_mkl25z4.o(.text) refers to system_mkl25z4.o(.text.SystemInit) for SystemInit
    startup_mkl25z4.o(.text) refers to __main.o(!!!main) for __main
    startup_mkl25z4.o(.text) refers to startup_mkl25z4.o(HEAP) for Heap_Mem
    startup_mkl25z4.o(.text) refers to startup_mkl25z4.o(STACK) for Stack_Mem
    system_mkl25z4.o(.ARM.exidx.text.SystemInit) refers to system_mkl25z4.o(.text.SystemInit) for [Anonymous Symbol]
    system_mkl25z4.o(.text.SystemCoreClockUpdate) refers to aeabi_sdiv.o(.text) for __aeabi_uidiv
    system_mkl25z4.o(.text.SystemCoreClockUpdate) refers to system_mkl25z4.o(.data.SystemCoreClock) for SystemCoreClock
    system_mkl25z4.o(.ARM.exidx.text.SystemCoreClockUpdate) refers to system_mkl25z4.o(.text.SystemCoreClockUpdate) for [Anonymous Symbol]
    rt_memcpy.o(.text) refers to rt_memcpy.o(.emb_text) for __aeabi_memcpy4
    __main.o(!!!main) refers to __rtentry.o(.ARM.Collect$$rtentry$$00000000) for __rt_entry
    __rtentry.o(.ARM.Collect$$rtentry$$00000000) refers (Special) to __rtentry2.o(.ARM.Collect$$rtentry$$0000000A) for __rt_entry_li
    __rtentry.o(.ARM.Collect$$rtentry$$00000000) refers (Special) to __rtentry2.o(.ARM.Collect$$rtentry$$0000000D) for __rt_entry_main
    __rtentry.o(.ARM.Collect$$rtentry$$00000000) refers (Special) to __rtentry2.o(.ARM.Collect$$rtentry$$0000000C) for __rt_entry_postli_1
    __rtentry.o(.ARM.Collect$$rtentry$$00000000) refers (Special) to __rtentry2.o(.ARM.Collect$$rtentry$$00000009) for __rt_entry_postsh_1
    __rtentry.o(.ARM.Collect$$rtentry$$00000000) refers (Special) to __rtentry2.o(.ARM.Collect$$rtentry$$00000002) for __rt_entry_presh_1
    __rtentry.o(.ARM.Collect$$rtentry$$00000000) refers (Special) to __rtentry4.o(.ARM.Collect$$rtentry$$00000004) for __rt_entry_sh
    aeabi_idiv0_sigfpe.o(.text) refers to rt_div0.o(.text) for __rt_div0
    __rtentry2.o(.ARM.Collect$$rtentry$$00000008) refers to boardinit2.o(.text) for _platform_post_stackheap_init
    __rtentry2.o(.ARM.Collect$$rtentry$$0000000A) refers to libinit.o(.ARM.Collect$$libinit$$00000000) for __rt_lib_init
    __rtentry2.o(.ARM.Collect$$rtentry$$0000000B) refers to boardinit3.o(.text) for _platform_post_lib_init
    __rtentry2.o(.ARM.Collect$$rtentry$$0000000D) refers to main.o(.text.main) for main
    __rtentry2.o(.ARM.Collect$$rtentry$$0000000D) refers to exit.o(.text) for exit
    __rtentry2.o(.ARM.exidx) refers to __rtentry2.o(.ARM.Collect$$rtentry$$00000001) for .ARM.Collect$$rtentry$$00000001
    __rtentry2.o(.ARM.exidx) refers to __rtentry2.o(.ARM.Collect$$rtentry$$00000008) for .ARM.Collect$$rtentry$$00000008
    __rtentry2.o(.ARM.exidx) refers to __rtentry2.o(.ARM.Collect$$rtentry$$0000000A) for .ARM.Collect$$rtentry$$0000000A
    __rtentry2.o(.ARM.exidx) refers to __rtentry2.o(.ARM.Collect$$rtentry$$0000000B) for .ARM.Collect$$rtentry$$0000000B
    __rtentry2.o(.ARM.exidx) refers to __rtentry2.o(.ARM.Collect$$rtentry$$0000000D) for .ARM.Collect$$rtentry$$0000000D
    __rtentry4.o(.ARM.Collect$$rtentry$$00000004) refers to sys_stackheap_outer.o(.text) for __user_setup_stackheap
    __rtentry4.o(.ARM.exidx) refers to __rtentry4.o(.ARM.Collect$$rtentry$$00000004) for .ARM.Collect$$rtentry$$00000004
    rt_div0.o(.text) refers to defsig_fpe_outer.o(.text) for __rt_SIGFPE
    sys_stackheap_outer.o(.text) refers to libspace.o(.text) for __user_perproc_libspace
    sys_stackheap_outer.o(.text) refers to startup_mkl25z4.o(.text) for __user_initial_stackheap
    sys_stackheap_outer.o(__vectab_stack_and_reset_area) refers to tempstk.o(.text) for __temporary_stack_top
    sys_stackheap_outer.o(__vectab_stack_and_reset_area) refers to __main.o(!!!main) for __main
    exit.o(.text) refers to rtexit.o(.ARM.Collect$$rtexit$$00000000) for __rt_exit
    defsig_fpe_outer.o(.text) refers to defsig_fpe_inner.o(.text) for __rt_SIGFPE_inner
    defsig_fpe_outer.o(.text) refers to defsig_exit.o(.text) for __sig_exit
    defsig_fpe_formal.o(.text) refers to rt_raise.o(.text) for __rt_raise
    libinit.o(.ARM.Collect$$libinit$$00000000) refers (Special) to libinit2.o(.ARM.Collect$$libinit$$0000002E) for __rt_lib_init_alloca_1
    libinit.o(.ARM.Collect$$libinit$$00000000) refers (Special) to libinit2.o(.ARM.Collect$$libinit$$0000002C) for __rt_lib_init_argv_1
    libinit.o(.ARM.Collect$$libinit$$00000000) refers (Special) to libinit2.o(.ARM.Collect$$libinit$$0000001B) for __rt_lib_init_atexit_1
    libinit.o(.ARM.Collect$$libinit$$00000000) refers (Special) to libinit2.o(.ARM.Collect$$libinit$$00000021) for __rt_lib_init_clock_1
    libinit.o(.ARM.Collect$$libinit$$00000000) refers (Special) to libinit2.o(.ARM.Collect$$libinit$$00000032) for __rt_lib_init_cpp_1
    libinit.o(.ARM.Collect$$libinit$$00000000) refers (Special) to libinit2.o(.ARM.Collect$$libinit$$00000030) for __rt_lib_init_exceptions_1
    libinit.o(.ARM.Collect$$libinit$$00000000) refers (Special) to libinit2.o(.ARM.Collect$$libinit$$00000002) for __rt_lib_init_fp_1
    libinit.o(.ARM.Collect$$libinit$$00000000) refers (Special) to libinit2.o(.ARM.Collect$$libinit$$0000001F) for __rt_lib_init_fp_trap_1
    libinit.o(.ARM.Collect$$libinit$$00000000) refers (Special) to libinit2.o(.ARM.Collect$$libinit$$00000023) for __rt_lib_init_getenv_1
    libinit.o(.ARM.Collect$$libinit$$00000000) refers (Special) to libinit2.o(.ARM.Collect$$libinit$$0000000A) for __rt_lib_init_heap_1
    libinit.o(.ARM.Collect$$libinit$$00000000) refers (Special) to libinit2.o(.ARM.Collect$$libinit$$00000011) for __rt_lib_init_lc_collate_1
    libinit.o(.ARM.Collect$$libinit$$00000000) refers (Special) to libinit2.o(.ARM.Collect$$libinit$$00000013) for __rt_lib_init_lc_ctype_1
    libinit.o(.ARM.Collect$$libinit$$00000000) refers (Special) to libinit2.o(.ARM.Collect$$libinit$$00000015) for __rt_lib_init_lc_monetary_1
    libinit.o(.ARM.Collect$$libinit$$00000000) refers (Special) to libinit2.o(.ARM.Collect$$libinit$$00000017) for __rt_lib_init_lc_numeric_1
    libinit.o(.ARM.Collect$$libinit$$00000000) refers (Special) to libinit2.o(.ARM.Collect$$libinit$$00000019) for __rt_lib_init_lc_time_1
    libinit.o(.ARM.Collect$$libinit$$00000000) refers (Special) to libinit2.o(.ARM.Collect$$libinit$$00000004) for __rt_lib_init_preinit_1
    libinit.o(.ARM.Collect$$libinit$$00000000) refers (Special) to libinit2.o(.ARM.Collect$$libinit$$0000000E) for __rt_lib_init_rand_1
    libinit.o(.ARM.Collect$$libinit$$00000000) refers (Special) to libinit2.o(.ARM.Collect$$libinit$$00000033) for __rt_lib_init_return
    libinit.o(.ARM.Collect$$libinit$$00000000) refers (Special) to libinit2.o(.ARM.Collect$$libinit$$0000001D) for __rt_lib_init_signal_1
    libinit.o(.ARM.Collect$$libinit$$00000000) refers (Special) to libinit2.o(.ARM.Collect$$libinit$$00000025) for __rt_lib_init_stdio_1
    libinit.o(.ARM.Collect$$libinit$$00000000) refers (Special) to libinit2.o(.ARM.Collect$$libinit$$0000000C) for __rt_lib_init_user_alloc_1
    libspace.o(.text) refers to libspace.o(.bss) for __libspace_start
    rtexit.o(.ARM.Collect$$rtexit$$00000000) refers (Special) to rtexit2.o(.ARM.Collect$$rtexit$$00000004) for __rt_exit_exit
    rtexit.o(.ARM.Collect$$rtexit$$00000000) refers (Special) to rtexit2.o(.ARM.Collect$$rtexit$$00000003) for __rt_exit_ls
    rtexit.o(.ARM.Collect$$rtexit$$00000000) refers (Special) to rtexit2.o(.ARM.Collect$$rtexit$$00000002) for __rt_exit_prels_1
    rtexit.o(.ARM.exidx) refers (Special) to rtexit2.o(.ARM.Collect$$rtexit$$00000004) for __rt_exit_exit
    rtexit.o(.ARM.exidx) refers (Special) to rtexit2.o(.ARM.Collect$$rtexit$$00000003) for __rt_exit_ls
    rtexit.o(.ARM.exidx) refers (Special) to rtexit2.o(.ARM.Collect$$rtexit$$00000002) for __rt_exit_prels_1
    rtexit.o(.ARM.exidx) refers to rtexit.o(.ARM.Collect$$rtexit$$00000000) for .ARM.Collect$$rtexit$$00000000
    rt_raise.o(.text) refers to __raise.o(.text) for __raise
    rt_raise.o(.text) refers to sys_exit.o(.text) for _sys_exit
    defsig_exit.o(.text) refers to sys_exit.o(.text) for _sys_exit
    defsig_fpe_inner.o(.text) refers to defsig_general.o(.text) for __default_signal_display
    libinit2.o(.ARM.Collect$$libinit$$00000010) refers to libinit2.o(.ARM.Collect$$libinit$$0000000F) for .ARM.Collect$$libinit$$0000000F
    libinit2.o(.ARM.Collect$$libinit$$00000012) refers to libinit2.o(.ARM.Collect$$libinit$$0000000F) for .ARM.Collect$$libinit$$0000000F
    libinit2.o(.ARM.Collect$$libinit$$00000014) refers to libinit2.o(.ARM.Collect$$libinit$$0000000F) for .ARM.Collect$$libinit$$0000000F
    libinit2.o(.ARM.Collect$$libinit$$00000016) refers to libinit2.o(.ARM.Collect$$libinit$$0000000F) for .ARM.Collect$$libinit$$0000000F
    libinit2.o(.ARM.Collect$$libinit$$00000018) refers to libinit2.o(.ARM.Collect$$libinit$$0000000F) for .ARM.Collect$$libinit$$0000000F
    libinit2.o(.ARM.Collect$$libinit$$00000026) refers to argv_veneer.o(.text) for __ARM_argv_veneer
    libinit2.o(.ARM.Collect$$libinit$$00000027) refers to argv_veneer.o(.text) for __ARM_argv_veneer
    sys_exit.o(.text) refers (Special) to use_no_semi.o(.text) for __I$use$semihosting
    sys_exit.o(.text) refers (Special) to indicate_semi.o(.text) for __semihosting_library_function
    sys_exit_hlt.o(.text) refers (Special) to use_no_semi.o(.text) for __I$use$semihosting
    sys_exit_hlt.o(.text) refers (Special) to indicate_semi.o(.text) for __semihosting_library_function
    rtexit2.o(.ARM.Collect$$rtexit$$00000003) refers to libshutdown.o(.ARM.Collect$$libshutdown$$00000000) for __rt_lib_shutdown
    rtexit2.o(.ARM.Collect$$rtexit$$00000004) refers to sys_exit.o(.text) for _sys_exit
    rtexit2.o(.ARM.exidx) refers to rtexit2.o(.ARM.Collect$$rtexit$$00000001) for .ARM.Collect$$rtexit$$00000001
    rtexit2.o(.ARM.exidx) refers to rtexit2.o(.ARM.Collect$$rtexit$$00000003) for .ARM.Collect$$rtexit$$00000003
    rtexit2.o(.ARM.exidx) refers to rtexit2.o(.ARM.Collect$$rtexit$$00000004) for .ARM.Collect$$rtexit$$00000004
    __raise.o(.text) refers to defsig.o(CL$$defsig) for __default_signal_handler
    defsig_general.o(.text) refers to sys_wrch.o(.text) for _ttywrch
    sys_wrch.o(.text) refers (Special) to use_no_semi.o(.text) for __I$use$semihosting
    sys_wrch.o(.text) refers (Special) to indicate_semi.o(.text) for __semihosting_library_function
    sys_wrch_hlt.o(.text) refers (Special) to use_no_semi.o(.text) for __I$use$semihosting
    sys_wrch_hlt.o(.text) refers (Special) to indicate_semi.o(.text) for __semihosting_library_function
    defsig.o(CL$$defsig) refers to defsig_fpe_inner.o(.text) for __rt_SIGFPE_inner
    defsig.o(CL$$defsig) refers to defsig_rtmem_inner.o(.text) for __rt_SIGRTMEM_inner
    _get_argv_nomalloc.o(.text) refers (Special) to hrguard.o(.text) for __heap_region$guard
    _get_argv_nomalloc.o(.text) refers to defsig_rtmem_outer.o(.text) for __rt_SIGRTMEM
    _get_argv_nomalloc.o(.text) refers to sys_command.o(.text) for _sys_command_string
    libshutdown.o(.ARM.Collect$$libshutdown$$00000000) refers (Special) to libshutdown2.o(.ARM.Collect$$libshutdown$$00000002) for __rt_lib_shutdown_cpp_1
    libshutdown.o(.ARM.Collect$$libshutdown$$00000000) refers (Special) to libshutdown2.o(.ARM.Collect$$libshutdown$$00000007) for __rt_lib_shutdown_fp_trap_1
    libshutdown.o(.ARM.Collect$$libshutdown$$00000000) refers (Special) to libshutdown2.o(.ARM.Collect$$libshutdown$$0000000F) for __rt_lib_shutdown_heap_1
    libshutdown.o(.ARM.Collect$$libshutdown$$00000000) refers (Special) to libshutdown2.o(.ARM.Collect$$libshutdown$$00000010) for __rt_lib_shutdown_return
    libshutdown.o(.ARM.Collect$$libshutdown$$00000000) refers (Special) to libshutdown2.o(.ARM.Collect$$libshutdown$$0000000A) for __rt_lib_shutdown_signal_1
    libshutdown.o(.ARM.Collect$$libshutdown$$00000000) refers (Special) to libshutdown2.o(.ARM.Collect$$libshutdown$$00000004) for __rt_lib_shutdown_stdio_1
    libshutdown.o(.ARM.Collect$$libshutdown$$00000000) refers (Special) to libshutdown2.o(.ARM.Collect$$libshutdown$$0000000C) for __rt_lib_shutdown_user_alloc_1
    sys_command.o(.text) refers (Special) to use_no_semi.o(.text) for __I$use$semihosting
    sys_command.o(.text) refers (Special) to indicate_semi.o(.text) for __semihosting_library_function
    sys_command_hlt.o(.text) refers (Special) to use_no_semi.o(.text) for __I$use$semihosting
    sys_command_hlt.o(.text) refers (Special) to indicate_semi.o(.text) for __semihosting_library_function
    defsig_abrt_inner.o(.text) refers to defsig_general.o(.text) for __default_signal_display
    defsig_rtred_inner.o(.text) refers to defsig_general.o(.text) for __default_signal_display
    defsig_rtmem_inner.o(.text) refers to defsig_general.o(.text) for __default_signal_display
    defsig_rtmem_outer.o(.text) refers to defsig_rtmem_inner.o(.text) for __rt_SIGRTMEM_inner
    defsig_rtmem_outer.o(.text) refers to defsig_exit.o(.text) for __sig_exit
    defsig_rtmem_formal.o(.text) refers to rt_raise.o(.text) for __rt_raise
    defsig_stak_inner.o(.text) refers to defsig_general.o(.text) for __default_signal_display
    defsig_pvfn_inner.o(.text) refers to defsig_general.o(.text) for __default_signal_display
    defsig_cppl_inner.o(.text) refers to defsig_general.o(.text) for __default_signal_display
    defsig_segv_inner.o(.text) refers to defsig_general.o(.text) for __default_signal_display
    defsig_other.o(.text) refers to defsig_general.o(.text) for __default_signal_display


==============================================================================

Removing Unused input sections from the image.

    Removing adc.o(.text), (0 bytes).
    Removing adc.o(.ARM.exidx.text.adc_init), (8 bytes).
    Removing adc.o(.ARM.exidx.text.internal_calibration_adc), (8 bytes).
    Removing adc.o(.ARM.exidx.text.adc_read), (8 bytes).
    Removing dma.o(.text), (0 bytes).
    Removing dma.o(.ARM.exidx.text.dma_init), (8 bytes).
    Removing dma.o(.ARM.exidx.text.__NVIC_SetPriority), (8 bytes).
    Removing dma.o(.ARM.exidx.text.__NVIC_ClearPendingIRQ), (8 bytes).
    Removing dma.o(.ARM.exidx.text.__NVIC_EnableIRQ), (8 bytes).
    Removing dma.o(.ARM.exidx.text.DMA0_IRQHandler), (8 bytes).
    Removing pit.o(.text), (0 bytes).
    Removing pit.o(.ARM.exidx.text.pit_init), (8 bytes).
    Removing pit.o(.ARM.exidx.text.__NVIC_SetPriority), (8 bytes).
    Removing pit.o(.ARM.exidx.text.__NVIC_ClearPendingIRQ), (8 bytes).
    Removing pit.o(.ARM.exidx.text.__NVIC_EnableIRQ), (8 bytes).
    Removing pit.o(.ARM.exidx.text.PIT_IRQHandler), (8 bytes).
    Removing main.o(.text), (0 bytes).
    Removing main.o(.ARM.exidx.text.main), (8 bytes).
    Removing main.o(.ARM.use_no_argv), (4 bytes).
    Removing uart.o(.text), (0 bytes).
    Removing uart.o(.ARM.exidx.text.Init_UART), (8 bytes).
    Removing uart.o(.ARM.exidx.text.UART0_Transmit_DMA), (8 bytes).
    Removing uart.o(.text.UART0_Transmit_OneByte), (60 bytes).
    Removing uart.o(.ARM.exidx.text.UART0_Transmit_OneByte), (8 bytes).
    Removing uart.o(.ARM.exidx.text.TransmitBufferCreate), (8 bytes).
    Removing eventrecorder.o(.text), (0 bytes).
    Removing eventrecorder.o(.text.EventRecorderTimerSetup), (16 bytes).
    Removing eventrecorder.o(.ARM.exidx.text.EventRecorderTimerSetup), (8 bytes).
    Removing eventrecorder.o(.text.EventRecorderTimerGetFreq), (4 bytes).
    Removing eventrecorder.o(.ARM.exidx.text.EventRecorderTimerGetFreq), (8 bytes).
    Removing eventrecorder.o(.text.EventRecorderTimerGetCount), (16 bytes).
    Removing eventrecorder.o(.ARM.exidx.text.EventRecorderTimerGetCount), (8 bytes).
    Removing eventrecorder.o(.text.EventRecorderInitialize), (368 bytes).
    Removing eventrecorder.o(.ARM.exidx.text.EventRecorderInitialize), (8 bytes).
    Removing eventrecorder.o(.text.crc16_ccitt), (128 bytes).
    Removing eventrecorder.o(.ARM.exidx.text.crc16_ccitt), (8 bytes).
    Removing eventrecorder.o(.text.EventRecorderEnable), (148 bytes).
    Removing eventrecorder.o(.ARM.exidx.text.EventRecorderEnable), (8 bytes).
    Removing eventrecorder.o(.text.EventGetTS), (64 bytes).
    Removing eventrecorder.o(.ARM.exidx.text.EventGetTS), (8 bytes).
    Removing eventrecorder.o(.text.EventRecordItem), (244 bytes).
    Removing eventrecorder.o(.ARM.exidx.text.EventRecordItem), (8 bytes).
    Removing eventrecorder.o(.text.EventRecorderStart), (68 bytes).
    Removing eventrecorder.o(.ARM.exidx.text.EventRecorderStart), (8 bytes).
    Removing eventrecorder.o(.text.EventRecorderDisable), (148 bytes).
    Removing eventrecorder.o(.ARM.exidx.text.EventRecorderDisable), (8 bytes).
    Removing eventrecorder.o(.text.EventRecorderStop), (68 bytes).
    Removing eventrecorder.o(.ARM.exidx.text.EventRecorderStop), (8 bytes).
    Removing eventrecorder.o(.text.EventRecorderClockUpdate), (52 bytes).
    Removing eventrecorder.o(.ARM.exidx.text.EventRecorderClockUpdate), (8 bytes).
    Removing eventrecorder.o(.text.EventRecordData), (476 bytes).
    Removing eventrecorder.o(.ARM.exidx.text.EventRecordData), (8 bytes).
    Removing eventrecorder.o(.text.EventCheckFilter), (60 bytes).
    Removing eventrecorder.o(.ARM.exidx.text.EventCheckFilter), (8 bytes).
    Removing eventrecorder.o(.text.GetContext), (16 bytes).
    Removing eventrecorder.o(.ARM.exidx.text.GetContext), (8 bytes).
    Removing eventrecorder.o(.text.EventRecord2), (92 bytes).
    Removing eventrecorder.o(.ARM.exidx.text.EventRecord2), (8 bytes).
    Removing eventrecorder.o(.text.EventRecord4), (148 bytes).
    Removing eventrecorder.o(.ARM.exidx.text.EventRecord4), (8 bytes).
    Removing eventrecorder.o(.text.UpdateTS), (24 bytes).
    Removing eventrecorder.o(.ARM.exidx.text.UpdateTS), (8 bytes).
    Removing eventrecorder.o(.text.IncrementOverflowTS), (16 bytes).
    Removing eventrecorder.o(.ARM.exidx.text.IncrementOverflowTS), (8 bytes).
    Removing eventrecorder.o(.text.atomic_xch32), (48 bytes).
    Removing eventrecorder.o(.ARM.exidx.text.atomic_xch32), (8 bytes).
    Removing eventrecorder.o(.text.atomic_inc32), (48 bytes).
    Removing eventrecorder.o(.ARM.exidx.text.atomic_inc32), (8 bytes).
    Removing eventrecorder.o(.text.GetRecordIndex), (16 bytes).
    Removing eventrecorder.o(.ARM.exidx.text.GetRecordIndex), (8 bytes).
    Removing eventrecorder.o(.text.LockRecord), (82 bytes).
    Removing eventrecorder.o(.ARM.exidx.text.LockRecord), (8 bytes).
    Removing eventrecorder.o(.text.UnlockRecord), (72 bytes).
    Removing eventrecorder.o(.ARM.exidx.text.UnlockRecord), (8 bytes).
    Removing eventrecorder.o(.text.IncrementRecordsWritten), (16 bytes).
    Removing eventrecorder.o(.ARM.exidx.text.IncrementRecordsWritten), (8 bytes).
    Removing eventrecorder.o(.text.IncrementRecordsDumped), (16 bytes).
    Removing eventrecorder.o(.ARM.exidx.text.IncrementRecordsDumped), (8 bytes).
    Removing eventrecorder.o(.text.atomic_inc8), (52 bytes).
    Removing eventrecorder.o(.ARM.exidx.text.atomic_inc8), (8 bytes).
    Removing system_mkl25z4.o(.text), (0 bytes).
    Removing system_mkl25z4.o(.ARM.exidx.text.SystemInit), (8 bytes).
    Removing system_mkl25z4.o(.text.SystemCoreClockUpdate), (556 bytes).
    Removing system_mkl25z4.o(.ARM.exidx.text.SystemCoreClockUpdate), (8 bytes).
    Removing system_mkl25z4.o(.data.SystemCoreClock), (4 bytes).

85 unused section(s) (total 3506 bytes) removed from the image.

==============================================================================

Image Symbol Table

    Local Symbols

    Symbol Name                              Value     Ov Type        Size  Object(Section)

    ../clib/angel/boardlib.s                 0x00000000   Number         0  boardinit1.o ABSOLUTE
    ../clib/angel/boardlib.s                 0x00000000   Number         0  boardinit2.o ABSOLUTE
    ../clib/angel/boardlib.s                 0x00000000   Number         0  boardinit3.o ABSOLUTE
    ../clib/angel/boardlib.s                 0x00000000   Number         0  boardshut.o ABSOLUTE
    ../clib/angel/handlers.s                 0x00000000   Number         0  __scatter_zi.o ABSOLUTE
    ../clib/angel/kernel.s                   0x00000000   Number         0  __rtentry.o ABSOLUTE
    ../clib/angel/kernel.s                   0x00000000   Number         0  __rtentry2.o ABSOLUTE
    ../clib/angel/kernel.s                   0x00000000   Number         0  __rtentry4.o ABSOLUTE
    ../clib/angel/kernel.s                   0x00000000   Number         0  rtexit.o ABSOLUTE
    ../clib/angel/kernel.s                   0x00000000   Number         0  rtexit2.o ABSOLUTE
    ../clib/angel/rt.s                       0x00000000   Number         0  aeabi_idiv0.o ABSOLUTE
    ../clib/angel/rt.s                       0x00000000   Number         0  aeabi_idiv0_sigfpe.o ABSOLUTE
    ../clib/angel/rt.s                       0x00000000   Number         0  rt_div0.o ABSOLUTE
    ../clib/angel/rt.s                       0x00000000   Number         0  rt_raise.o ABSOLUTE
    ../clib/angel/scatterp.s                 0x00000000   Number         0  __scatter.o ABSOLUTE
    ../clib/angel/startup.s                  0x00000000   Number         0  __main.o ABSOLUTE
    ../clib/angel/sys.s                      0x00000000   Number         0  sys_stackheap_outer.o ABSOLUTE
    ../clib/angel/sys.s                      0x00000000   Number         0  libspace.o ABSOLUTE
    ../clib/angel/sys.s                      0x00000000   Number         0  tempstk.o ABSOLUTE
    ../clib/angel/sys.s                      0x00000000   Number         0  use_no_semi.o ABSOLUTE
    ../clib/angel/sys.s                      0x00000000   Number         0  indicate_semi.o ABSOLUTE
    ../clib/angel/sysapp.c                   0x00000000   Number         0  sys_exit.o ABSOLUTE
    ../clib/angel/sysapp.c                   0x00000000   Number         0  sys_exit_hlt.o ABSOLUTE
    ../clib/angel/sysapp.c                   0x00000000   Number         0  sys_wrch.o ABSOLUTE
    ../clib/angel/sysapp.c                   0x00000000   Number         0  sys_wrch_hlt.o ABSOLUTE
    ../clib/angel/sysapp.c                   0x00000000   Number         0  sys_command.o ABSOLUTE
    ../clib/angel/sysapp.c                   0x00000000   Number         0  sys_command_hlt.o ABSOLUTE
    ../clib/armsys.c                         0x00000000   Number         0  argv_veneer.o ABSOLUTE
    ../clib/armsys.c                         0x00000000   Number         0  _get_argv_nomalloc.o ABSOLUTE
    ../clib/armsys.c                         0x00000000   Number         0  no_argv.o ABSOLUTE
    ../clib/division.s                       0x00000000   Number         0  aeabi_sdiv.o ABSOLUTE
    ../clib/division.s                       0x00000000   Number         0  aeabi_sdiv_div0.o ABSOLUTE
    ../clib/heapalloc.c                      0x00000000   Number         0  hrguard.o ABSOLUTE
    ../clib/heapaux.c                        0x00000000   Number         0  heapauxi.o ABSOLUTE
    ../clib/libinit.s                        0x00000000   Number         0  libinit.o ABSOLUTE
    ../clib/libinit.s                        0x00000000   Number         0  libinit2.o ABSOLUTE
    ../clib/libinit.s                        0x00000000   Number         0  libshutdown.o ABSOLUTE
    ../clib/libinit.s                        0x00000000   Number         0  libshutdown2.o ABSOLUTE
    ../clib/memcpset.c                       0x00000000   Number         0  rt_memcpy.o ABSOLUTE
    ../clib/memcpset.c                       0x00000000   Number         0  rt_memcpy.o ABSOLUTE
    ../clib/memcpset.c                       0x00000000   Number         0  rt_memclr.o ABSOLUTE
    ../clib/signal.c                         0x00000000   Number         0  defsig_fpe_outer.o ABSOLUTE
    ../clib/signal.c                         0x00000000   Number         0  defsig_fpe_formal.o ABSOLUTE
    ../clib/signal.c                         0x00000000   Number         0  defsig_exit.o ABSOLUTE
    ../clib/signal.c                         0x00000000   Number         0  defsig_fpe_inner.o ABSOLUTE
    ../clib/signal.c                         0x00000000   Number         0  __raise.o ABSOLUTE
    ../clib/signal.c                         0x00000000   Number         0  defsig_general.o ABSOLUTE
    ../clib/signal.c                         0x00000000   Number         0  defsig_abrt_inner.o ABSOLUTE
    ../clib/signal.c                         0x00000000   Number         0  defsig_rtred_inner.o ABSOLUTE
    ../clib/signal.c                         0x00000000   Number         0  defsig_rtmem_inner.o ABSOLUTE
    ../clib/signal.c                         0x00000000   Number         0  defsig_rtmem_outer.o ABSOLUTE
    ../clib/signal.c                         0x00000000   Number         0  defsig_rtmem_formal.o ABSOLUTE
    ../clib/signal.c                         0x00000000   Number         0  defsig_stak_inner.o ABSOLUTE
    ../clib/signal.c                         0x00000000   Number         0  defsig_pvfn_inner.o ABSOLUTE
    ../clib/signal.c                         0x00000000   Number         0  defsig_cppl_inner.o ABSOLUTE
    ../clib/signal.c                         0x00000000   Number         0  defsig_segv_inner.o ABSOLUTE
    ../clib/signal.c                         0x00000000   Number         0  defsig_other.o ABSOLUTE
    ../clib/signal.s                         0x00000000   Number         0  defsig.o ABSOLUTE
    ../clib/stdlib.c                         0x00000000   Number         0  exit.o ABSOLUTE
    ../fplib/cfplib/fpinit.c                 0x00000000   Number         0  fpinit.o ABSOLUTE
    EventRecorder.c                          0x00000000   Number         0  eventrecorder.o ABSOLUTE
    RTE/Device/MKL25Z128xxx4/startup_MKL25Z4.s 0x00000000   Number         0  startup_mkl25z4.o ABSOLUTE
    UART.c                                   0x00000000   Number         0  uart.o ABSOLUTE
    adc.c                                    0x00000000   Number         0  adc.o ABSOLUTE
    dc.s                                     0x00000000   Number         0  dc.o ABSOLUTE
    dma.c                                    0x00000000   Number         0  dma.o ABSOLUTE
    main.c                                   0x00000000   Number         0  main.o ABSOLUTE
    pit.c                                    0x00000000   Number         0  pit.o ABSOLUTE
    system_MKL25Z4.c                         0x00000000   Number         0  system_mkl25z4.o ABSOLUTE
    RESET                                    0x00000000   Section      192  startup_mkl25z4.o(RESET)
    !!!main                                  0x000000c0   Section        8  __main.o(!!!main)
    !!!scatter                               0x000000c8   Section       60  __scatter.o(!!!scatter)
    !!handler_zi                             0x00000104   Section       28  __scatter_zi.o(!!handler_zi)
    .ARM.Collect$$libinit$$00000000          0x00000120   Section        2  libinit.o(.ARM.Collect$$libinit$$00000000)
    .ARM.Collect$$libinit$$00000002          0x00000122   Section        0  libinit2.o(.ARM.Collect$$libinit$$00000002)
    .ARM.Collect$$libinit$$00000004          0x00000122   Section        0  libinit2.o(.ARM.Collect$$libinit$$00000004)
    .ARM.Collect$$libinit$$0000000A          0x00000122   Section        0  libinit2.o(.ARM.Collect$$libinit$$0000000A)
    .ARM.Collect$$libinit$$0000000C          0x00000122   Section        0  libinit2.o(.ARM.Collect$$libinit$$0000000C)
    .ARM.Collect$$libinit$$0000000E          0x00000122   Section        0  libinit2.o(.ARM.Collect$$libinit$$0000000E)
    .ARM.Collect$$libinit$$00000011          0x00000122   Section        0  libinit2.o(.ARM.Collect$$libinit$$00000011)
    .ARM.Collect$$libinit$$00000013          0x00000122   Section        0  libinit2.o(.ARM.Collect$$libinit$$00000013)
    .ARM.Collect$$libinit$$00000015          0x00000122   Section        0  libinit2.o(.ARM.Collect$$libinit$$00000015)
    .ARM.Collect$$libinit$$00000017          0x00000122   Section        0  libinit2.o(.ARM.Collect$$libinit$$00000017)
    .ARM.Collect$$libinit$$00000019          0x00000122   Section        0  libinit2.o(.ARM.Collect$$libinit$$00000019)
    .ARM.Collect$$libinit$$0000001B          0x00000122   Section        0  libinit2.o(.ARM.Collect$$libinit$$0000001B)
    .ARM.Collect$$libinit$$0000001D          0x00000122   Section        0  libinit2.o(.ARM.Collect$$libinit$$0000001D)
    .ARM.Collect$$libinit$$0000001F          0x00000122   Section        0  libinit2.o(.ARM.Collect$$libinit$$0000001F)
    .ARM.Collect$$libinit$$00000021          0x00000122   Section        0  libinit2.o(.ARM.Collect$$libinit$$00000021)
    .ARM.Collect$$libinit$$00000023          0x00000122   Section        0  libinit2.o(.ARM.Collect$$libinit$$00000023)
    .ARM.Collect$$libinit$$00000025          0x00000122   Section        0  libinit2.o(.ARM.Collect$$libinit$$00000025)
    .ARM.Collect$$libinit$$0000002C          0x00000122   Section        0  libinit2.o(.ARM.Collect$$libinit$$0000002C)
    .ARM.Collect$$libinit$$0000002E          0x00000122   Section        0  libinit2.o(.ARM.Collect$$libinit$$0000002E)
    .ARM.Collect$$libinit$$00000030          0x00000122   Section        0  libinit2.o(.ARM.Collect$$libinit$$00000030)
    .ARM.Collect$$libinit$$00000032          0x00000122   Section        0  libinit2.o(.ARM.Collect$$libinit$$00000032)
    .ARM.Collect$$libinit$$00000033          0x00000122   Section        2  libinit2.o(.ARM.Collect$$libinit$$00000033)
    .ARM.Collect$$libshutdown$$00000000      0x00000124   Section        2  libshutdown.o(.ARM.Collect$$libshutdown$$00000000)
    .ARM.Collect$$libshutdown$$00000002      0x00000126   Section        0  libshutdown2.o(.ARM.Collect$$libshutdown$$00000002)
    .ARM.Collect$$libshutdown$$00000004      0x00000126   Section        0  libshutdown2.o(.ARM.Collect$$libshutdown$$00000004)
    .ARM.Collect$$libshutdown$$00000007      0x00000126   Section        0  libshutdown2.o(.ARM.Collect$$libshutdown$$00000007)
    .ARM.Collect$$libshutdown$$0000000A      0x00000126   Section        0  libshutdown2.o(.ARM.Collect$$libshutdown$$0000000A)
    .ARM.Collect$$libshutdown$$0000000C      0x00000126   Section        0  libshutdown2.o(.ARM.Collect$$libshutdown$$0000000C)
    .ARM.Collect$$libshutdown$$0000000F      0x00000126   Section        0  libshutdown2.o(.ARM.Collect$$libshutdown$$0000000F)
    .ARM.Collect$$libshutdown$$00000010      0x00000126   Section        2  libshutdown2.o(.ARM.Collect$$libshutdown$$00000010)
    .ARM.Collect$$rtentry$$00000000          0x00000128   Section        0  __rtentry.o(.ARM.Collect$$rtentry$$00000000)
    .ARM.Collect$$rtentry$$00000002          0x00000128   Section        0  __rtentry2.o(.ARM.Collect$$rtentry$$00000002)
    .ARM.Collect$$rtentry$$00000004          0x00000128   Section        6  __rtentry4.o(.ARM.Collect$$rtentry$$00000004)
    .ARM.Collect$$rtentry$$00000009          0x0000012e   Section        0  __rtentry2.o(.ARM.Collect$$rtentry$$00000009)
    .ARM.Collect$$rtentry$$0000000A          0x0000012e   Section        4  __rtentry2.o(.ARM.Collect$$rtentry$$0000000A)
    .ARM.Collect$$rtentry$$0000000C          0x00000132   Section        0  __rtentry2.o(.ARM.Collect$$rtentry$$0000000C)
    .ARM.Collect$$rtentry$$0000000D          0x00000132   Section        8  __rtentry2.o(.ARM.Collect$$rtentry$$0000000D)
    .ARM.Collect$$rtexit$$00000000           0x0000013a   Section        2  rtexit.o(.ARM.Collect$$rtexit$$00000000)
    .ARM.Collect$$rtexit$$00000002           0x0000013c   Section        0  rtexit2.o(.ARM.Collect$$rtexit$$00000002)
    .ARM.Collect$$rtexit$$00000003           0x0000013c   Section        4  rtexit2.o(.ARM.Collect$$rtexit$$00000003)
    .ARM.Collect$$rtexit$$00000004           0x00000140   Section        6  rtexit2.o(.ARM.Collect$$rtexit$$00000004)
    .text                                    0x00000148   Section       64  startup_mkl25z4.o(.text)
    .text                                    0x00000188   Section        0  heapauxi.o(.text)
    .text                                    0x0000018e   Section       62  sys_stackheap_outer.o(.text)
    .text                                    0x000001cc   Section        0  exit.o(.text)
    .text                                    0x000001dc   Section        8  libspace.o(.text)
    .text                                    0x000001e4   Section        0  sys_exit.o(.text)
    .text                                    0x000001f0   Section        2  use_no_semi.o(.text)
    .text                                    0x000001f2   Section        0  indicate_semi.o(.text)
    [Anonymous Symbol]                       0x000001f4   Section        0  dma.o(.text.DMA0_IRQHandler)
    __arm_cp.4_0                             0x00000220   Number         4  dma.o(.text.DMA0_IRQHandler)
    __arm_cp.4_1                             0x00000224   Number         4  dma.o(.text.DMA0_IRQHandler)
    __arm_cp.4_2                             0x00000228   Number         4  dma.o(.text.DMA0_IRQHandler)
    [Anonymous Symbol]                       0x0000022c   Section        0  uart.o(.text.Init_UART)
    __arm_cp.0_0                             0x000002cc   Number         4  uart.o(.text.Init_UART)
    __arm_cp.0_1                             0x000002d0   Number         4  uart.o(.text.Init_UART)
    __arm_cp.0_2                             0x000002d4   Number         4  uart.o(.text.Init_UART)
    __arm_cp.0_3                             0x000002d8   Number         4  uart.o(.text.Init_UART)
    __arm_cp.0_4                             0x000002dc   Number         4  uart.o(.text.Init_UART)
    __arm_cp.0_5                             0x000002e0   Number         4  uart.o(.text.Init_UART)
    __arm_cp.0_6                             0x000002e4   Number         4  uart.o(.text.Init_UART)
    __arm_cp.0_7                             0x000002e8   Number         4  uart.o(.text.Init_UART)
    __arm_cp.0_8                             0x000002ec   Number         4  uart.o(.text.Init_UART)
    __arm_cp.0_9                             0x000002f0   Number         4  uart.o(.text.Init_UART)
    __arm_cp.0_11                            0x000002f4   Number         4  uart.o(.text.Init_UART)
    [Anonymous Symbol]                       0x000002f8   Section        0  pit.o(.text.PIT_IRQHandler)
    __arm_cp.4_0                             0x0000033c   Number         4  pit.o(.text.PIT_IRQHandler)
    __arm_cp.4_1                             0x00000340   Number         4  pit.o(.text.PIT_IRQHandler)
    [Anonymous Symbol]                       0x00000344   Section        0  system_mkl25z4.o(.text.SystemInit)
    __arm_cp.0_0                             0x0000034c   Number         4  system_mkl25z4.o(.text.SystemInit)
    [Anonymous Symbol]                       0x00000350   Section        0  uart.o(.text.TransmitBufferCreate)
    __arm_cp.3_0                             0x000003b0   Number         4  uart.o(.text.TransmitBufferCreate)
    __arm_cp.3_1                             0x000003b4   Number         4  uart.o(.text.TransmitBufferCreate)
    __arm_cp.3_2                             0x000003b8   Number         4  uart.o(.text.TransmitBufferCreate)
    __arm_cp.3_3                             0x000003bc   Number         4  uart.o(.text.TransmitBufferCreate)
    __arm_cp.3_4                             0x000003c0   Number         4  uart.o(.text.TransmitBufferCreate)
    __arm_cp.3_5                             0x000003c4   Number         4  uart.o(.text.TransmitBufferCreate)
    __arm_cp.3_7                             0x000003c8   Number         4  uart.o(.text.TransmitBufferCreate)
    __NVIC_ClearPendingIRQ                   0x000003cd   Thumb Code    40  dma.o(.text.__NVIC_ClearPendingIRQ)
    [Anonymous Symbol]                       0x000003cc   Section        0  dma.o(.text.__NVIC_ClearPendingIRQ)
    .ARM.__at_0x400                          0x00000400   Section       16  startup_mkl25z4.o(.ARM.__at_0x400)
    [Anonymous Symbol]                       0x00000410   Section        0  uart.o(.text.UART0_Transmit_DMA)
    __arm_cp.1_0                             0x00000448   Number         4  uart.o(.text.UART0_Transmit_DMA)
    __arm_cp.1_1                             0x0000044c   Number         4  uart.o(.text.UART0_Transmit_DMA)
    __arm_cp.1_2                             0x00000450   Number         4  uart.o(.text.UART0_Transmit_DMA)
    __arm_cp.1_3                             0x00000454   Number         4  uart.o(.text.UART0_Transmit_DMA)
    __NVIC_ClearPendingIRQ                   0x00000459   Thumb Code    40  pit.o(.text.__NVIC_ClearPendingIRQ)
    [Anonymous Symbol]                       0x00000458   Section        0  pit.o(.text.__NVIC_ClearPendingIRQ)
    __arm_cp.2_0                             0x00000480   Number         4  pit.o(.text.__NVIC_ClearPendingIRQ)
    __NVIC_EnableIRQ                         0x00000485   Thumb Code    40  dma.o(.text.__NVIC_EnableIRQ)
    [Anonymous Symbol]                       0x00000484   Section        0  dma.o(.text.__NVIC_EnableIRQ)
    __NVIC_EnableIRQ                         0x000004ad   Thumb Code    40  pit.o(.text.__NVIC_EnableIRQ)
    [Anonymous Symbol]                       0x000004ac   Section        0  pit.o(.text.__NVIC_EnableIRQ)
    __arm_cp.3_0                             0x000004d4   Number         4  pit.o(.text.__NVIC_EnableIRQ)
    __NVIC_SetPriority                       0x000004d9   Thumb Code   128  dma.o(.text.__NVIC_SetPriority)
    [Anonymous Symbol]                       0x000004d8   Section        0  dma.o(.text.__NVIC_SetPriority)
    __NVIC_SetPriority                       0x00000559   Thumb Code   128  pit.o(.text.__NVIC_SetPriority)
    [Anonymous Symbol]                       0x00000558   Section        0  pit.o(.text.__NVIC_SetPriority)
    __arm_cp.1_0                             0x000005d8   Number         4  pit.o(.text.__NVIC_SetPriority)
    __arm_cp.1_1                             0x000005dc   Number         4  pit.o(.text.__NVIC_SetPriority)
    [Anonymous Symbol]                       0x000005e0   Section        0  adc.o(.text.adc_init)
    __arm_cp.0_1                             0x00000680   Number         4  adc.o(.text.adc_init)
    __arm_cp.0_3                             0x00000684   Number         4  adc.o(.text.adc_init)
    __arm_cp.0_4                             0x00000688   Number         4  adc.o(.text.adc_init)
    __arm_cp.0_5                             0x0000068c   Number         4  adc.o(.text.adc_init)
    __arm_cp.0_6                             0x00000690   Number         4  adc.o(.text.adc_init)
    __arm_cp.0_7                             0x00000694   Number         4  adc.o(.text.adc_init)
    __arm_cp.0_8                             0x00000698   Number         4  adc.o(.text.adc_init)
    __arm_cp.0_9                             0x0000069c   Number         4  adc.o(.text.adc_init)
    [Anonymous Symbol]                       0x000006a0   Section        0  adc.o(.text.adc_read)
    __arm_cp.2_0                             0x000006c4   Number         4  adc.o(.text.adc_read)
    __arm_cp.2_1                             0x000006c8   Number         4  adc.o(.text.adc_read)
    [Anonymous Symbol]                       0x000006cc   Section        0  dma.o(.text.dma_init)
    __arm_cp.0_1                             0x00000758   Number         4  dma.o(.text.dma_init)
    __arm_cp.0_2                             0x0000075c   Number         4  dma.o(.text.dma_init)
    __arm_cp.0_3                             0x00000760   Number         4  dma.o(.text.dma_init)
    __arm_cp.0_4                             0x00000764   Number         4  dma.o(.text.dma_init)
    __arm_cp.0_5                             0x00000768   Number         4  dma.o(.text.dma_init)
    __arm_cp.0_6                             0x0000076c   Number         4  dma.o(.text.dma_init)
    __arm_cp.0_7                             0x00000770   Number         4  dma.o(.text.dma_init)
    __arm_cp.0_8                             0x00000774   Number         4  dma.o(.text.dma_init)
    __arm_cp.0_9                             0x00000778   Number         4  dma.o(.text.dma_init)
    [Anonymous Symbol]                       0x0000077c   Section        0  adc.o(.text.internal_calibration_adc)
    __arm_cp.1_0                             0x00000848   Number         4  adc.o(.text.internal_calibration_adc)
    __arm_cp.1_1                             0x0000084c   Number         4  adc.o(.text.internal_calibration_adc)
    __arm_cp.1_2                             0x00000850   Number         4  adc.o(.text.internal_calibration_adc)
    __arm_cp.1_3                             0x00000854   Number         4  adc.o(.text.internal_calibration_adc)
    __arm_cp.1_4                             0x00000858   Number         4  adc.o(.text.internal_calibration_adc)
    __arm_cp.1_5                             0x0000085c   Number         4  adc.o(.text.internal_calibration_adc)
    __arm_cp.1_6                             0x00000860   Number         4  adc.o(.text.internal_calibration_adc)
    __arm_cp.1_7                             0x00000864   Number         4  adc.o(.text.internal_calibration_adc)
    __arm_cp.1_8                             0x00000868   Number         4  adc.o(.text.internal_calibration_adc)
    __arm_cp.1_9                             0x0000086c   Number         4  adc.o(.text.internal_calibration_adc)
    __arm_cp.1_10                            0x00000870   Number         4  adc.o(.text.internal_calibration_adc)
    __arm_cp.1_11                            0x00000874   Number         4  adc.o(.text.internal_calibration_adc)
    __arm_cp.1_12                            0x00000878   Number         4  adc.o(.text.internal_calibration_adc)
    __arm_cp.1_13                            0x0000087c   Number         4  adc.o(.text.internal_calibration_adc)
    __arm_cp.1_14                            0x00000880   Number         4  adc.o(.text.internal_calibration_adc)
    __arm_cp.1_15                            0x00000884   Number         4  adc.o(.text.internal_calibration_adc)
    [Anonymous Symbol]                       0x00000888   Section        0  main.o(.text.main)
    __arm_cp.0_0                             0x0000090c   Number         4  main.o(.text.main)
    __arm_cp.0_1                             0x00000910   Number         4  main.o(.text.main)
    __arm_cp.0_2                             0x00000914   Number         4  main.o(.text.main)
    __arm_cp.0_3                             0x00000918   Number         4  main.o(.text.main)
    [Anonymous Symbol]                       0x0000091c   Section        0  pit.o(.text.pit_init)
    __arm_cp.0_0                             0x00000970   Number         4  pit.o(.text.pit_init)
    __arm_cp.0_1                             0x00000974   Number         4  pit.o(.text.pit_init)
    __arm_cp.0_2                             0x00000978   Number         4  pit.o(.text.pit_init)
    __arm_cp.0_3                             0x0000097c   Number         4  pit.o(.text.pit_init)
    __arm_cp.0_4                             0x00000980   Number         4  pit.o(.text.pit_init)
    __tagsym$$used.0                         0x00000984   Number         0  eventrecorder.o(.rodata.EventRecorderInfo)
    .bss                                     0x1ffff000   Section       96  libspace.o(.bss)
    EventBuffer                              0x1ffff0c0   Data        1024  eventrecorder.o(.bss.noinit)
    [Anonymous Symbol]                       0x1ffff0c0   Section        0  eventrecorder.o(.bss.noinit)
    EventFilter                              0x1ffff4c0   Data         128  eventrecorder.o(.bss.noinit)
    EventStatus                              0x1ffff540   Data          36  eventrecorder.o(.bss.noinit)
    TimeStamp                                0x1ffff564   Data           4  eventrecorder.o(.bss.noinit)
    Heap_Mem                                 0x1ffff590   Data           0  startup_mkl25z4.o(HEAP)
    Stack_Mem                                0x1ffff590   Data         256  startup_mkl25z4.o(STACK)
    HEAP                                     0x1ffff590   Section        0  startup_mkl25z4.o(HEAP)
    STACK                                    0x1ffff590   Section      256  startup_mkl25z4.o(STACK)
    __initial_sp                             0x1ffff690   Data           0  startup_mkl25z4.o(STACK)

    Global Symbols

    Symbol Name                              Value     Ov Type        Size  Object(Section)

    BuildAttributes$$THM_ISAv3M$S$PE$A:L22$X:L11$S22$IEEE1$IW$~IW$USESV6$~STKCKD$USESV7$~SHL$OSPACE$ROPI$EBA8$UX$STANDARDLIB$REQ8$PRES8$EABIv2 0x00000000   Number         0  anon$$obj.o ABSOLUTE
    __Vectors                                0x00000000   Data           4  startup_mkl25z4.o(RESET)
    __ARM_exceptions_init                     - Undefined Weak Reference
    __alloca_initialize                       - Undefined Weak Reference
    __arm_preinit_                            - Undefined Weak Reference
    __cpp_initialize__aeabi_                  - Undefined Weak Reference
    __cxa_finalize                            - Undefined Weak Reference
    __rt_locale                               - Undefined Weak Reference
    __sigvec_lookup                           - Undefined Weak Reference
    _atexit_init                              - Undefined Weak Reference
    _call_atexit_fns                          - Undefined Weak Reference
    _clock_init                               - Undefined Weak Reference
    _fp_trap_init                             - Undefined Weak Reference
    _fp_trap_shutdown                         - Undefined Weak Reference
    _get_lc_collate                           - Undefined Weak Reference
    _get_lc_ctype                             - Undefined Weak Reference
    _get_lc_monetary                          - Undefined Weak Reference
    _get_lc_numeric                           - Undefined Weak Reference
    _get_lc_time                              - Undefined Weak Reference
    _getenv_init                              - Undefined Weak Reference
    _handle_redirection                       - Undefined Weak Reference
    _init_alloc                               - Undefined Weak Reference
    _init_user_alloc                          - Undefined Weak Reference
    _initio                                   - Undefined Weak Reference
    _rand_init                                - Undefined Weak Reference
    _signal_finish                            - Undefined Weak Reference
    _signal_init                              - Undefined Weak Reference
    _terminate_alloc                          - Undefined Weak Reference
    _terminate_user_alloc                     - Undefined Weak Reference
    _terminateio                              - Undefined Weak Reference
    __Vectors_End                            0x000000c0   Data           0  startup_mkl25z4.o(RESET)
    __Vectors_Size                           0x000000c0   Number         0  startup_mkl25z4.o ABSOLUTE
    __main                                   0x000000c1   Thumb Code     8  __main.o(!!!main)
    __scatterload                            0x000000c9   Thumb Code     0  __scatter.o(!!!scatter)
    __scatterload_rt2                        0x000000c9   Thumb Code    52  __scatter.o(!!!scatter)
    __scatterload_rt2_thumb_only             0x000000c9   Thumb Code     0  __scatter.o(!!!scatter)
    __scatterload_null                       0x000000d9   Thumb Code     0  __scatter.o(!!!scatter)
    __scatterload_zeroinit                   0x00000105   Thumb Code    28  __scatter_zi.o(!!handler_zi)
    __rt_lib_init                            0x00000121   Thumb Code     0  libinit.o(.ARM.Collect$$libinit$$00000000)
    __rt_lib_init_alloca_1                   0x00000123   Thumb Code     0  libinit2.o(.ARM.Collect$$libinit$$0000002E)
    __rt_lib_init_argv_1                     0x00000123   Thumb Code     0  libinit2.o(.ARM.Collect$$libinit$$0000002C)
    __rt_lib_init_atexit_1                   0x00000123   Thumb Code     0  libinit2.o(.ARM.Collect$$libinit$$0000001B)
    __rt_lib_init_clock_1                    0x00000123   Thumb Code     0  libinit2.o(.ARM.Collect$$libinit$$00000021)
    __rt_lib_init_cpp_1                      0x00000123   Thumb Code     0  libinit2.o(.ARM.Collect$$libinit$$00000032)
    __rt_lib_init_exceptions_1               0x00000123   Thumb Code     0  libinit2.o(.ARM.Collect$$libinit$$00000030)
    __rt_lib_init_fp_1                       0x00000123   Thumb Code     0  libinit2.o(.ARM.Collect$$libinit$$00000002)
    __rt_lib_init_fp_trap_1                  0x00000123   Thumb Code     0  libinit2.o(.ARM.Collect$$libinit$$0000001F)
    __rt_lib_init_getenv_1                   0x00000123   Thumb Code     0  libinit2.o(.ARM.Collect$$libinit$$00000023)
    __rt_lib_init_heap_1                     0x00000123   Thumb Code     0  libinit2.o(.ARM.Collect$$libinit$$0000000A)
    __rt_lib_init_lc_collate_1               0x00000123   Thumb Code     0  libinit2.o(.ARM.Collect$$libinit$$00000011)
    __rt_lib_init_lc_ctype_1                 0x00000123   Thumb Code     0  libinit2.o(.ARM.Collect$$libinit$$00000013)
    __rt_lib_init_lc_monetary_1              0x00000123   Thumb Code     0  libinit2.o(.ARM.Collect$$libinit$$00000015)
    __rt_lib_init_lc_numeric_1               0x00000123   Thumb Code     0  libinit2.o(.ARM.Collect$$libinit$$00000017)
    __rt_lib_init_lc_time_1                  0x00000123   Thumb Code     0  libinit2.o(.ARM.Collect$$libinit$$00000019)
    __rt_lib_init_preinit_1                  0x00000123   Thumb Code     0  libinit2.o(.ARM.Collect$$libinit$$00000004)
    __rt_lib_init_rand_1                     0x00000123   Thumb Code     0  libinit2.o(.ARM.Collect$$libinit$$0000000E)
    __rt_lib_init_return                     0x00000123   Thumb Code     0  libinit2.o(.ARM.Collect$$libinit$$00000033)
    __rt_lib_init_signal_1                   0x00000123   Thumb Code     0  libinit2.o(.ARM.Collect$$libinit$$0000001D)
    __rt_lib_init_stdio_1                    0x00000123   Thumb Code     0  libinit2.o(.ARM.Collect$$libinit$$00000025)
    __rt_lib_init_user_alloc_1               0x00000123   Thumb Code     0  libinit2.o(.ARM.Collect$$libinit$$0000000C)
    __rt_lib_shutdown                        0x00000125   Thumb Code     0  libshutdown.o(.ARM.Collect$$libshutdown$$00000000)
    __rt_lib_shutdown_cpp_1                  0x00000127   Thumb Code     0  libshutdown2.o(.ARM.Collect$$libshutdown$$00000002)
    __rt_lib_shutdown_fp_trap_1              0x00000127   Thumb Code     0  libshutdown2.o(.ARM.Collect$$libshutdown$$00000007)
    __rt_lib_shutdown_heap_1                 0x00000127   Thumb Code     0  libshutdown2.o(.ARM.Collect$$libshutdown$$0000000F)
    __rt_lib_shutdown_return                 0x00000127   Thumb Code     0  libshutdown2.o(.ARM.Collect$$libshutdown$$00000010)
    __rt_lib_shutdown_signal_1               0x00000127   Thumb Code     0  libshutdown2.o(.ARM.Collect$$libshutdown$$0000000A)
    __rt_lib_shutdown_stdio_1                0x00000127   Thumb Code     0  libshutdown2.o(.ARM.Collect$$libshutdown$$00000004)
    __rt_lib_shutdown_user_alloc_1           0x00000127   Thumb Code     0  libshutdown2.o(.ARM.Collect$$libshutdown$$0000000C)
    __rt_entry                               0x00000129   Thumb Code     0  __rtentry.o(.ARM.Collect$$rtentry$$00000000)
    __rt_entry_presh_1                       0x00000129   Thumb Code     0  __rtentry2.o(.ARM.Collect$$rtentry$$00000002)
    __rt_entry_sh                            0x00000129   Thumb Code     0  __rtentry4.o(.ARM.Collect$$rtentry$$00000004)
    __rt_entry_li                            0x0000012f   Thumb Code     0  __rtentry2.o(.ARM.Collect$$rtentry$$0000000A)
    __rt_entry_postsh_1                      0x0000012f   Thumb Code     0  __rtentry2.o(.ARM.Collect$$rtentry$$00000009)
    __rt_entry_main                          0x00000133   Thumb Code     0  __rtentry2.o(.ARM.Collect$$rtentry$$0000000D)
    __rt_entry_postli_1                      0x00000133   Thumb Code     0  __rtentry2.o(.ARM.Collect$$rtentry$$0000000C)
    __rt_exit                                0x0000013b   Thumb Code     0  rtexit.o(.ARM.Collect$$rtexit$$00000000)
    __rt_exit_ls                             0x0000013d   Thumb Code     0  rtexit2.o(.ARM.Collect$$rtexit$$00000003)
    __rt_exit_prels_1                        0x0000013d   Thumb Code     0  rtexit2.o(.ARM.Collect$$rtexit$$00000002)
    __rt_exit_exit                           0x00000141   Thumb Code     0  rtexit2.o(.ARM.Collect$$rtexit$$00000004)
    Reset_Handler                            0x00000149   Thumb Code    12  startup_mkl25z4.o(.text)
    NMI_Handler                              0x00000155   Thumb Code     2  startup_mkl25z4.o(.text)
    HardFault_Handler                        0x00000157   Thumb Code     2  startup_mkl25z4.o(.text)
    SVC_Handler                              0x00000159   Thumb Code     2  startup_mkl25z4.o(.text)
    PendSV_Handler                           0x0000015b   Thumb Code     2  startup_mkl25z4.o(.text)
    SysTick_Handler                          0x0000015d   Thumb Code     2  startup_mkl25z4.o(.text)
    ADC0_IRQHandler                          0x0000015f   Thumb Code     0  startup_mkl25z4.o(.text)
    CMP0_IRQHandler                          0x0000015f   Thumb Code     0  startup_mkl25z4.o(.text)
    DAC0_IRQHandler                          0x0000015f   Thumb Code     0  startup_mkl25z4.o(.text)
    DMA1_IRQHandler                          0x0000015f   Thumb Code     0  startup_mkl25z4.o(.text)
    DMA2_IRQHandler                          0x0000015f   Thumb Code     0  startup_mkl25z4.o(.text)
    DMA3_IRQHandler                          0x0000015f   Thumb Code     0  startup_mkl25z4.o(.text)
    DefaultISR                               0x0000015f   Thumb Code     0  startup_mkl25z4.o(.text)
    FTFA_IRQHandler                          0x0000015f   Thumb Code     0  startup_mkl25z4.o(.text)
    I2C0_IRQHandler                          0x0000015f   Thumb Code     0  startup_mkl25z4.o(.text)
    I2C1_IRQHandler                          0x0000015f   Thumb Code     0  startup_mkl25z4.o(.text)
    LLWU_IRQHandler                          0x0000015f   Thumb Code     0  startup_mkl25z4.o(.text)
    LPTMR0_IRQHandler                        0x0000015f   Thumb Code     0  startup_mkl25z4.o(.text)
    LVD_LVW_IRQHandler                       0x0000015f   Thumb Code     0  startup_mkl25z4.o(.text)
    MCG_IRQHandler                           0x0000015f   Thumb Code     0  startup_mkl25z4.o(.text)
    PORTA_IRQHandler                         0x0000015f   Thumb Code     0  startup_mkl25z4.o(.text)
    PORTD_IRQHandler                         0x0000015f   Thumb Code     0  startup_mkl25z4.o(.text)
    RTC_IRQHandler                           0x0000015f   Thumb Code     0  startup_mkl25z4.o(.text)
    RTC_Seconds_IRQHandler                   0x0000015f   Thumb Code     0  startup_mkl25z4.o(.text)
    Reserved20_IRQHandler                    0x0000015f   Thumb Code     0  startup_mkl25z4.o(.text)
    Reserved39_IRQHandler                    0x0000015f   Thumb Code     0  startup_mkl25z4.o(.text)
    Reserved45_IRQHandler                    0x0000015f   Thumb Code     0  startup_mkl25z4.o(.text)
    SPI0_IRQHandler                          0x0000015f   Thumb Code     0  startup_mkl25z4.o(.text)
    SPI1_IRQHandler                          0x0000015f   Thumb Code     0  startup_mkl25z4.o(.text)
    TPM0_IRQHandler                          0x0000015f   Thumb Code     0  startup_mkl25z4.o(.text)
    TPM1_IRQHandler                          0x0000015f   Thumb Code     0  startup_mkl25z4.o(.text)
    TPM2_IRQHandler                          0x0000015f   Thumb Code     0  startup_mkl25z4.o(.text)
    TSI0_IRQHandler                          0x0000015f   Thumb Code     0  startup_mkl25z4.o(.text)
    UART0_IRQHandler                         0x0000015f   Thumb Code     0  startup_mkl25z4.o(.text)
    UART1_IRQHandler                         0x0000015f   Thumb Code     0  startup_mkl25z4.o(.text)
    UART2_IRQHandler                         0x0000015f   Thumb Code     0  startup_mkl25z4.o(.text)
    USB0_IRQHandler                          0x0000015f   Thumb Code     0  startup_mkl25z4.o(.text)
    __user_initial_stackheap                 0x00000165   Thumb Code     0  startup_mkl25z4.o(.text)
    __use_two_region_memory                  0x00000189   Thumb Code     2  heapauxi.o(.text)
    __rt_heap_escrow$2region                 0x0000018b   Thumb Code     2  heapauxi.o(.text)
    __rt_heap_expand$2region                 0x0000018d   Thumb Code     2  heapauxi.o(.text)
    __user_setup_stackheap                   0x0000018f   Thumb Code    62  sys_stackheap_outer.o(.text)
    exit                                     0x000001cd   Thumb Code    16  exit.o(.text)
    __user_libspace                          0x000001dd   Thumb Code     8  libspace.o(.text)
    __user_perproc_libspace                  0x000001dd   Thumb Code     0  libspace.o(.text)
    __user_perthread_libspace                0x000001dd   Thumb Code     0  libspace.o(.text)
    _sys_exit                                0x000001e5   Thumb Code     8  sys_exit.o(.text)
    __I$use$semihosting                      0x000001f1   Thumb Code     0  use_no_semi.o(.text)
    __use_no_semihosting_swi                 0x000001f1   Thumb Code     2  use_no_semi.o(.text)
    __semihosting_library_function           0x000001f3   Thumb Code     0  indicate_semi.o(.text)
    DMA0_IRQHandler                          0x000001f5   Thumb Code    44  dma.o(.text.DMA0_IRQHandler)
    Init_UART                                0x0000022d   Thumb Code   160  uart.o(.text.Init_UART)
    PIT_IRQHandler                           0x000002f9   Thumb Code    68  pit.o(.text.PIT_IRQHandler)
    SystemInit                               0x00000345   Thumb Code     8  system_mkl25z4.o(.text.SystemInit)
    TransmitBufferCreate                     0x00000351   Thumb Code    96  uart.o(.text.TransmitBufferCreate)
    UART0_Transmit_DMA                       0x00000411   Thumb Code    56  uart.o(.text.UART0_Transmit_DMA)
    adc_init                                 0x000005e1   Thumb Code   160  adc.o(.text.adc_init)
    adc_read                                 0x000006a1   Thumb Code    36  adc.o(.text.adc_read)
    dma_init                                 0x000006cd   Thumb Code   140  dma.o(.text.dma_init)
    internal_calibration_adc                 0x0000077d   Thumb Code   204  adc.o(.text.internal_calibration_adc)
    main                                     0x00000889   Thumb Code   132  main.o(.text.main)
    pit_init                                 0x0000091d   Thumb Code    84  pit.o(.text.pit_init)
    EventRecorderInfo                        0x00000984   Data          24  eventrecorder.o(.rodata.EventRecorderInfo)
    Region$$Table$$Base                      0x0000099c   Number         0  anon$$obj.o(Region$$Table)
    Region$$Table$$Limit                     0x000009ac   Number         0  anon$$obj.o(Region$$Table)
    __libspace_start                         0x1ffff000   Data          96  libspace.o(.bss)
    CH_idx                                   0x1ffff060   Data          32  adc.o(.bss.CH_idx)
    __temporary_stack_top$libspace           0x1ffff060   Data           0  libspace.o(.bss)
    GloveInputs                              0x1ffff080   Data          32  dma.o(.bss.GloveInputs)
    Transmit_Done                            0x1ffff0a0   Data           1  uart.o(.bss.Transmit_Done)
    cal_val                                  0x1ffff0a1   Data           1  uart.o(.bss.cal_val)
    conversion_done                          0x1ffff0a4   Data           4  dma.o(.bss.conversion_done)
    counter                                  0x1ffff0a8   Data           4  pit.o(.bss.counter)
    index                                    0x1ffff0ac   Data           4  main.o(.bss.index)
    shiftedindex                             0x1ffff568   Data           4  uart.o(.bss.shiftedindex)
    shiftedmiddle                            0x1ffff56c   Data           4  uart.o(.bss.shiftedmiddle)
    shiftedpinky                             0x1ffff570   Data           4  uart.o(.bss.shiftedpinky)
    shiftedring                              0x1ffff574   Data           4  uart.o(.bss.shiftedring)
    shiftedthumb                             0x1ffff578   Data           4  uart.o(.bss.shiftedthumb)
    transmitbuffer                           0x1ffff57c   Data          11  uart.o(.bss.transmitbuffer)
    while_flag                               0x1ffff588   Data           4  dma.o(.bss.while_flag)



==============================================================================

Memory Map of the image

  Image Entry point : 0x00000149

  Load Region LR_1 (Base: 0x00000000, Size: 0x000009ac, Max: 0xffffffff, ABSOLUTE)

    Execution Region ER_RO (Exec base: 0x00000000, Load base: 0x00000000, Size: 0x000009ac, Max: 0xffffffff, ABSOLUTE)

    Exec Addr    Load Addr    Size         Type   Attr      Idx    E Section Name        Object

    0x00000000   0x00000000   0x000000c0   Data   RO          151    RESET               startup_mkl25z4.o
    0x000000c0   0x000000c0   0x00000008   Code   RO          187  * !!!main             c_p.l(__main.o)
    0x000000c8   0x000000c8   0x0000003c   Code   RO          362    !!!scatter          c_p.l(__scatter.o)
    0x00000104   0x00000104   0x0000001c   Code   RO          364    !!handler_zi        c_p.l(__scatter_zi.o)
    0x00000120   0x00000120   0x00000002   Code   RO          225    .ARM.Collect$$libinit$$00000000  c_p.l(libinit.o)
    0x00000122   0x00000122   0x00000000   Code   RO          239    .ARM.Collect$$libinit$$00000002  c_p.l(libinit2.o)
    0x00000122   0x00000122   0x00000000   Code   RO          241    .ARM.Collect$$libinit$$00000004  c_p.l(libinit2.o)
    0x00000122   0x00000122   0x00000000   Code   RO          244    .ARM.Collect$$libinit$$0000000A  c_p.l(libinit2.o)
    0x00000122   0x00000122   0x00000000   Code   RO          246    .ARM.Collect$$libinit$$0000000C  c_p.l(libinit2.o)
    0x00000122   0x00000122   0x00000000   Code   RO          248    .ARM.Collect$$libinit$$0000000E  c_p.l(libinit2.o)
    0x00000122   0x00000122   0x00000000   Code   RO          251    .ARM.Collect$$libinit$$00000011  c_p.l(libinit2.o)
    0x00000122   0x00000122   0x00000000   Code   RO          253    .ARM.Collect$$libinit$$00000013  c_p.l(libinit2.o)
    0x00000122   0x00000122   0x00000000   Code   RO          255    .ARM.Collect$$libinit$$00000015  c_p.l(libinit2.o)
    0x00000122   0x00000122   0x00000000   Code   RO          257    .ARM.Collect$$libinit$$00000017  c_p.l(libinit2.o)
    0x00000122   0x00000122   0x00000000   Code   RO          259    .ARM.Collect$$libinit$$00000019  c_p.l(libinit2.o)
    0x00000122   0x00000122   0x00000000   Code   RO          261    .ARM.Collect$$libinit$$0000001B  c_p.l(libinit2.o)
    0x00000122   0x00000122   0x00000000   Code   RO          263    .ARM.Collect$$libinit$$0000001D  c_p.l(libinit2.o)
    0x00000122   0x00000122   0x00000000   Code   RO          265    .ARM.Collect$$libinit$$0000001F  c_p.l(libinit2.o)
    0x00000122   0x00000122   0x00000000   Code   RO          267    .ARM.Collect$$libinit$$00000021  c_p.l(libinit2.o)
    0x00000122   0x00000122   0x00000000   Code   RO          269    .ARM.Collect$$libinit$$00000023  c_p.l(libinit2.o)
    0x00000122   0x00000122   0x00000000   Code   RO          271    .ARM.Collect$$libinit$$00000025  c_p.l(libinit2.o)
    0x00000122   0x00000122   0x00000000   Code   RO          275    .ARM.Collect$$libinit$$0000002C  c_p.l(libinit2.o)
    0x00000122   0x00000122   0x00000000   Code   RO          277    .ARM.Collect$$libinit$$0000002E  c_p.l(libinit2.o)
    0x00000122   0x00000122   0x00000000   Code   RO          279    .ARM.Collect$$libinit$$00000030  c_p.l(libinit2.o)
    0x00000122   0x00000122   0x00000000   Code   RO          281    .ARM.Collect$$libinit$$00000032  c_p.l(libinit2.o)
    0x00000122   0x00000122   0x00000002   Code   RO          282    .ARM.Collect$$libinit$$00000033  c_p.l(libinit2.o)
    0x00000124   0x00000124   0x00000002   Code   RO          317    .ARM.Collect$$libshutdown$$00000000  c_p.l(libshutdown.o)
    0x00000126   0x00000126   0x00000000   Code   RO          345    .ARM.Collect$$libshutdown$$00000002  c_p.l(libshutdown2.o)
    0x00000126   0x00000126   0x00000000   Code   RO          347    .ARM.Collect$$libshutdown$$00000004  c_p.l(libshutdown2.o)
    0x00000126   0x00000126   0x00000000   Code   RO          350    .ARM.Collect$$libshutdown$$00000007  c_p.l(libshutdown2.o)
    0x00000126   0x00000126   0x00000000   Code   RO          353    .ARM.Collect$$libshutdown$$0000000A  c_p.l(libshutdown2.o)
    0x00000126   0x00000126   0x00000000   Code   RO          355    .ARM.Collect$$libshutdown$$0000000C  c_p.l(libshutdown2.o)
    0x00000126   0x00000126   0x00000000   Code   RO          358    .ARM.Collect$$libshutdown$$0000000F  c_p.l(libshutdown2.o)
    0x00000126   0x00000126   0x00000002   Code   RO          359    .ARM.Collect$$libshutdown$$00000010  c_p.l(libshutdown2.o)
    0x00000128   0x00000128   0x00000000   Code   RO          189    .ARM.Collect$$rtentry$$00000000  c_p.l(__rtentry.o)
    0x00000128   0x00000128   0x00000000   Code   RO          195    .ARM.Collect$$rtentry$$00000002  c_p.l(__rtentry2.o)
    0x00000128   0x00000128   0x00000006   Code   RO          207    .ARM.Collect$$rtentry$$00000004  c_p.l(__rtentry4.o)
    0x0000012e   0x0000012e   0x00000000   Code   RO          197    .ARM.Collect$$rtentry$$00000009  c_p.l(__rtentry2.o)
    0x0000012e   0x0000012e   0x00000004   Code   RO          198    .ARM.Collect$$rtentry$$0000000A  c_p.l(__rtentry2.o)
    0x00000132   0x00000132   0x00000000   Code   RO          200    .ARM.Collect$$rtentry$$0000000C  c_p.l(__rtentry2.o)
    0x00000132   0x00000132   0x00000008   Code   RO          201    .ARM.Collect$$rtentry$$0000000D  c_p.l(__rtentry2.o)
    0x0000013a   0x0000013a   0x00000002   Code   RO          230    .ARM.Collect$$rtexit$$00000000  c_p.l(rtexit.o)
    0x0000013c   0x0000013c   0x00000000   Code   RO          288    .ARM.Collect$$rtexit$$00000002  c_p.l(rtexit2.o)
    0x0000013c   0x0000013c   0x00000004   Code   RO          289    .ARM.Collect$$rtexit$$00000003  c_p.l(rtexit2.o)
    0x00000140   0x00000140   0x00000006   Code   RO          290    .ARM.Collect$$rtexit$$00000004  c_p.l(rtexit2.o)
    0x00000146   0x00000146   0x00000002   PAD
    0x00000148   0x00000148   0x00000040   Code   RO          153  * .text               startup_mkl25z4.o
    0x00000188   0x00000188   0x00000006   Code   RO          185    .text               c_p.l(heapauxi.o)
    0x0000018e   0x0000018e   0x0000003e   Code   RO          211    .text               c_p.l(sys_stackheap_outer.o)
    0x000001cc   0x000001cc   0x00000010   Code   RO          214    .text               c_p.l(exit.o)
    0x000001dc   0x000001dc   0x00000008   Code   RO          226    .text               c_p.l(libspace.o)
    0x000001e4   0x000001e4   0x0000000c   Code   RO          283    .text               c_p.l(sys_exit.o)
    0x000001f0   0x000001f0   0x00000002   Code   RO          306    .text               c_p.l(use_no_semi.o)
    0x000001f2   0x000001f2   0x00000000   Code   RO          308    .text               c_p.l(indicate_semi.o)
    0x000001f2   0x000001f2   0x00000002   PAD
    0x000001f4   0x000001f4   0x00000038   Code   RO           24    .text.DMA0_IRQHandler  dma.o
    0x0000022c   0x0000022c   0x000000cc   Code   RO           64    .text.Init_UART     uart.o
    0x000002f8   0x000002f8   0x0000004c   Code   RO           44    .text.PIT_IRQHandler  pit.o
    0x00000344   0x00000344   0x0000000c   Code   RO          162    .text.SystemInit    system_mkl25z4.o
    0x00000350   0x00000350   0x0000007c   Code   RO           70    .text.TransmitBufferCreate  uart.o
    0x000003cc   0x000003cc   0x00000028   Code   RO           20    .text.__NVIC_ClearPendingIRQ  dma.o
    0x000003f4   0x000003f4   0x0000000c   PAD
    0x00000400   0x00000400   0x00000010   Code   RO          152    .ARM.__at_0x400     startup_mkl25z4.o
    0x00000410   0x00000410   0x00000048   Code   RO           66    .text.UART0_Transmit_DMA  uart.o
    0x00000458   0x00000458   0x0000002c   Code   RO           40    .text.__NVIC_ClearPendingIRQ  pit.o
    0x00000484   0x00000484   0x00000028   Code   RO           22    .text.__NVIC_EnableIRQ  dma.o
    0x000004ac   0x000004ac   0x0000002c   Code   RO           42    .text.__NVIC_EnableIRQ  pit.o
    0x000004d8   0x000004d8   0x00000080   Code   RO           18    .text.__NVIC_SetPriority  dma.o
    0x00000558   0x00000558   0x00000088   Code   RO           38    .text.__NVIC_SetPriority  pit.o
    0x000005e0   0x000005e0   0x000000c0   Code   RO            2    .text.adc_init      adc.o
    0x000006a0   0x000006a0   0x0000002c   Code   RO            6    .text.adc_read      adc.o
    0x000006cc   0x000006cc   0x000000b0   Code   RO           16    .text.dma_init      dma.o
    0x0000077c   0x0000077c   0x0000010c   Code   RO            4    .text.internal_calibration_adc  adc.o
    0x00000888   0x00000888   0x00000094   Code   RO           54    .text.main          main.o
    0x0000091c   0x0000091c   0x00000068   Code   RO           36    .text.pit_init      pit.o
    0x00000984   0x00000984   0x00000018   Data   RO          142    .rodata.EventRecorderInfo  eventrecorder.o
    0x0000099c   0x0000099c   0x00000010   Data   RO          361    Region$$Table       anon$$obj.o


    Execution Region ER_RW (Exec base: 0x1ffff000, Load base: 0x000009ac, Size: 0x00000000, Max: 0xffffffff, ABSOLUTE)

    **** No section assigned to this execution region ****


    Execution Region ER_ZI (Exec base: 0x1ffff000, Load base: 0x000009ac, Size: 0x00000690, Max: 0xffffffff, ABSOLUTE)

    Exec Addr    Load Addr    Size         Type   Attr      Idx    E Section Name        Object

    0x1ffff000        -       0x00000060   Zero   RW          227    .bss                c_p.l(libspace.o)
    0x1ffff060        -       0x00000020   Zero   RW            8    .bss.CH_idx         adc.o
    0x1ffff080        -       0x00000020   Zero   RW           28    .bss.GloveInputs    dma.o
    0x1ffff0a0        -       0x00000001   Zero   RW           78    .bss.Transmit_Done  uart.o
    0x1ffff0a1        -       0x00000001   Zero   RW           77    .bss.cal_val        uart.o
    0x1ffff0a2   0x000009ac   0x00000002   PAD
    0x1ffff0a4        -       0x00000004   Zero   RW           26    .bss.conversion_done  dma.o
    0x1ffff0a8        -       0x00000004   Zero   RW           46    .bss.counter        pit.o
    0x1ffff0ac        -       0x00000004   Zero   RW           56    .bss.index          main.o
    0x1ffff0b0   0x000009ac   0x00000010   PAD
    0x1ffff0c0        -       0x000004a8   Zero   RW          141    .bss.noinit         eventrecorder.o
    0x1ffff568        -       0x00000004   Zero   RW           75    .bss.shiftedindex   uart.o
    0x1ffff56c        -       0x00000004   Zero   RW           74    .bss.shiftedmiddle  uart.o
    0x1ffff570        -       0x00000004   Zero   RW           72    .bss.shiftedpinky   uart.o
    0x1ffff574        -       0x00000004   Zero   RW           73    .bss.shiftedring    uart.o
    0x1ffff578        -       0x00000004   Zero   RW           76    .bss.shiftedthumb   uart.o
    0x1ffff57c        -       0x0000000b   Zero   RW           79    .bss.transmitbuffer  uart.o
    0x1ffff587   0x000009ac   0x00000001   PAD
    0x1ffff588        -       0x00000004   Zero   RW           27    .bss.while_flag     dma.o
    0x1ffff58c   0x000009ac   0x00000004   PAD
    0x1ffff590        -       0x00000000   Zero   RW          150    HEAP                startup_mkl25z4.o
    0x1ffff590        -       0x00000100   Zero   RW          149    STACK               startup_mkl25z4.o


==============================================================================

Image component sizes


      Code (inc. data)   RO Data    RW Data    ZI Data      Debug   Object Name

       504        104          0          0         32       2815   adc.o
       440         48          0          0         40       4583   dma.o
         0          0         24          0       1192       8168   eventrecorder.o
       148         16          0          0          4       1051   main.o
       404         44          0          0          4       4015   pit.o
        80         44        192          0        256       1032   startup_mkl25z4.o
        12          4          0          0          0       2640   system_mkl25z4.o
       400         88          0          0         33       2862   uart.o

    ----------------------------------------------------------------------
      2000        348        232          0       1584      27166   Object Totals
         0          0         16          0          0          0   (incl. Generated)
        12          0          0          0         23          0   (incl. Padding)

    ----------------------------------------------------------------------

      Code (inc. data)   RO Data    RW Data    ZI Data      Debug   Library Member Name

         8          0          0          0          0         68   __main.o
         0          0          0          0          0          0   __rtentry.o
        12          0          0          0          0          0   __rtentry2.o
         6          0          0          0          0          0   __rtentry4.o
        60          8          0          0          0          0   __scatter.o
        28          0          0          0          0          0   __scatter_zi.o
        16          0          0          0          0         68   exit.o
         6          0          0          0          0        136   heapauxi.o
         0          0          0          0          0          0   indicate_semi.o
         2          0          0          0          0          0   libinit.o
         2          0          0          0          0          0   libinit2.o
         2          0          0          0          0          0   libshutdown.o
         2          0          0          0          0          0   libshutdown2.o
         8          4          0          0         96         68   libspace.o
         2          0          0          0          0          0   rtexit.o
        10          0          0          0          0          0   rtexit2.o
        12          4          0          0          0         60   sys_exit.o
        62          0          0          0          0         80   sys_stackheap_outer.o
         2          0          0          0          0         68   use_no_semi.o

    ----------------------------------------------------------------------
       244         16          0          0         96        548   Library Totals
         4          0          0          0          0          0   (incl. Padding)

    ----------------------------------------------------------------------

      Code (inc. data)   RO Data    RW Data    ZI Data      Debug   Library Name

       240         16          0          0         96        548   c_p.l

    ----------------------------------------------------------------------
       244         16          0          0         96        548   Library Totals

    ----------------------------------------------------------------------

==============================================================================


      Code (inc. data)   RO Data    RW Data    ZI Data      Debug   

      2244        364        232          0       1680      27454   Grand Totals
      2244        364        232          0       1680      27454   ELF Image Totals
      2244        364        232          0          0          0   ROM Totals

==============================================================================

    Total RO  Size (Code + RO Data)                 2476 (   2.42kB)
    Total RW  Size (RW Data + ZI Data)              1680 (   1.64kB)
    Total ROM Size (Code + RO Data + RW Data)       2476 (   2.42kB)

==============================================================================

