<html>
<body>
<pre>
<h1>µVision Build Log</h1>
<h2>Tool Versions:</h2>
IDE-Version: µVision V5.35.0.0
Copyright (C) 2021 ARM Ltd and ARM Germany GmbH. All rights reserved.
License Information: Sumati Gupta, Oakland University, LIC=----
 
Tool Versions:
Toolchain:       MDK-Lite  Version: 5.35.0.2
Toolchain Path:  C:\Keil_v5\ARM\ARMCLANG\Bin
C Compiler:      ArmClang.exe V6.16
Assembler:       Armasm.exe V6.16
Linker/Locator:  ArmLink.exe V6.16
Library Manager: ArmAr.exe V6.16
Hex Converter:   FromElf.exe V6.16
CPU DLL:         SARMCM3.DLL V5.35.0.2
Dialog DLL:      DARMCM1.DLL V1.19.4.0
Target DLL:      CMSIS_AGDI.dll V1.33.0.0
Dialog DLL:      TARMCM1.DLL V1.14.4.0
 
<h2>Project:</h2>
C:\Users\sumat\Desktop\currentcourses\ece 5721 embedded systems\Project\ECE5721_Project-main\ECE5721_Project-main\ADCDMAPIT\adc2\adc2.uvprojx
Project File Date:  11/28/2021

<h2>Output:</h2>
*** Using Compiler 'V6.16', folder: 'C:\Keil_v5\ARM\ARMCLANG\Bin'
Rebuild target 'Target 1'
adc.c(91): warning: implicit conversion changes signedness: 'int' to 'uint32_t' (aka 'unsigned int') [-Wsign-conversion]
  ADC0->SC1[0] = CH_idx[i]; 
               ~ ^~~~~~~~~
1 warning generated.
compiling adc.c...
compiling read.c...
compiling pit.c...
dma.c(1): warning: In file included from...
./dma.h(5): warning: In file included from...
./UART.h(5): warning: In file included from...
./dma.h(26): warning: no newline at end of file [-Wnewline-eof]
//error
       ^
dma.c(1): warning: In file included from...
./dma.h(26): warning: no newline at end of file [-Wnewline-eof]
//error
       ^
dma.c(24): warning: cast from 'const volatile unsigned int *' to 'unsigned int *' drops const and volatile qualifiers [-Wcast-qual]
        DMA0->DMA[0].SAR = DMA_SAR_SAR((uint32_t *)(&(ADC0->R[0])));
                                                   ^
3 warnings generated.
compiling dma.c...
UART.c(1): warning: In file included from...
./UART.h(5): warning: In file included from...
./dma.h(26): warning: no newline at end of file [-Wnewline-eof]
//error
       ^
UART.c(14): warning: no previous extern declaration for non-static variable 'Transmit_Done' [-Wmissing-variable-declarations]
unsigned char Transmit_Done = 0;
              ^
UART.c(14): note: declare 'static' if the variable is not intended to be used outside of this translation unit
unsigned char Transmit_Done = 0;
^
2 warnings generated.
compiling UART.c...
C:/Users/sumat/AppData/Local/Arm/Packs/Keil/ARM_Compiler/1.6.3/Source/EventRecorder.c(660): warning: #warning is a language extension [-Wpedantic]
#warning "Invalid Time Stamp Source selected in EventRecorderConf.h!"
 ^
C:/Users/sumat/AppData/Local/Arm/Packs/Keil/ARM_Compiler/1.6.3/Source/EventRecorder.c(660): warning: "Invalid Time Stamp Source selected in EventRecorderConf.h!" [-W#warnings]
2 warnings generated.
compiling EventRecorder.c...
main.c(1): warning: In file included from...
./main.h(2): warning: In file included from...
./dma.h(5): warning: In file included from...
./UART.h(5): warning: In file included from...
./dma.h(26): warning: no newline at end of file [-Wnewline-eof]
//error
       ^
main.c(1): warning: In file included from...
./main.h(2): warning: In file included from...
./dma.h(26): warning: no newline at end of file [-Wnewline-eof]
//error
       ^
main.c(13): warning: no previous extern declaration for non-static variable 'index' [-Wmissing-variable-declarations]
int index = 0; 
    ^
main.c(13): note: declare 'static' if the variable is not intended to be used outside of this translation unit
int index = 0; 
^
3 warnings generated.
compiling main.c...
compiling system_MKL25Z4.c...
assembling startup_MKL25Z4.s...
linking...
Program Size: Code=2844 RO-data=244 RW-data=0 ZI-data=1680  
".\Objects\adc2.axf" - 0 Error(s), 11 Warning(s).

<h2>Software Packages used:</h2>

Package Vendor: ARM
                http://www.keil.com/pack/ARM.CMSIS.5.8.0.pack
                ARM.CMSIS.5.8.0
                CMSIS (Common Microcontroller Software Interface Standard)
   * Component: CORE Version: 5.5.0

Package Vendor: Keil
                http://www.keil.com/pack/Keil.ARM_Compiler.1.6.3.pack
                Keil.ARM_Compiler.1.6.3
                Keil ARM Compiler extensions for ARM Compiler 5 and ARM Compiler 6
   * Component: Event Recorder Variant: DAP Version: 1.4.0

Package Vendor: Keil
                http://www.keil.com/pack/Keil.Kinetis_KLxx_DFP.1.15.0.pack
                Keil.Kinetis_KLxx_DFP.1.15.0
                NXP Kinetis KLxx Series Device Support and Examples
   * Component: Startup Version: 2.5.0

<h2>Collection of Component include folders:</h2>
  .\RTE\Compiler
  .\RTE\Device\MKL25Z128xxx4
  .\RTE\_Target_1
  C:\Users\sumat\AppData\Local\Arm\Packs\ARM\CMSIS\5.8.0\CMSIS\Core\Include
  C:\Users\sumat\AppData\Local\Arm\Packs\Keil\ARM_Compiler\1.6.3\Include
  C:\Users\sumat\AppData\Local\Arm\Packs\Keil\Kinetis_KLxx_DFP\1.15.0\Device\Include

<h2>Collection of Component Files used:</h2>

   * Component: ARM::CMSIS:CORE:5.5.0

   * Component: Keil.ARM Compiler::Compiler:Event Recorder:DAP:1.4.0
      Include file:  Include\EventRecorder.h
      Source file:   Source\EventRecorder.c
      Include file:  Config\EventRecorderConf.h

   * Component: Keil::Device:Startup:2.5.0
      Source file:   Device\Source\system_MKL25Z4.c
      Include file:  Device\Source\system_MKL25Z4.h
      Source file:   Device\Source\ARM\startup_MKL25Z4.s
Build Time Elapsed:  00:00:01
</pre>
</body>
</html>
