Component: ARM Compiler 6.16 Tool: armlink [5dfeaa00]

==============================================================================

Section Cross References

    main.o(.text.main) refers to cal.o(.text.LUT_func) for LUT_func
    main.o(.text.main) refers to 16segment.o(.text.Init_14Segment) for Init_14Segment
    main.o(.text.main) refers to cal.o(.text.AVG) for AVG
    main.o(.text.main) refers to cal.o(.text.letter_decode) for letter_decode
    main.o(.text.main) refers to 16segment.o(.text.Display_Alphabet) for Display_Alphabet
    main.o(.text.main) refers to cal.o(.text.ranges) for ranges
    main.o(.text.main) refers to cal.o(.bss.receivedADCread) for receivedADCread
    main.o(.text.main) refers to cal.o(.bss.receivedcal_val) for receivedcal_val
    main.o(.text.main) refers to main.o(.data.ADC_is_reading_cal1) for ADC_is_reading_cal1
    main.o(.text.main) refers to main.o(.data.ADC_is_reading_cal2) for ADC_is_reading_cal2
    main.o(.text.main) refers to 16segment.o(.bss.in) for in
    main.o(.ARM.exidx.text.main) refers to main.o(.text.main) for [Anonymous Symbol]
    cal.o(.text.ranges) refers to cal.o(.bss.receivedcal_val) for receivedcal_val
    cal.o(.text.ranges) refers to cal.o(.bss.Standing_Ranges) for Standing_Ranges
    cal.o(.text.ranges) refers to cal.o(.data.Observed_Standing_values) for Observed_Standing_values
    cal.o(.text.ranges) refers to cal.o(.bss.counterstand) for counterstand
    cal.o(.text.ranges) refers to cal.o(.bss.Bent_Ranges) for Bent_Ranges
    cal.o(.text.ranges) refers to cal.o(.data.Observed_Bent_values) for Observed_Bent_values
    cal.o(.text.ranges) refers to cal.o(.bss.counterbend) for counterbend
    cal.o(.text.ranges) refers to cal.o(.bss.receivedADCread) for receivedADCread
    cal.o(.ARM.exidx.text.ranges) refers to cal.o(.text.ranges) for [Anonymous Symbol]
    cal.o(.text.AVG) refers to aeabi_sdivfast.o(.text_divfast) for __aeabi_uidiv
    cal.o(.text.AVG) refers to cal.o(.text.Min) for Min
    cal.o(.text.AVG) refers to cal.o(.text.Max) for Max
    cal.o(.text.AVG) refers to cal.o(.bss.counterbend) for counterbend
    cal.o(.text.AVG) refers to cal.o(.bss.counterstand) for counterstand
    cal.o(.text.AVG) refers to cal.o(.bss.Bent_Ranges) for Bent_Ranges
    cal.o(.text.AVG) refers to cal.o(.bss.Standing_Ranges) for Standing_Ranges
    cal.o(.text.AVG) refers to cal.o(.bss.Middle_Ranges) for Middle_Ranges
    cal.o(.ARM.exidx.text.AVG) refers to cal.o(.text.AVG) for [Anonymous Symbol]
    cal.o(.ARM.exidx.text.Min) refers to cal.o(.text.Min) for [Anonymous Symbol]
    cal.o(.ARM.exidx.text.Max) refers to cal.o(.text.Max) for [Anonymous Symbol]
    cal.o(.text.LUT_func) refers to cal.o(.bss.LUT) for LUT
    cal.o(.ARM.exidx.text.LUT_func) refers to cal.o(.text.LUT_func) for [Anonymous Symbol]
    cal.o(.text.letter_decode) refers to cal.o(.bss.Bent_Ranges) for Bent_Ranges
    cal.o(.text.letter_decode) refers to cal.o(.bss.receivedADCread) for receivedADCread
    cal.o(.text.letter_decode) refers to cal.o(.bss.Middle_Ranges) for Middle_Ranges
    cal.o(.text.letter_decode) refers to cal.o(.bss.Standing_Ranges) for Standing_Ranges
    cal.o(.text.letter_decode) refers to cal.o(.bss.pinky_flag) for pinky_flag
    cal.o(.text.letter_decode) refers to cal.o(.bss.ring_flag) for ring_flag
    cal.o(.text.letter_decode) refers to cal.o(.bss.middle_flag) for middle_flag
    cal.o(.text.letter_decode) refers to cal.o(.bss.index_flag) for index_flag
    cal.o(.text.letter_decode) refers to cal.o(.bss.thumb_flag) for thumb_flag
    cal.o(.text.letter_decode) refers to cal.o(.bss.LUT) for LUT
    cal.o(.ARM.exidx.text.letter_decode) refers to cal.o(.text.letter_decode) for [Anonymous Symbol]
    16segment.o(.ARM.exidx.text.Init_14Segment) refers to 16segment.o(.text.Init_14Segment) for [Anonymous Symbol]
    16segment.o(.ARM.exidx.text.control_LEDs) refers to 16segment.o(.text.control_LEDs) for [Anonymous Symbol]
    16segment.o(.text.Display_Alphabet) refers to 16segment.o(.text.control_LEDs) for control_LEDs
    16segment.o(.text.Display_Alphabet) refers to 16segment.o(.bss.in) for in
    16segment.o(.ARM.exidx.text.Display_Alphabet) refers to 16segment.o(.text.Display_Alphabet) for [Anonymous Symbol]
    startup_mkl25z4.o(STACK) refers (Special) to heapauxi.o(.text) for __use_two_region_memory
    startup_mkl25z4.o(HEAP) refers (Special) to heapauxi.o(.text) for __use_two_region_memory
    startup_mkl25z4.o(RESET) refers (Special) to heapauxi.o(.text) for __use_two_region_memory
    startup_mkl25z4.o(RESET) refers to startup_mkl25z4.o(STACK) for __initial_sp
    startup_mkl25z4.o(RESET) refers to startup_mkl25z4.o(.text) for Reset_Handler
    startup_mkl25z4.o(.ARM.__at_0x400) refers (Special) to heapauxi.o(.text) for __use_two_region_memory
    startup_mkl25z4.o(.text) refers (Special) to heapauxi.o(.text) for __use_two_region_memory
    startup_mkl25z4.o(.text) refers to system_mkl25z4.o(.text.SystemInit) for SystemInit
    startup_mkl25z4.o(.text) refers to __main.o(!!!main) for __main
    startup_mkl25z4.o(.text) refers to startup_mkl25z4.o(HEAP) for Heap_Mem
    startup_mkl25z4.o(.text) refers to startup_mkl25z4.o(STACK) for Stack_Mem
    system_mkl25z4.o(.ARM.exidx.text.SystemInit) refers to system_mkl25z4.o(.text.SystemInit) for [Anonymous Symbol]
    system_mkl25z4.o(.text.SystemCoreClockUpdate) refers to aeabi_sdivfast.o(.text_divfast) for __aeabi_uidiv
    system_mkl25z4.o(.text.SystemCoreClockUpdate) refers to system_mkl25z4.o(.data.SystemCoreClock) for SystemCoreClock
    system_mkl25z4.o(.ARM.exidx.text.SystemCoreClockUpdate) refers to system_mkl25z4.o(.text.SystemCoreClockUpdate) for [Anonymous Symbol]
    __main.o(!!!main) refers to __rtentry.o(.ARM.Collect$$rtentry$$00000000) for __rt_entry
    __rtentry.o(.ARM.Collect$$rtentry$$00000000) refers (Special) to __rtentry2.o(.ARM.Collect$$rtentry$$0000000A) for __rt_entry_li
    __rtentry.o(.ARM.Collect$$rtentry$$00000000) refers (Special) to __rtentry2.o(.ARM.Collect$$rtentry$$0000000D) for __rt_entry_main
    __rtentry.o(.ARM.Collect$$rtentry$$00000000) refers (Special) to __rtentry2.o(.ARM.Collect$$rtentry$$0000000C) for __rt_entry_postli_1
    __rtentry.o(.ARM.Collect$$rtentry$$00000000) refers (Special) to __rtentry2.o(.ARM.Collect$$rtentry$$00000009) for __rt_entry_postsh_1
    __rtentry.o(.ARM.Collect$$rtentry$$00000000) refers (Special) to __rtentry2.o(.ARM.Collect$$rtentry$$00000002) for __rt_entry_presh_1
    __rtentry.o(.ARM.Collect$$rtentry$$00000000) refers (Special) to __rtentry4.o(.ARM.Collect$$rtentry$$00000004) for __rt_entry_sh
    aeabi_idiv0_sigfpe.o(.text) refers to rt_div0.o(.text) for __rt_div0
    __rtentry2.o(.ARM.Collect$$rtentry$$00000008) refers to boardinit2.o(.text) for _platform_post_stackheap_init
    __rtentry2.o(.ARM.Collect$$rtentry$$0000000A) refers to libinit.o(.ARM.Collect$$libinit$$00000000) for __rt_lib_init
    __rtentry2.o(.ARM.Collect$$rtentry$$0000000B) refers to boardinit3.o(.text) for _platform_post_lib_init
    __rtentry2.o(.ARM.Collect$$rtentry$$0000000D) refers to main.o(.text.main) for main
    __rtentry2.o(.ARM.Collect$$rtentry$$0000000D) refers to exit.o(.text) for exit
    __rtentry2.o(.ARM.exidx) refers to __rtentry2.o(.ARM.Collect$$rtentry$$00000001) for .ARM.Collect$$rtentry$$00000001
    __rtentry2.o(.ARM.exidx) refers to __rtentry2.o(.ARM.Collect$$rtentry$$00000008) for .ARM.Collect$$rtentry$$00000008
    __rtentry2.o(.ARM.exidx) refers to __rtentry2.o(.ARM.Collect$$rtentry$$0000000A) for .ARM.Collect$$rtentry$$0000000A
    __rtentry2.o(.ARM.exidx) refers to __rtentry2.o(.ARM.Collect$$rtentry$$0000000B) for .ARM.Collect$$rtentry$$0000000B
    __rtentry2.o(.ARM.exidx) refers to __rtentry2.o(.ARM.Collect$$rtentry$$0000000D) for .ARM.Collect$$rtentry$$0000000D
    __rtentry4.o(.ARM.Collect$$rtentry$$00000004) refers to sys_stackheap_outer.o(.text) for __user_setup_stackheap
    __rtentry4.o(.ARM.exidx) refers to __rtentry4.o(.ARM.Collect$$rtentry$$00000004) for .ARM.Collect$$rtentry$$00000004
    rt_div0.o(.text) refers to defsig_fpe_outer.o(.text) for __rt_SIGFPE
    sys_stackheap_outer.o(.text) refers to libspace.o(.text) for __user_perproc_libspace
    sys_stackheap_outer.o(.text) refers to startup_mkl25z4.o(.text) for __user_initial_stackheap
    sys_stackheap_outer.o(__vectab_stack_and_reset_area) refers to tempstk.o(.text) for __temporary_stack_top
    sys_stackheap_outer.o(__vectab_stack_and_reset_area) refers to __main.o(!!!main) for __main
    exit.o(.text) refers to rtexit.o(.ARM.Collect$$rtexit$$00000000) for __rt_exit
    defsig_fpe_outer.o(.text) refers to defsig_fpe_inner.o(.text) for __rt_SIGFPE_inner
    defsig_fpe_outer.o(.text) refers to defsig_exit.o(.text) for __sig_exit
    defsig_fpe_formal.o(.text) refers to rt_raise.o(.text) for __rt_raise
    libinit.o(.ARM.Collect$$libinit$$00000000) refers (Special) to libinit2.o(.ARM.Collect$$libinit$$0000002E) for __rt_lib_init_alloca_1
    libinit.o(.ARM.Collect$$libinit$$00000000) refers (Special) to libinit2.o(.ARM.Collect$$libinit$$0000002C) for __rt_lib_init_argv_1
    libinit.o(.ARM.Collect$$libinit$$00000000) refers (Special) to libinit2.o(.ARM.Collect$$libinit$$0000001B) for __rt_lib_init_atexit_1
    libinit.o(.ARM.Collect$$libinit$$00000000) refers (Special) to libinit2.o(.ARM.Collect$$libinit$$00000021) for __rt_lib_init_clock_1
    libinit.o(.ARM.Collect$$libinit$$00000000) refers (Special) to libinit2.o(.ARM.Collect$$libinit$$00000032) for __rt_lib_init_cpp_1
    libinit.o(.ARM.Collect$$libinit$$00000000) refers (Special) to libinit2.o(.ARM.Collect$$libinit$$00000030) for __rt_lib_init_exceptions_1
    libinit.o(.ARM.Collect$$libinit$$00000000) refers (Special) to libinit2.o(.ARM.Collect$$libinit$$00000002) for __rt_lib_init_fp_1
    libinit.o(.ARM.Collect$$libinit$$00000000) refers (Special) to libinit2.o(.ARM.Collect$$libinit$$0000001F) for __rt_lib_init_fp_trap_1
    libinit.o(.ARM.Collect$$libinit$$00000000) refers (Special) to libinit2.o(.ARM.Collect$$libinit$$00000023) for __rt_lib_init_getenv_1
    libinit.o(.ARM.Collect$$libinit$$00000000) refers (Special) to libinit2.o(.ARM.Collect$$libinit$$0000000A) for __rt_lib_init_heap_1
    libinit.o(.ARM.Collect$$libinit$$00000000) refers (Special) to libinit2.o(.ARM.Collect$$libinit$$00000011) for __rt_lib_init_lc_collate_1
    libinit.o(.ARM.Collect$$libinit$$00000000) refers (Special) to libinit2.o(.ARM.Collect$$libinit$$00000013) for __rt_lib_init_lc_ctype_1
    libinit.o(.ARM.Collect$$libinit$$00000000) refers (Special) to libinit2.o(.ARM.Collect$$libinit$$00000015) for __rt_lib_init_lc_monetary_1
    libinit.o(.ARM.Collect$$libinit$$00000000) refers (Special) to libinit2.o(.ARM.Collect$$libinit$$00000017) for __rt_lib_init_lc_numeric_1
    libinit.o(.ARM.Collect$$libinit$$00000000) refers (Special) to libinit2.o(.ARM.Collect$$libinit$$00000019) for __rt_lib_init_lc_time_1
    libinit.o(.ARM.Collect$$libinit$$00000000) refers (Special) to libinit2.o(.ARM.Collect$$libinit$$00000004) for __rt_lib_init_preinit_1
    libinit.o(.ARM.Collect$$libinit$$00000000) refers (Special) to libinit2.o(.ARM.Collect$$libinit$$0000000E) for __rt_lib_init_rand_1
    libinit.o(.ARM.Collect$$libinit$$00000000) refers (Special) to libinit2.o(.ARM.Collect$$libinit$$00000033) for __rt_lib_init_return
    libinit.o(.ARM.Collect$$libinit$$00000000) refers (Special) to libinit2.o(.ARM.Collect$$libinit$$0000001D) for __rt_lib_init_signal_1
    libinit.o(.ARM.Collect$$libinit$$00000000) refers (Special) to libinit2.o(.ARM.Collect$$libinit$$00000025) for __rt_lib_init_stdio_1
    libinit.o(.ARM.Collect$$libinit$$00000000) refers (Special) to libinit2.o(.ARM.Collect$$libinit$$0000000C) for __rt_lib_init_user_alloc_1
    libspace.o(.text) refers to libspace.o(.bss) for __libspace_start
    rtexit.o(.ARM.Collect$$rtexit$$00000000) refers (Special) to rtexit2.o(.ARM.Collect$$rtexit$$00000004) for __rt_exit_exit
    rtexit.o(.ARM.Collect$$rtexit$$00000000) refers (Special) to rtexit2.o(.ARM.Collect$$rtexit$$00000003) for __rt_exit_ls
    rtexit.o(.ARM.Collect$$rtexit$$00000000) refers (Special) to rtexit2.o(.ARM.Collect$$rtexit$$00000002) for __rt_exit_prels_1
    rtexit.o(.ARM.exidx) refers (Special) to rtexit2.o(.ARM.Collect$$rtexit$$00000004) for __rt_exit_exit
    rtexit.o(.ARM.exidx) refers (Special) to rtexit2.o(.ARM.Collect$$rtexit$$00000003) for __rt_exit_ls
    rtexit.o(.ARM.exidx) refers (Special) to rtexit2.o(.ARM.Collect$$rtexit$$00000002) for __rt_exit_prels_1
    rtexit.o(.ARM.exidx) refers to rtexit.o(.ARM.Collect$$rtexit$$00000000) for .ARM.Collect$$rtexit$$00000000
    rt_raise.o(.text) refers to __raise.o(.text) for __raise
    rt_raise.o(.text) refers to sys_exit.o(.text) for _sys_exit
    defsig_exit.o(.text) refers to sys_exit.o(.text) for _sys_exit
    defsig_fpe_inner.o(.text) refers to defsig_general.o(.text) for __default_signal_display
    libinit2.o(.ARM.Collect$$libinit$$00000010) refers to libinit2.o(.ARM.Collect$$libinit$$0000000F) for .ARM.Collect$$libinit$$0000000F
    libinit2.o(.ARM.Collect$$libinit$$00000012) refers to libinit2.o(.ARM.Collect$$libinit$$0000000F) for .ARM.Collect$$libinit$$0000000F
    libinit2.o(.ARM.Collect$$libinit$$00000014) refers to libinit2.o(.ARM.Collect$$libinit$$0000000F) for .ARM.Collect$$libinit$$0000000F
    libinit2.o(.ARM.Collect$$libinit$$00000016) refers to libinit2.o(.ARM.Collect$$libinit$$0000000F) for .ARM.Collect$$libinit$$0000000F
    libinit2.o(.ARM.Collect$$libinit$$00000018) refers to libinit2.o(.ARM.Collect$$libinit$$0000000F) for .ARM.Collect$$libinit$$0000000F
    libinit2.o(.ARM.Collect$$libinit$$00000026) refers to argv_veneer.o(.text) for __ARM_argv_veneer
    libinit2.o(.ARM.Collect$$libinit$$00000027) refers to argv_veneer.o(.text) for __ARM_argv_veneer
    sys_exit.o(.text) refers (Special) to use_no_semi.o(.text) for __I$use$semihosting
    sys_exit.o(.text) refers (Special) to indicate_semi.o(.text) for __semihosting_library_function
    sys_exit_hlt.o(.text) refers (Special) to use_no_semi.o(.text) for __I$use$semihosting
    sys_exit_hlt.o(.text) refers (Special) to indicate_semi.o(.text) for __semihosting_library_function
    rtexit2.o(.ARM.Collect$$rtexit$$00000003) refers to libshutdown.o(.ARM.Collect$$libshutdown$$00000000) for __rt_lib_shutdown
    rtexit2.o(.ARM.Collect$$rtexit$$00000004) refers to sys_exit.o(.text) for _sys_exit
    rtexit2.o(.ARM.exidx) refers to rtexit2.o(.ARM.Collect$$rtexit$$00000001) for .ARM.Collect$$rtexit$$00000001
    rtexit2.o(.ARM.exidx) refers to rtexit2.o(.ARM.Collect$$rtexit$$00000003) for .ARM.Collect$$rtexit$$00000003
    rtexit2.o(.ARM.exidx) refers to rtexit2.o(.ARM.Collect$$rtexit$$00000004) for .ARM.Collect$$rtexit$$00000004
    __raise.o(.text) refers to defsig.o(CL$$defsig) for __default_signal_handler
    defsig_general.o(.text) refers to sys_wrch.o(.text) for _ttywrch
    sys_wrch.o(.text) refers (Special) to use_no_semi.o(.text) for __I$use$semihosting
    sys_wrch.o(.text) refers (Special) to indicate_semi.o(.text) for __semihosting_library_function
    sys_wrch_hlt.o(.text) refers (Special) to use_no_semi.o(.text) for __I$use$semihosting
    sys_wrch_hlt.o(.text) refers (Special) to indicate_semi.o(.text) for __semihosting_library_function
    defsig.o(CL$$defsig) refers to defsig_fpe_inner.o(.text) for __rt_SIGFPE_inner
    defsig.o(CL$$defsig) refers to defsig_rtmem_inner.o(.text) for __rt_SIGRTMEM_inner
    _get_argv_nomalloc.o(.text) refers (Special) to hrguard.o(.text) for __heap_region$guard
    _get_argv_nomalloc.o(.text) refers to defsig_rtmem_outer.o(.text) for __rt_SIGRTMEM
    _get_argv_nomalloc.o(.text) refers to sys_command.o(.text) for _sys_command_string
    libshutdown.o(.ARM.Collect$$libshutdown$$00000000) refers (Special) to libshutdown2.o(.ARM.Collect$$libshutdown$$00000002) for __rt_lib_shutdown_cpp_1
    libshutdown.o(.ARM.Collect$$libshutdown$$00000000) refers (Special) to libshutdown2.o(.ARM.Collect$$libshutdown$$00000007) for __rt_lib_shutdown_fp_trap_1
    libshutdown.o(.ARM.Collect$$libshutdown$$00000000) refers (Special) to libshutdown2.o(.ARM.Collect$$libshutdown$$0000000F) for __rt_lib_shutdown_heap_1
    libshutdown.o(.ARM.Collect$$libshutdown$$00000000) refers (Special) to libshutdown2.o(.ARM.Collect$$libshutdown$$00000010) for __rt_lib_shutdown_return
    libshutdown.o(.ARM.Collect$$libshutdown$$00000000) refers (Special) to libshutdown2.o(.ARM.Collect$$libshutdown$$0000000A) for __rt_lib_shutdown_signal_1
    libshutdown.o(.ARM.Collect$$libshutdown$$00000000) refers (Special) to libshutdown2.o(.ARM.Collect$$libshutdown$$00000004) for __rt_lib_shutdown_stdio_1
    libshutdown.o(.ARM.Collect$$libshutdown$$00000000) refers (Special) to libshutdown2.o(.ARM.Collect$$libshutdown$$0000000C) for __rt_lib_shutdown_user_alloc_1
    sys_command.o(.text) refers (Special) to use_no_semi.o(.text) for __I$use$semihosting
    sys_command.o(.text) refers (Special) to indicate_semi.o(.text) for __semihosting_library_function
    sys_command_hlt.o(.text) refers (Special) to use_no_semi.o(.text) for __I$use$semihosting
    sys_command_hlt.o(.text) refers (Special) to indicate_semi.o(.text) for __semihosting_library_function
    defsig_abrt_inner.o(.text) refers to defsig_general.o(.text) for __default_signal_display
    defsig_rtred_inner.o(.text) refers to defsig_general.o(.text) for __default_signal_display
    defsig_rtmem_inner.o(.text) refers to defsig_general.o(.text) for __default_signal_display
    defsig_rtmem_outer.o(.text) refers to defsig_rtmem_inner.o(.text) for __rt_SIGRTMEM_inner
    defsig_rtmem_outer.o(.text) refers to defsig_exit.o(.text) for __sig_exit
    defsig_rtmem_formal.o(.text) refers to rt_raise.o(.text) for __rt_raise
    defsig_stak_inner.o(.text) refers to defsig_general.o(.text) for __default_signal_display
    defsig_pvfn_inner.o(.text) refers to defsig_general.o(.text) for __default_signal_display
    defsig_cppl_inner.o(.text) refers to defsig_general.o(.text) for __default_signal_display
    defsig_segv_inner.o(.text) refers to defsig_general.o(.text) for __default_signal_display
    defsig_other.o(.text) refers to defsig_general.o(.text) for __default_signal_display


==============================================================================

Removing Unused input sections from the image.

    Removing main.o(.text), (0 bytes).
    Removing main.o(.ARM.exidx.text.main), (8 bytes).
    Removing main.o(.ARM.use_no_argv), (4 bytes).
    Removing cal.o(.text), (0 bytes).
    Removing cal.o(.ARM.exidx.text.ranges), (8 bytes).
    Removing cal.o(.ARM.exidx.text.AVG), (8 bytes).
    Removing cal.o(.ARM.exidx.text.Min), (8 bytes).
    Removing cal.o(.ARM.exidx.text.Max), (8 bytes).
    Removing cal.o(.ARM.exidx.text.LUT_func), (8 bytes).
    Removing cal.o(.ARM.exidx.text.letter_decode), (8 bytes).
    Removing 16segment.o(.text), (0 bytes).
    Removing 16segment.o(.ARM.exidx.text.Init_14Segment), (8 bytes).
    Removing 16segment.o(.ARM.exidx.text.control_LEDs), (8 bytes).
    Removing 16segment.o(.ARM.exidx.text.Display_Alphabet), (8 bytes).
    Removing system_mkl25z4.o(.text), (0 bytes).
    Removing system_mkl25z4.o(.ARM.exidx.text.SystemInit), (8 bytes).
    Removing system_mkl25z4.o(.text.SystemCoreClockUpdate), (272 bytes).
    Removing system_mkl25z4.o(.ARM.exidx.text.SystemCoreClockUpdate), (8 bytes).
    Removing system_mkl25z4.o(.data.SystemCoreClock), (4 bytes).

19 unused section(s) (total 376 bytes) removed from the image.

==============================================================================

Image Symbol Table

    Local Symbols

    Symbol Name                              Value     Ov Type        Size  Object(Section)

    ../clib/angel/boardlib.s                 0x00000000   Number         0  boardinit1.o ABSOLUTE
    ../clib/angel/boardlib.s                 0x00000000   Number         0  boardinit2.o ABSOLUTE
    ../clib/angel/boardlib.s                 0x00000000   Number         0  boardinit3.o ABSOLUTE
    ../clib/angel/boardlib.s                 0x00000000   Number         0  boardshut.o ABSOLUTE
    ../clib/angel/handlers.s                 0x00000000   Number         0  __scatter_copy.o ABSOLUTE
    ../clib/angel/handlers.s                 0x00000000   Number         0  __scatter_zi.o ABSOLUTE
    ../clib/angel/kernel.s                   0x00000000   Number         0  __rtentry.o ABSOLUTE
    ../clib/angel/kernel.s                   0x00000000   Number         0  __rtentry2.o ABSOLUTE
    ../clib/angel/kernel.s                   0x00000000   Number         0  __rtentry4.o ABSOLUTE
    ../clib/angel/kernel.s                   0x00000000   Number         0  rtexit.o ABSOLUTE
    ../clib/angel/kernel.s                   0x00000000   Number         0  rtexit2.o ABSOLUTE
    ../clib/angel/rt.s                       0x00000000   Number         0  aeabi_idiv0.o ABSOLUTE
    ../clib/angel/rt.s                       0x00000000   Number         0  aeabi_idiv0_sigfpe.o ABSOLUTE
    ../clib/angel/rt.s                       0x00000000   Number         0  rt_div0.o ABSOLUTE
    ../clib/angel/rt.s                       0x00000000   Number         0  rt_raise.o ABSOLUTE
    ../clib/angel/scatterp.s                 0x00000000   Number         0  __scatter.o ABSOLUTE
    ../clib/angel/startup.s                  0x00000000   Number         0  __main.o ABSOLUTE
    ../clib/angel/sys.s                      0x00000000   Number         0  sys_stackheap_outer.o ABSOLUTE
    ../clib/angel/sys.s                      0x00000000   Number         0  libspace.o ABSOLUTE
    ../clib/angel/sys.s                      0x00000000   Number         0  tempstk.o ABSOLUTE
    ../clib/angel/sys.s                      0x00000000   Number         0  use_no_semi.o ABSOLUTE
    ../clib/angel/sys.s                      0x00000000   Number         0  indicate_semi.o ABSOLUTE
    ../clib/angel/sysapp.c                   0x00000000   Number         0  sys_exit.o ABSOLUTE
    ../clib/angel/sysapp.c                   0x00000000   Number         0  sys_exit_hlt.o ABSOLUTE
    ../clib/angel/sysapp.c                   0x00000000   Number         0  sys_wrch.o ABSOLUTE
    ../clib/angel/sysapp.c                   0x00000000   Number         0  sys_wrch_hlt.o ABSOLUTE
    ../clib/angel/sysapp.c                   0x00000000   Number         0  sys_command.o ABSOLUTE
    ../clib/angel/sysapp.c                   0x00000000   Number         0  sys_command_hlt.o ABSOLUTE
    ../clib/armsys.c                         0x00000000   Number         0  argv_veneer.o ABSOLUTE
    ../clib/armsys.c                         0x00000000   Number         0  _get_argv_nomalloc.o ABSOLUTE
    ../clib/armsys.c                         0x00000000   Number         0  no_argv.o ABSOLUTE
    ../clib/division.s                       0x00000000   Number         0  aeabi_sdivfast.o ABSOLUTE
    ../clib/division.s                       0x00000000   Number         0  aeabi_sdivfast_div0.o ABSOLUTE
    ../clib/heapalloc.c                      0x00000000   Number         0  hrguard.o ABSOLUTE
    ../clib/heapaux.c                        0x00000000   Number         0  heapauxi.o ABSOLUTE
    ../clib/libinit.s                        0x00000000   Number         0  libinit.o ABSOLUTE
    ../clib/libinit.s                        0x00000000   Number         0  libinit2.o ABSOLUTE
    ../clib/libinit.s                        0x00000000   Number         0  libshutdown.o ABSOLUTE
    ../clib/libinit.s                        0x00000000   Number         0  libshutdown2.o ABSOLUTE
    ../clib/signal.c                         0x00000000   Number         0  defsig_fpe_outer.o ABSOLUTE
    ../clib/signal.c                         0x00000000   Number         0  defsig_fpe_formal.o ABSOLUTE
    ../clib/signal.c                         0x00000000   Number         0  defsig_exit.o ABSOLUTE
    ../clib/signal.c                         0x00000000   Number         0  defsig_fpe_inner.o ABSOLUTE
    ../clib/signal.c                         0x00000000   Number         0  __raise.o ABSOLUTE
    ../clib/signal.c                         0x00000000   Number         0  defsig_general.o ABSOLUTE
    ../clib/signal.c                         0x00000000   Number         0  defsig_abrt_inner.o ABSOLUTE
    ../clib/signal.c                         0x00000000   Number         0  defsig_rtred_inner.o ABSOLUTE
    ../clib/signal.c                         0x00000000   Number         0  defsig_rtmem_inner.o ABSOLUTE
    ../clib/signal.c                         0x00000000   Number         0  defsig_rtmem_outer.o ABSOLUTE
    ../clib/signal.c                         0x00000000   Number         0  defsig_rtmem_formal.o ABSOLUTE
    ../clib/signal.c                         0x00000000   Number         0  defsig_stak_inner.o ABSOLUTE
    ../clib/signal.c                         0x00000000   Number         0  defsig_pvfn_inner.o ABSOLUTE
    ../clib/signal.c                         0x00000000   Number         0  defsig_cppl_inner.o ABSOLUTE
    ../clib/signal.c                         0x00000000   Number         0  defsig_segv_inner.o ABSOLUTE
    ../clib/signal.c                         0x00000000   Number         0  defsig_other.o ABSOLUTE
    ../clib/signal.s                         0x00000000   Number         0  defsig.o ABSOLUTE
    ../clib/stdlib.c                         0x00000000   Number         0  exit.o ABSOLUTE
    ../fplib/cfplib/fpinit.c                 0x00000000   Number         0  fpinit.o ABSOLUTE
    16Segment.c                              0x00000000   Number         0  16segment.o ABSOLUTE
    RTE/Device/MKL25Z128xxx4/startup_MKL25Z4.s 0x00000000   Number         0  startup_mkl25z4.o ABSOLUTE
    cal.c                                    0x00000000   Number         0  cal.o ABSOLUTE
    dc.s                                     0x00000000   Number         0  dc.o ABSOLUTE
    main.c                                   0x00000000   Number         0  main.o ABSOLUTE
    system_MKL25Z4.c                         0x00000000   Number         0  system_mkl25z4.o ABSOLUTE
    RESET                                    0x00000000   Section      192  startup_mkl25z4.o(RESET)
    !!!main                                  0x000000c0   Section        8  __main.o(!!!main)
    !!!scatter                               0x000000c8   Section       60  __scatter.o(!!!scatter)
    !!handler_copy                           0x00000104   Section       26  __scatter_copy.o(!!handler_copy)
    !!handler_zi                             0x00000120   Section       28  __scatter_zi.o(!!handler_zi)
    .ARM.Collect$$libinit$$00000000          0x0000013c   Section        2  libinit.o(.ARM.Collect$$libinit$$00000000)
    .ARM.Collect$$libinit$$00000002          0x0000013e   Section        0  libinit2.o(.ARM.Collect$$libinit$$00000002)
    .ARM.Collect$$libinit$$00000004          0x0000013e   Section        0  libinit2.o(.ARM.Collect$$libinit$$00000004)
    .ARM.Collect$$libinit$$0000000A          0x0000013e   Section        0  libinit2.o(.ARM.Collect$$libinit$$0000000A)
    .ARM.Collect$$libinit$$0000000C          0x0000013e   Section        0  libinit2.o(.ARM.Collect$$libinit$$0000000C)
    .ARM.Collect$$libinit$$0000000E          0x0000013e   Section        0  libinit2.o(.ARM.Collect$$libinit$$0000000E)
    .ARM.Collect$$libinit$$00000011          0x0000013e   Section        0  libinit2.o(.ARM.Collect$$libinit$$00000011)
    .ARM.Collect$$libinit$$00000013          0x0000013e   Section        0  libinit2.o(.ARM.Collect$$libinit$$00000013)
    .ARM.Collect$$libinit$$00000015          0x0000013e   Section        0  libinit2.o(.ARM.Collect$$libinit$$00000015)
    .ARM.Collect$$libinit$$00000017          0x0000013e   Section        0  libinit2.o(.ARM.Collect$$libinit$$00000017)
    .ARM.Collect$$libinit$$00000019          0x0000013e   Section        0  libinit2.o(.ARM.Collect$$libinit$$00000019)
    .ARM.Collect$$libinit$$0000001B          0x0000013e   Section        0  libinit2.o(.ARM.Collect$$libinit$$0000001B)
    .ARM.Collect$$libinit$$0000001D          0x0000013e   Section        0  libinit2.o(.ARM.Collect$$libinit$$0000001D)
    .ARM.Collect$$libinit$$0000001F          0x0000013e   Section        0  libinit2.o(.ARM.Collect$$libinit$$0000001F)
    .ARM.Collect$$libinit$$00000021          0x0000013e   Section        0  libinit2.o(.ARM.Collect$$libinit$$00000021)
    .ARM.Collect$$libinit$$00000023          0x0000013e   Section        0  libinit2.o(.ARM.Collect$$libinit$$00000023)
    .ARM.Collect$$libinit$$00000025          0x0000013e   Section        0  libinit2.o(.ARM.Collect$$libinit$$00000025)
    .ARM.Collect$$libinit$$0000002C          0x0000013e   Section        0  libinit2.o(.ARM.Collect$$libinit$$0000002C)
    .ARM.Collect$$libinit$$0000002E          0x0000013e   Section        0  libinit2.o(.ARM.Collect$$libinit$$0000002E)
    .ARM.Collect$$libinit$$00000030          0x0000013e   Section        0  libinit2.o(.ARM.Collect$$libinit$$00000030)
    .ARM.Collect$$libinit$$00000032          0x0000013e   Section        0  libinit2.o(.ARM.Collect$$libinit$$00000032)
    .ARM.Collect$$libinit$$00000033          0x0000013e   Section        2  libinit2.o(.ARM.Collect$$libinit$$00000033)
    .ARM.Collect$$libshutdown$$00000000      0x00000140   Section        2  libshutdown.o(.ARM.Collect$$libshutdown$$00000000)
    .ARM.Collect$$libshutdown$$00000002      0x00000142   Section        0  libshutdown2.o(.ARM.Collect$$libshutdown$$00000002)
    .ARM.Collect$$libshutdown$$00000004      0x00000142   Section        0  libshutdown2.o(.ARM.Collect$$libshutdown$$00000004)
    .ARM.Collect$$libshutdown$$00000007      0x00000142   Section        0  libshutdown2.o(.ARM.Collect$$libshutdown$$00000007)
    .ARM.Collect$$libshutdown$$0000000A      0x00000142   Section        0  libshutdown2.o(.ARM.Collect$$libshutdown$$0000000A)
    .ARM.Collect$$libshutdown$$0000000C      0x00000142   Section        0  libshutdown2.o(.ARM.Collect$$libshutdown$$0000000C)
    .ARM.Collect$$libshutdown$$0000000F      0x00000142   Section        0  libshutdown2.o(.ARM.Collect$$libshutdown$$0000000F)
    .ARM.Collect$$libshutdown$$00000010      0x00000142   Section        2  libshutdown2.o(.ARM.Collect$$libshutdown$$00000010)
    .ARM.Collect$$rtentry$$00000000          0x00000144   Section        0  __rtentry.o(.ARM.Collect$$rtentry$$00000000)
    .ARM.Collect$$rtentry$$00000002          0x00000144   Section        0  __rtentry2.o(.ARM.Collect$$rtentry$$00000002)
    .ARM.Collect$$rtentry$$00000004          0x00000144   Section        6  __rtentry4.o(.ARM.Collect$$rtentry$$00000004)
    .ARM.Collect$$rtentry$$00000009          0x0000014a   Section        0  __rtentry2.o(.ARM.Collect$$rtentry$$00000009)
    .ARM.Collect$$rtentry$$0000000A          0x0000014a   Section        4  __rtentry2.o(.ARM.Collect$$rtentry$$0000000A)
    .ARM.Collect$$rtentry$$0000000C          0x0000014e   Section        0  __rtentry2.o(.ARM.Collect$$rtentry$$0000000C)
    .ARM.Collect$$rtentry$$0000000D          0x0000014e   Section        8  __rtentry2.o(.ARM.Collect$$rtentry$$0000000D)
    .ARM.Collect$$rtexit$$00000000           0x00000156   Section        2  rtexit.o(.ARM.Collect$$rtexit$$00000000)
    .ARM.Collect$$rtexit$$00000002           0x00000158   Section        0  rtexit2.o(.ARM.Collect$$rtexit$$00000002)
    .ARM.Collect$$rtexit$$00000003           0x00000158   Section        4  rtexit2.o(.ARM.Collect$$rtexit$$00000003)
    .ARM.Collect$$rtexit$$00000004           0x0000015c   Section        6  rtexit2.o(.ARM.Collect$$rtexit$$00000004)
    .text                                    0x00000164   Section       64  startup_mkl25z4.o(.text)
    .text                                    0x000001a4   Section        0  heapauxi.o(.text)
    .text                                    0x000001aa   Section       62  sys_stackheap_outer.o(.text)
    .text                                    0x000001e8   Section        0  exit.o(.text)
    .text                                    0x000001f8   Section        8  libspace.o(.text)
    .text                                    0x00000200   Section        0  sys_exit.o(.text)
    .text                                    0x0000020c   Section        2  use_no_semi.o(.text)
    .text                                    0x0000020e   Section        0  indicate_semi.o(.text)
    [Anonymous Symbol]                       0x00000210   Section        0  cal.o(.text.AVG)
    __arm_cp.1_0                             0x00000324   Number         4  cal.o(.text.AVG)
    __arm_cp.1_1                             0x00000328   Number         4  cal.o(.text.AVG)
    __arm_cp.1_2                             0x0000032c   Number         4  cal.o(.text.AVG)
    __arm_cp.1_3                             0x00000330   Number         4  cal.o(.text.AVG)
    __arm_cp.1_4                             0x00000334   Number         4  cal.o(.text.AVG)
    [Anonymous Symbol]                       0x00000338   Section        0  cal.o(.text.Max)
    [Anonymous Symbol]                       0x00000342   Section        0  cal.o(.text.Min)
    [Anonymous Symbol]                       0x0000034c   Section        0  system_mkl25z4.o(.text.SystemInit)
    __arm_cp.0_0                             0x00000354   Number         4  system_mkl25z4.o(.text.SystemInit)
    .ARM.__at_0x400                          0x00000400   Section       16  startup_mkl25z4.o(.ARM.__at_0x400)
    [Anonymous Symbol]                       0x00000410   Section        0  16segment.o(.text.Display_Alphabet)
    __arm_cp.2_0                             0x00000718   Number         4  16segment.o(.text.Display_Alphabet)
    [Anonymous Symbol]                       0x0000071c   Section        0  16segment.o(.text.Init_14Segment)
    __arm_cp.0_0                             0x00000844   Number         4  16segment.o(.text.Init_14Segment)
    __arm_cp.0_1                             0x00000848   Number         4  16segment.o(.text.Init_14Segment)
    __arm_cp.0_2                             0x0000084c   Number         4  16segment.o(.text.Init_14Segment)
    __arm_cp.0_3                             0x00000850   Number         4  16segment.o(.text.Init_14Segment)
    __arm_cp.0_5                             0x00000854   Number         4  16segment.o(.text.Init_14Segment)
    __arm_cp.0_7                             0x00000858   Number         4  16segment.o(.text.Init_14Segment)
    [Anonymous Symbol]                       0x0000085c   Section        0  cal.o(.text.LUT_func)
    __arm_cp.4_0                             0x00000948   Number         4  cal.o(.text.LUT_func)
    __arm_cp.4_1                             0x0000094c   Number         4  cal.o(.text.LUT_func)
    __arm_cp.4_2                             0x00000950   Number         4  cal.o(.text.LUT_func)
    __arm_cp.4_3                             0x00000954   Number         4  cal.o(.text.LUT_func)
    __arm_cp.4_4                             0x00000958   Number         4  cal.o(.text.LUT_func)
    [Anonymous Symbol]                       0x0000095c   Section        0  16segment.o(.text.control_LEDs)
    __arm_cp.1_0                             0x00000a48   Number         4  16segment.o(.text.control_LEDs)
    __arm_cp.1_1                             0x00000a4c   Number         4  16segment.o(.text.control_LEDs)
    [Anonymous Symbol]                       0x00000a50   Section        0  cal.o(.text.letter_decode)
    __arm_cp.5_10                            0x00000e40   Number         4  cal.o(.text.letter_decode)
    __arm_cp.5_11                            0x00000e44   Number         4  cal.o(.text.letter_decode)
    __arm_cp.5_12                            0x00000e48   Number         4  cal.o(.text.letter_decode)
    __arm_cp.5_13                            0x00000e4c   Number         4  cal.o(.text.letter_decode)
    __arm_cp.5_14                            0x00000e50   Number         4  cal.o(.text.letter_decode)
    __arm_cp.5_19                            0x00000e64   Number         4  cal.o(.text.letter_decode)
    __arm_cp.5_5                             0x0000117c   Number         4  cal.o(.text.letter_decode)
    __arm_cp.5_6                             0x00001180   Number         4  cal.o(.text.letter_decode)
    __arm_cp.5_7                             0x00001184   Number         4  cal.o(.text.letter_decode)
    __arm_cp.5_8                             0x00001188   Number         4  cal.o(.text.letter_decode)
    [Anonymous Symbol]                       0x0000118c   Section        0  main.o(.text.main)
    __arm_cp.0_1                             0x00001264   Number         4  main.o(.text.main)
    __arm_cp.0_2                             0x00001268   Number         4  main.o(.text.main)
    __arm_cp.0_3                             0x0000126c   Number         4  main.o(.text.main)
    __arm_cp.0_4                             0x00001270   Number         4  main.o(.text.main)
    __arm_cp.0_6                             0x00001274   Number         4  main.o(.text.main)
    __arm_cp.0_7                             0x00001278   Number         4  main.o(.text.main)
    __arm_cp.0_8                             0x0000127c   Number         4  main.o(.text.main)
    __arm_cp.0_9                             0x00001280   Number         4  main.o(.text.main)
    __arm_cp.0_10                            0x00001284   Number         4  main.o(.text.main)
    __arm_cp.0_11                            0x00001288   Number         4  main.o(.text.main)
    __arm_cp.0_12                            0x0000128c   Number         4  main.o(.text.main)
    __arm_cp.0_13                            0x00001290   Number         4  main.o(.text.main)
    __arm_cp.0_14                            0x00001294   Number         4  main.o(.text.main)
    __arm_cp.0_15                            0x00001298   Number         4  main.o(.text.main)
    __arm_cp.0_16                            0x0000129c   Number         4  main.o(.text.main)
    __arm_cp.0_17                            0x000012a0   Number         4  main.o(.text.main)
    [Anonymous Symbol]                       0x000012a4   Section        0  cal.o(.text.ranges)
    __arm_cp.0_0                             0x00001398   Number         4  cal.o(.text.ranges)
    __arm_cp.0_1                             0x0000139c   Number         4  cal.o(.text.ranges)
    __arm_cp.0_2                             0x000013a0   Number         4  cal.o(.text.ranges)
    __arm_cp.0_3                             0x000013a4   Number         4  cal.o(.text.ranges)
    __arm_cp.0_4                             0x000013a8   Number         4  cal.o(.text.ranges)
    __arm_cp.0_5                             0x000013ac   Number         4  cal.o(.text.ranges)
    __arm_cp.0_6                             0x000013b0   Number         4  cal.o(.text.ranges)
    __arm_cp.0_7                             0x000013b4   Number         4  cal.o(.text.ranges)
    .text_divfast                            0x000013b8   Section      502  aeabi_sdivfast.o(.text_divfast)
    .bss                                     0x1ffff020   Section       96  libspace.o(.bss)
    Heap_Mem                                 0x1ffff228   Data           0  startup_mkl25z4.o(HEAP)
    Stack_Mem                                0x1ffff228   Data         256  startup_mkl25z4.o(STACK)
    HEAP                                     0x1ffff228   Section        0  startup_mkl25z4.o(HEAP)
    STACK                                    0x1ffff228   Section      256  startup_mkl25z4.o(STACK)
    __initial_sp                             0x1ffff328   Data           0  startup_mkl25z4.o(STACK)

    Global Symbols

    Symbol Name                              Value     Ov Type        Size  Object(Section)

    BuildAttributes$$THM_ISAv3M$S$PE$A:L22$X:L11$S22$IEEE1$IW$~IW$USESV6$~STKCKD$USESV7$~SHL$OTIME$ROPI$EBA8$UX$STANDARDLIB$REQ8$PRES8$EABIv2 0x00000000   Number         0  anon$$obj.o ABSOLUTE
    __Vectors                                0x00000000   Data           4  startup_mkl25z4.o(RESET)
    __ARM_exceptions_init                     - Undefined Weak Reference
    __alloca_initialize                       - Undefined Weak Reference
    __arm_preinit_                            - Undefined Weak Reference
    __cpp_initialize__aeabi_                  - Undefined Weak Reference
    __cxa_finalize                            - Undefined Weak Reference
    __rt_locale                               - Undefined Weak Reference
    __sigvec_lookup                           - Undefined Weak Reference
    _atexit_init                              - Undefined Weak Reference
    _call_atexit_fns                          - Undefined Weak Reference
    _clock_init                               - Undefined Weak Reference
    _fp_trap_init                             - Undefined Weak Reference
    _fp_trap_shutdown                         - Undefined Weak Reference
    _get_lc_collate                           - Undefined Weak Reference
    _get_lc_ctype                             - Undefined Weak Reference
    _get_lc_monetary                          - Undefined Weak Reference
    _get_lc_numeric                           - Undefined Weak Reference
    _get_lc_time                              - Undefined Weak Reference
    _getenv_init                              - Undefined Weak Reference
    _handle_redirection                       - Undefined Weak Reference
    _init_alloc                               - Undefined Weak Reference
    _init_user_alloc                          - Undefined Weak Reference
    _initio                                   - Undefined Weak Reference
    _rand_init                                - Undefined Weak Reference
    _signal_finish                            - Undefined Weak Reference
    _signal_init                              - Undefined Weak Reference
    _terminate_alloc                          - Undefined Weak Reference
    _terminate_user_alloc                     - Undefined Weak Reference
    _terminateio                              - Undefined Weak Reference
    __Vectors_End                            0x000000c0   Data           0  startup_mkl25z4.o(RESET)
    __Vectors_Size                           0x000000c0   Number         0  startup_mkl25z4.o ABSOLUTE
    __main                                   0x000000c1   Thumb Code     8  __main.o(!!!main)
    __scatterload                            0x000000c9   Thumb Code     0  __scatter.o(!!!scatter)
    __scatterload_rt2                        0x000000c9   Thumb Code    52  __scatter.o(!!!scatter)
    __scatterload_rt2_thumb_only             0x000000c9   Thumb Code     0  __scatter.o(!!!scatter)
    __scatterload_null                       0x000000d9   Thumb Code     0  __scatter.o(!!!scatter)
    __scatterload_copy                       0x00000105   Thumb Code    26  __scatter_copy.o(!!handler_copy)
    __scatterload_zeroinit                   0x00000121   Thumb Code    28  __scatter_zi.o(!!handler_zi)
    __rt_lib_init                            0x0000013d   Thumb Code     0  libinit.o(.ARM.Collect$$libinit$$00000000)
    __rt_lib_init_alloca_1                   0x0000013f   Thumb Code     0  libinit2.o(.ARM.Collect$$libinit$$0000002E)
    __rt_lib_init_argv_1                     0x0000013f   Thumb Code     0  libinit2.o(.ARM.Collect$$libinit$$0000002C)
    __rt_lib_init_atexit_1                   0x0000013f   Thumb Code     0  libinit2.o(.ARM.Collect$$libinit$$0000001B)
    __rt_lib_init_clock_1                    0x0000013f   Thumb Code     0  libinit2.o(.ARM.Collect$$libinit$$00000021)
    __rt_lib_init_cpp_1                      0x0000013f   Thumb Code     0  libinit2.o(.ARM.Collect$$libinit$$00000032)
    __rt_lib_init_exceptions_1               0x0000013f   Thumb Code     0  libinit2.o(.ARM.Collect$$libinit$$00000030)
    __rt_lib_init_fp_1                       0x0000013f   Thumb Code     0  libinit2.o(.ARM.Collect$$libinit$$00000002)
    __rt_lib_init_fp_trap_1                  0x0000013f   Thumb Code     0  libinit2.o(.ARM.Collect$$libinit$$0000001F)
    __rt_lib_init_getenv_1                   0x0000013f   Thumb Code     0  libinit2.o(.ARM.Collect$$libinit$$00000023)
    __rt_lib_init_heap_1                     0x0000013f   Thumb Code     0  libinit2.o(.ARM.Collect$$libinit$$0000000A)
    __rt_lib_init_lc_collate_1               0x0000013f   Thumb Code     0  libinit2.o(.ARM.Collect$$libinit$$00000011)
    __rt_lib_init_lc_ctype_1                 0x0000013f   Thumb Code     0  libinit2.o(.ARM.Collect$$libinit$$00000013)
    __rt_lib_init_lc_monetary_1              0x0000013f   Thumb Code     0  libinit2.o(.ARM.Collect$$libinit$$00000015)
    __rt_lib_init_lc_numeric_1               0x0000013f   Thumb Code     0  libinit2.o(.ARM.Collect$$libinit$$00000017)
    __rt_lib_init_lc_time_1                  0x0000013f   Thumb Code     0  libinit2.o(.ARM.Collect$$libinit$$00000019)
    __rt_lib_init_preinit_1                  0x0000013f   Thumb Code     0  libinit2.o(.ARM.Collect$$libinit$$00000004)
    __rt_lib_init_rand_1                     0x0000013f   Thumb Code     0  libinit2.o(.ARM.Collect$$libinit$$0000000E)
    __rt_lib_init_return                     0x0000013f   Thumb Code     0  libinit2.o(.ARM.Collect$$libinit$$00000033)
    __rt_lib_init_signal_1                   0x0000013f   Thumb Code     0  libinit2.o(.ARM.Collect$$libinit$$0000001D)
    __rt_lib_init_stdio_1                    0x0000013f   Thumb Code     0  libinit2.o(.ARM.Collect$$libinit$$00000025)
    __rt_lib_init_user_alloc_1               0x0000013f   Thumb Code     0  libinit2.o(.ARM.Collect$$libinit$$0000000C)
    __rt_lib_shutdown                        0x00000141   Thumb Code     0  libshutdown.o(.ARM.Collect$$libshutdown$$00000000)
    __rt_lib_shutdown_cpp_1                  0x00000143   Thumb Code     0  libshutdown2.o(.ARM.Collect$$libshutdown$$00000002)
    __rt_lib_shutdown_fp_trap_1              0x00000143   Thumb Code     0  libshutdown2.o(.ARM.Collect$$libshutdown$$00000007)
    __rt_lib_shutdown_heap_1                 0x00000143   Thumb Code     0  libshutdown2.o(.ARM.Collect$$libshutdown$$0000000F)
    __rt_lib_shutdown_return                 0x00000143   Thumb Code     0  libshutdown2.o(.ARM.Collect$$libshutdown$$00000010)
    __rt_lib_shutdown_signal_1               0x00000143   Thumb Code     0  libshutdown2.o(.ARM.Collect$$libshutdown$$0000000A)
    __rt_lib_shutdown_stdio_1                0x00000143   Thumb Code     0  libshutdown2.o(.ARM.Collect$$libshutdown$$00000004)
    __rt_lib_shutdown_user_alloc_1           0x00000143   Thumb Code     0  libshutdown2.o(.ARM.Collect$$libshutdown$$0000000C)
    __rt_entry                               0x00000145   Thumb Code     0  __rtentry.o(.ARM.Collect$$rtentry$$00000000)
    __rt_entry_presh_1                       0x00000145   Thumb Code     0  __rtentry2.o(.ARM.Collect$$rtentry$$00000002)
    __rt_entry_sh                            0x00000145   Thumb Code     0  __rtentry4.o(.ARM.Collect$$rtentry$$00000004)
    __rt_entry_li                            0x0000014b   Thumb Code     0  __rtentry2.o(.ARM.Collect$$rtentry$$0000000A)
    __rt_entry_postsh_1                      0x0000014b   Thumb Code     0  __rtentry2.o(.ARM.Collect$$rtentry$$00000009)
    __rt_entry_main                          0x0000014f   Thumb Code     0  __rtentry2.o(.ARM.Collect$$rtentry$$0000000D)
    __rt_entry_postli_1                      0x0000014f   Thumb Code     0  __rtentry2.o(.ARM.Collect$$rtentry$$0000000C)
    __rt_exit                                0x00000157   Thumb Code     0  rtexit.o(.ARM.Collect$$rtexit$$00000000)
    __rt_exit_ls                             0x00000159   Thumb Code     0  rtexit2.o(.ARM.Collect$$rtexit$$00000003)
    __rt_exit_prels_1                        0x00000159   Thumb Code     0  rtexit2.o(.ARM.Collect$$rtexit$$00000002)
    __rt_exit_exit                           0x0000015d   Thumb Code     0  rtexit2.o(.ARM.Collect$$rtexit$$00000004)
    Reset_Handler                            0x00000165   Thumb Code    12  startup_mkl25z4.o(.text)
    NMI_Handler                              0x00000171   Thumb Code     2  startup_mkl25z4.o(.text)
    HardFault_Handler                        0x00000173   Thumb Code     2  startup_mkl25z4.o(.text)
    SVC_Handler                              0x00000175   Thumb Code     2  startup_mkl25z4.o(.text)
    PendSV_Handler                           0x00000177   Thumb Code     2  startup_mkl25z4.o(.text)
    SysTick_Handler                          0x00000179   Thumb Code     2  startup_mkl25z4.o(.text)
    ADC0_IRQHandler                          0x0000017b   Thumb Code     0  startup_mkl25z4.o(.text)
    CMP0_IRQHandler                          0x0000017b   Thumb Code     0  startup_mkl25z4.o(.text)
    DAC0_IRQHandler                          0x0000017b   Thumb Code     0  startup_mkl25z4.o(.text)
    DMA0_IRQHandler                          0x0000017b   Thumb Code     0  startup_mkl25z4.o(.text)
    DMA1_IRQHandler                          0x0000017b   Thumb Code     0  startup_mkl25z4.o(.text)
    DMA2_IRQHandler                          0x0000017b   Thumb Code     0  startup_mkl25z4.o(.text)
    DMA3_IRQHandler                          0x0000017b   Thumb Code     0  startup_mkl25z4.o(.text)
    DefaultISR                               0x0000017b   Thumb Code     0  startup_mkl25z4.o(.text)
    FTFA_IRQHandler                          0x0000017b   Thumb Code     0  startup_mkl25z4.o(.text)
    I2C0_IRQHandler                          0x0000017b   Thumb Code     0  startup_mkl25z4.o(.text)
    I2C1_IRQHandler                          0x0000017b   Thumb Code     0  startup_mkl25z4.o(.text)
    LLWU_IRQHandler                          0x0000017b   Thumb Code     0  startup_mkl25z4.o(.text)
    LPTMR0_IRQHandler                        0x0000017b   Thumb Code     0  startup_mkl25z4.o(.text)
    LVD_LVW_IRQHandler                       0x0000017b   Thumb Code     0  startup_mkl25z4.o(.text)
    MCG_IRQHandler                           0x0000017b   Thumb Code     0  startup_mkl25z4.o(.text)
    PIT_IRQHandler                           0x0000017b   Thumb Code     0  startup_mkl25z4.o(.text)
    PORTA_IRQHandler                         0x0000017b   Thumb Code     0  startup_mkl25z4.o(.text)
    PORTD_IRQHandler                         0x0000017b   Thumb Code     0  startup_mkl25z4.o(.text)
    RTC_IRQHandler                           0x0000017b   Thumb Code     0  startup_mkl25z4.o(.text)
    RTC_Seconds_IRQHandler                   0x0000017b   Thumb Code     0  startup_mkl25z4.o(.text)
    Reserved20_IRQHandler                    0x0000017b   Thumb Code     0  startup_mkl25z4.o(.text)
    Reserved39_IRQHandler                    0x0000017b   Thumb Code     0  startup_mkl25z4.o(.text)
    Reserved45_IRQHandler                    0x0000017b   Thumb Code     0  startup_mkl25z4.o(.text)
    SPI0_IRQHandler                          0x0000017b   Thumb Code     0  startup_mkl25z4.o(.text)
    SPI1_IRQHandler                          0x0000017b   Thumb Code     0  startup_mkl25z4.o(.text)
    TPM0_IRQHandler                          0x0000017b   Thumb Code     0  startup_mkl25z4.o(.text)
    TPM1_IRQHandler                          0x0000017b   Thumb Code     0  startup_mkl25z4.o(.text)
    TPM2_IRQHandler                          0x0000017b   Thumb Code     0  startup_mkl25z4.o(.text)
    TSI0_IRQHandler                          0x0000017b   Thumb Code     0  startup_mkl25z4.o(.text)
    UART0_IRQHandler                         0x0000017b   Thumb Code     0  startup_mkl25z4.o(.text)
    UART1_IRQHandler                         0x0000017b   Thumb Code     0  startup_mkl25z4.o(.text)
    UART2_IRQHandler                         0x0000017b   Thumb Code     0  startup_mkl25z4.o(.text)
    USB0_IRQHandler                          0x0000017b   Thumb Code     0  startup_mkl25z4.o(.text)
    __user_initial_stackheap                 0x00000181   Thumb Code     0  startup_mkl25z4.o(.text)
    __use_two_region_memory                  0x000001a5   Thumb Code     2  heapauxi.o(.text)
    __rt_heap_escrow$2region                 0x000001a7   Thumb Code     2  heapauxi.o(.text)
    __rt_heap_expand$2region                 0x000001a9   Thumb Code     2  heapauxi.o(.text)
    __user_setup_stackheap                   0x000001ab   Thumb Code    62  sys_stackheap_outer.o(.text)
    exit                                     0x000001e9   Thumb Code    16  exit.o(.text)
    __user_libspace                          0x000001f9   Thumb Code     8  libspace.o(.text)
    __user_perproc_libspace                  0x000001f9   Thumb Code     0  libspace.o(.text)
    __user_perthread_libspace                0x000001f9   Thumb Code     0  libspace.o(.text)
    _sys_exit                                0x00000201   Thumb Code     8  sys_exit.o(.text)
    __I$use$semihosting                      0x0000020d   Thumb Code     0  use_no_semi.o(.text)
    __use_no_semihosting_swi                 0x0000020d   Thumb Code     2  use_no_semi.o(.text)
    __semihosting_library_function           0x0000020f   Thumb Code     0  indicate_semi.o(.text)
    AVG                                      0x00000211   Thumb Code   276  cal.o(.text.AVG)
    Max                                      0x00000339   Thumb Code    10  cal.o(.text.Max)
    Min                                      0x00000343   Thumb Code    10  cal.o(.text.Min)
    SystemInit                               0x0000034d   Thumb Code     8  system_mkl25z4.o(.text.SystemInit)
    Region$$Table$$Base                      0x00000358   Number         0  anon$$obj.o(Region$$Table)
    Region$$Table$$Limit                     0x00000378   Number         0  anon$$obj.o(Region$$Table)
    Display_Alphabet                         0x00000411   Thumb Code   776  16segment.o(.text.Display_Alphabet)
    Init_14Segment                           0x0000071d   Thumb Code   296  16segment.o(.text.Init_14Segment)
    LUT_func                                 0x0000085d   Thumb Code   236  cal.o(.text.LUT_func)
    control_LEDs                             0x0000095d   Thumb Code   236  16segment.o(.text.control_LEDs)
    letter_decode                            0x00000a51   Thumb Code  1836  cal.o(.text.letter_decode)
    main                                     0x0000118d   Thumb Code   216  main.o(.text.main)
    ranges                                   0x000012a5   Thumb Code   244  cal.o(.text.ranges)
    __aeabi_uidiv                            0x000013b9   Thumb Code    68  aeabi_sdivfast.o(.text_divfast)
    __aeabi_idiv                             0x000013fd   Thumb Code   434  aeabi_sdivfast.o(.text_divfast)
    ADC_is_reading_cal1                      0x1ffff000   Data           4  main.o(.data.ADC_is_reading_cal1)
    ADC_is_reading_cal2                      0x1ffff004   Data           4  main.o(.data.ADC_is_reading_cal2)
    Observed_Bent_values                     0x1ffff008   Data          10  cal.o(.data.Observed_Bent_values)
    Observed_Standing_values                 0x1ffff012   Data          10  cal.o(.data.Observed_Standing_values)
    __libspace_start                         0x1ffff020   Data          96  libspace.o(.bss)
    Bent_Ranges                              0x1ffff080   Data          40  cal.o(.bss.Bent_Ranges)
    __temporary_stack_top$libspace           0x1ffff080   Data           0  libspace.o(.bss)
    LUT                                      0x1ffff0a8   Data         260  cal.o(.bss.LUT)
    Middle_Ranges                            0x1ffff1ac   Data          40  cal.o(.bss.Middle_Ranges)
    Standing_Ranges                          0x1ffff1d4   Data          40  cal.o(.bss.Standing_Ranges)
    counterbend                              0x1ffff1fc   Data           2  cal.o(.bss.counterbend)
    counterstand                             0x1ffff1fe   Data           2  cal.o(.bss.counterstand)
    in                                       0x1ffff200   Data           4  16segment.o(.bss.in)
    index_flag                               0x1ffff204   Data           4  cal.o(.bss.index_flag)
    middle_flag                              0x1ffff208   Data           4  cal.o(.bss.middle_flag)
    pinky_flag                               0x1ffff20c   Data           4  cal.o(.bss.pinky_flag)
    receivedADCread                          0x1ffff210   Data          10  cal.o(.bss.receivedADCread)
    receivedcal_val                          0x1ffff21a   Data           1  cal.o(.bss.receivedcal_val)
    ring_flag                                0x1ffff21c   Data           4  cal.o(.bss.ring_flag)
    thumb_flag                               0x1ffff220   Data           4  cal.o(.bss.thumb_flag)



==============================================================================

Memory Map of the image

  Image Entry point : 0x00000165

  Load Region LR_1 (Base: 0x00000000, Size: 0x000015cc, Max: 0xffffffff, ABSOLUTE)

    Execution Region ER_RO (Exec base: 0x00000000, Load base: 0x00000000, Size: 0x000015b0, Max: 0xffffffff, ABSOLUTE)

    Exec Addr    Load Addr    Size         Type   Attr      Idx    E Section Name        Object

    0x00000000   0x00000000   0x000000c0   Data   RO           65    RESET               startup_mkl25z4.o
    0x000000c0   0x000000c0   0x00000008   Code   RO          100  * !!!main             c_p.l(__main.o)
    0x000000c8   0x000000c8   0x0000003c   Code   RO          275    !!!scatter          c_p.l(__scatter.o)
    0x00000104   0x00000104   0x0000001a   Code   RO          277    !!handler_copy      c_p.l(__scatter_copy.o)
    0x0000011e   0x0000011e   0x00000002   PAD
    0x00000120   0x00000120   0x0000001c   Code   RO          279    !!handler_zi        c_p.l(__scatter_zi.o)
    0x0000013c   0x0000013c   0x00000002   Code   RO          138    .ARM.Collect$$libinit$$00000000  c_p.l(libinit.o)
    0x0000013e   0x0000013e   0x00000000   Code   RO          152    .ARM.Collect$$libinit$$00000002  c_p.l(libinit2.o)
    0x0000013e   0x0000013e   0x00000000   Code   RO          154    .ARM.Collect$$libinit$$00000004  c_p.l(libinit2.o)
    0x0000013e   0x0000013e   0x00000000   Code   RO          157    .ARM.Collect$$libinit$$0000000A  c_p.l(libinit2.o)
    0x0000013e   0x0000013e   0x00000000   Code   RO          159    .ARM.Collect$$libinit$$0000000C  c_p.l(libinit2.o)
    0x0000013e   0x0000013e   0x00000000   Code   RO          161    .ARM.Collect$$libinit$$0000000E  c_p.l(libinit2.o)
    0x0000013e   0x0000013e   0x00000000   Code   RO          164    .ARM.Collect$$libinit$$00000011  c_p.l(libinit2.o)
    0x0000013e   0x0000013e   0x00000000   Code   RO          166    .ARM.Collect$$libinit$$00000013  c_p.l(libinit2.o)
    0x0000013e   0x0000013e   0x00000000   Code   RO          168    .ARM.Collect$$libinit$$00000015  c_p.l(libinit2.o)
    0x0000013e   0x0000013e   0x00000000   Code   RO          170    .ARM.Collect$$libinit$$00000017  c_p.l(libinit2.o)
    0x0000013e   0x0000013e   0x00000000   Code   RO          172    .ARM.Collect$$libinit$$00000019  c_p.l(libinit2.o)
    0x0000013e   0x0000013e   0x00000000   Code   RO          174    .ARM.Collect$$libinit$$0000001B  c_p.l(libinit2.o)
    0x0000013e   0x0000013e   0x00000000   Code   RO          176    .ARM.Collect$$libinit$$0000001D  c_p.l(libinit2.o)
    0x0000013e   0x0000013e   0x00000000   Code   RO          178    .ARM.Collect$$libinit$$0000001F  c_p.l(libinit2.o)
    0x0000013e   0x0000013e   0x00000000   Code   RO          180    .ARM.Collect$$libinit$$00000021  c_p.l(libinit2.o)
    0x0000013e   0x0000013e   0x00000000   Code   RO          182    .ARM.Collect$$libinit$$00000023  c_p.l(libinit2.o)
    0x0000013e   0x0000013e   0x00000000   Code   RO          184    .ARM.Collect$$libinit$$00000025  c_p.l(libinit2.o)
    0x0000013e   0x0000013e   0x00000000   Code   RO          188    .ARM.Collect$$libinit$$0000002C  c_p.l(libinit2.o)
    0x0000013e   0x0000013e   0x00000000   Code   RO          190    .ARM.Collect$$libinit$$0000002E  c_p.l(libinit2.o)
    0x0000013e   0x0000013e   0x00000000   Code   RO          192    .ARM.Collect$$libinit$$00000030  c_p.l(libinit2.o)
    0x0000013e   0x0000013e   0x00000000   Code   RO          194    .ARM.Collect$$libinit$$00000032  c_p.l(libinit2.o)
    0x0000013e   0x0000013e   0x00000002   Code   RO          195    .ARM.Collect$$libinit$$00000033  c_p.l(libinit2.o)
    0x00000140   0x00000140   0x00000002   Code   RO          230    .ARM.Collect$$libshutdown$$00000000  c_p.l(libshutdown.o)
    0x00000142   0x00000142   0x00000000   Code   RO          258    .ARM.Collect$$libshutdown$$00000002  c_p.l(libshutdown2.o)
    0x00000142   0x00000142   0x00000000   Code   RO          260    .ARM.Collect$$libshutdown$$00000004  c_p.l(libshutdown2.o)
    0x00000142   0x00000142   0x00000000   Code   RO          263    .ARM.Collect$$libshutdown$$00000007  c_p.l(libshutdown2.o)
    0x00000142   0x00000142   0x00000000   Code   RO          266    .ARM.Collect$$libshutdown$$0000000A  c_p.l(libshutdown2.o)
    0x00000142   0x00000142   0x00000000   Code   RO          268    .ARM.Collect$$libshutdown$$0000000C  c_p.l(libshutdown2.o)
    0x00000142   0x00000142   0x00000000   Code   RO          271    .ARM.Collect$$libshutdown$$0000000F  c_p.l(libshutdown2.o)
    0x00000142   0x00000142   0x00000002   Code   RO          272    .ARM.Collect$$libshutdown$$00000010  c_p.l(libshutdown2.o)
    0x00000144   0x00000144   0x00000000   Code   RO          102    .ARM.Collect$$rtentry$$00000000  c_p.l(__rtentry.o)
    0x00000144   0x00000144   0x00000000   Code   RO          108    .ARM.Collect$$rtentry$$00000002  c_p.l(__rtentry2.o)
    0x00000144   0x00000144   0x00000006   Code   RO          120    .ARM.Collect$$rtentry$$00000004  c_p.l(__rtentry4.o)
    0x0000014a   0x0000014a   0x00000000   Code   RO          110    .ARM.Collect$$rtentry$$00000009  c_p.l(__rtentry2.o)
    0x0000014a   0x0000014a   0x00000004   Code   RO          111    .ARM.Collect$$rtentry$$0000000A  c_p.l(__rtentry2.o)
    0x0000014e   0x0000014e   0x00000000   Code   RO          113    .ARM.Collect$$rtentry$$0000000C  c_p.l(__rtentry2.o)
    0x0000014e   0x0000014e   0x00000008   Code   RO          114    .ARM.Collect$$rtentry$$0000000D  c_p.l(__rtentry2.o)
    0x00000156   0x00000156   0x00000002   Code   RO          143    .ARM.Collect$$rtexit$$00000000  c_p.l(rtexit.o)
    0x00000158   0x00000158   0x00000000   Code   RO          201    .ARM.Collect$$rtexit$$00000002  c_p.l(rtexit2.o)
    0x00000158   0x00000158   0x00000004   Code   RO          202    .ARM.Collect$$rtexit$$00000003  c_p.l(rtexit2.o)
    0x0000015c   0x0000015c   0x00000006   Code   RO          203    .ARM.Collect$$rtexit$$00000004  c_p.l(rtexit2.o)
    0x00000162   0x00000162   0x00000002   PAD
    0x00000164   0x00000164   0x00000040   Code   RO           67  * .text               startup_mkl25z4.o
    0x000001a4   0x000001a4   0x00000006   Code   RO           98    .text               c_p.l(heapauxi.o)
    0x000001aa   0x000001aa   0x0000003e   Code   RO          124    .text               c_p.l(sys_stackheap_outer.o)
    0x000001e8   0x000001e8   0x00000010   Code   RO          127    .text               c_p.l(exit.o)
    0x000001f8   0x000001f8   0x00000008   Code   RO          139    .text               c_p.l(libspace.o)
    0x00000200   0x00000200   0x0000000c   Code   RO          196    .text               c_p.l(sys_exit.o)
    0x0000020c   0x0000020c   0x00000002   Code   RO          219    .text               c_p.l(use_no_semi.o)
    0x0000020e   0x0000020e   0x00000000   Code   RO          221    .text               c_p.l(indicate_semi.o)
    0x0000020e   0x0000020e   0x00000002   PAD
    0x00000210   0x00000210   0x00000128   Code   RO           16    .text.AVG           cal.o
    0x00000338   0x00000338   0x0000000a   Code   RO           20    .text.Max           cal.o
    0x00000342   0x00000342   0x0000000a   Code   RO           18    .text.Min           cal.o
    0x0000034c   0x0000034c   0x0000000c   Code   RO           76    .text.SystemInit    system_mkl25z4.o
    0x00000358   0x00000358   0x00000020   Data   RO          274    Region$$Table       anon$$obj.o
    0x00000378   0x00000378   0x00000088   PAD
    0x00000400   0x00000400   0x00000010   Code   RO           66    .ARM.__at_0x400     startup_mkl25z4.o
    0x00000410   0x00000410   0x0000030c   Code   RO           53    .text.Display_Alphabet  16segment.o
    0x0000071c   0x0000071c   0x00000140   Code   RO           49    .text.Init_14Segment  16segment.o
    0x0000085c   0x0000085c   0x00000100   Code   RO           22    .text.LUT_func      cal.o
    0x0000095c   0x0000095c   0x000000f4   Code   RO           51    .text.control_LEDs  16segment.o
    0x00000a50   0x00000a50   0x0000073c   Code   RO           24    .text.letter_decode  cal.o
    0x0000118c   0x0000118c   0x00000118   Code   RO            2    .text.main          main.o
    0x000012a4   0x000012a4   0x00000114   Code   RO           14    .text.ranges        cal.o
    0x000013b8   0x000013b8   0x000001f6   Code   RO           91    .text_divfast       c_p.l(aeabi_sdivfast.o)


    Execution Region ER_RW (Exec base: 0x1ffff000, Load base: 0x000015b0, Size: 0x0000001c, Max: 0xffffffff, ABSOLUTE)

    Exec Addr    Load Addr    Size         Type   Attr      Idx    E Section Name        Object

    0x1ffff000   0x000015b0   0x00000004   Data   RW            4    .data.ADC_is_reading_cal1  main.o
    0x1ffff004   0x000015b4   0x00000004   Data   RW            5    .data.ADC_is_reading_cal2  main.o
    0x1ffff008   0x000015b8   0x0000000a   Data   RW           27    .data.Observed_Bent_values  cal.o
    0x1ffff012   0x000015c2   0x0000000a   Data   RW           26    .data.Observed_Standing_values  cal.o


    Execution Region ER_ZI (Exec base: 0x1ffff020, Load base: 0x000015cc, Size: 0x00000308, Max: 0xffffffff, ABSOLUTE)

    Exec Addr    Load Addr    Size         Type   Attr      Idx    E Section Name        Object

    0x1ffff020        -       0x00000060   Zero   RW          140    .bss                c_p.l(libspace.o)
    0x1ffff080        -       0x00000028   Zero   RW           29    .bss.Bent_Ranges    cal.o
    0x1ffff0a8        -       0x00000104   Zero   RW           35    .bss.LUT            cal.o
    0x1ffff1ac        -       0x00000028   Zero   RW           30    .bss.Middle_Ranges  cal.o
    0x1ffff1d4        -       0x00000028   Zero   RW           28    .bss.Standing_Ranges  cal.o
    0x1ffff1fc        -       0x00000002   Zero   RW           32    .bss.counterbend    cal.o
    0x1ffff1fe        -       0x00000002   Zero   RW           31    .bss.counterstand   cal.o
    0x1ffff200        -       0x00000004   Zero   RW           55    .bss.in             16segment.o
    0x1ffff204        -       0x00000004   Zero   RW           39    .bss.index_flag     cal.o
    0x1ffff208        -       0x00000004   Zero   RW           38    .bss.middle_flag    cal.o
    0x1ffff20c        -       0x00000004   Zero   RW           36    .bss.pinky_flag     cal.o
    0x1ffff210        -       0x0000000a   Zero   RW           34    .bss.receivedADCread  cal.o
    0x1ffff21a        -       0x00000001   Zero   RW           33    .bss.receivedcal_val  cal.o
    0x1ffff21b   0x000015cc   0x00000001   PAD
    0x1ffff21c        -       0x00000004   Zero   RW           37    .bss.ring_flag      cal.o
    0x1ffff220        -       0x00000004   Zero   RW           40    .bss.thumb_flag     cal.o
    0x1ffff224   0x000015cc   0x00000004   PAD
    0x1ffff228        -       0x00000000   Zero   RW           64    HEAP                startup_mkl25z4.o
    0x1ffff228        -       0x00000100   Zero   RW           63    STACK               startup_mkl25z4.o


==============================================================================

Image component sizes


      Code (inc. data)   RO Data    RW Data    ZI Data      Debug   Object Name

      1344        140          0          0          4       3343   16segment.o
      2700        128          0         20        415       5285   cal.o
       280         64          0          8          0        625   main.o
        80         44        192          0        256        852   startup_mkl25z4.o
        12          4          0          0          0       2521   system_mkl25z4.o

    ----------------------------------------------------------------------
      4416        380        360         28        680      12626   Object Totals
         0          0         32          0          0          0   (incl. Generated)
         0          0        136          0          5          0   (incl. Padding)

    ----------------------------------------------------------------------

      Code (inc. data)   RO Data    RW Data    ZI Data      Debug   Library Member Name

         8          0          0          0          0         68   __main.o
         0          0          0          0          0          0   __rtentry.o
        12          0          0          0          0          0   __rtentry2.o
         6          0          0          0          0          0   __rtentry4.o
        60          8          0          0          0          0   __scatter.o
        26          0          0          0          0          0   __scatter_copy.o
        28          0          0          0          0          0   __scatter_zi.o
       502          0          0          0          0         92   aeabi_sdivfast.o
        16          0          0          0          0         68   exit.o
         6          0          0          0          0        136   heapauxi.o
         0          0          0          0          0          0   indicate_semi.o
         2          0          0          0          0          0   libinit.o
         2          0          0          0          0          0   libinit2.o
         2          0          0          0          0          0   libshutdown.o
         2          0          0          0          0          0   libshutdown2.o
         8          4          0          0         96         68   libspace.o
         2          0          0          0          0          0   rtexit.o
        10          0          0          0          0          0   rtexit2.o
        12          4          0          0          0         60   sys_exit.o
        62          0          0          0          0         80   sys_stackheap_outer.o
         2          0          0          0          0         68   use_no_semi.o

    ----------------------------------------------------------------------
       776         16          0          0         96        640   Library Totals
         8          0          0          0          0          0   (incl. Padding)

    ----------------------------------------------------------------------

      Code (inc. data)   RO Data    RW Data    ZI Data      Debug   Library Name

       768         16          0          0         96        640   c_p.l

    ----------------------------------------------------------------------
       776         16          0          0         96        640   Library Totals

    ----------------------------------------------------------------------

==============================================================================


      Code (inc. data)   RO Data    RW Data    ZI Data      Debug   

      5192        396        360         28        776      13062   Grand Totals
      5192        396        360         28        776      13062   ELF Image Totals
      5192        396        360         28          0          0   ROM Totals

==============================================================================

    Total RO  Size (Code + RO Data)                 5552 (   5.42kB)
    Total RW  Size (RW Data + ZI Data)               804 (   0.79kB)
    Total ROM Size (Code + RO Data + RW Data)       5580 (   5.45kB)

==============================================================================

