<html>
<body>
<pre>
<h1>µVision Build Log</h1>
<h2>Tool Versions:</h2>
IDE-Version: µVision V5.35.0.0
Copyright (C) 2021 ARM Ltd and ARM Germany GmbH. All rights reserved.
License Information: Sumati Gupta, Oakland University, LIC=----
 
Tool Versions:
Toolchain:       MDK-Lite  Version: 5.35.0.2
Toolchain Path:  C:\Keil_v5\ARM\ARMCLANG\Bin
C Compiler:      ArmClang.exe V6.16
Assembler:       Armasm.exe V6.16
Linker/Locator:  ArmLink.exe V6.16
Library Manager: ArmAr.exe V6.16
Hex Converter:   FromElf.exe V6.16
CPU DLL:         SARMCM3.DLL V5.35.0.2
Dialog DLL:      DARMCM1.DLL V1.19.4.0
Target DLL:      CMSIS_AGDI.dll V1.33.0.0
Dialog DLL:      TARMCM1.DLL V1.14.4.0
 
<h2>Project:</h2>
C:\Users\sumat\Desktop\currentcourses\ece 5721 embedded systems\Project\ECE5721_Project-main\ECE5721_Project-main\UART_TX_Working\UARTTXRX.uvprojx
Project File Date:  11/22/2021

<h2>Output:</h2>
*** Using Compiler 'V6.16', folder: 'C:\Keil_v5\ARM\ARMCLANG\Bin'
Rebuild target 'Target 1'
assembling startup_MKL25Z4.s...
main.c(1): warning: In file included from...
./main.h(2): warning: In file included from...
./dma.h(14): warning: no newline at end of file [-Wnewline-eof]
void DMA0_IRQHandler(void);
                           ^
main.c(1): warning: In file included from...
./main.h(3): warning: In file included from...
./UART.h(2): warning: In file included from...
./dma.h(14): warning: no newline at end of file [-Wnewline-eof]
void DMA0_IRQHandler(void);
                           ^
main.c(1): warning: In file included from...
./main.h(3): warning: In file included from...
./UART.h(44): warning: no newline at end of file [-Wnewline-eof]
void UART0_Transmit_OneByte(void);
                                  ^
main.c(1): warning: In file included from...
./main.h(4): warning: In file included from...
./adc.h(21): warning: no newline at end of file [-Wnewline-eof]
int internal_calibration_adc(void); 
                                    ^
main.c(10): warning: no previous extern declaration for non-static variable 'index' [-Wmissing-variable-declarations]
int index = 0;
    ^
main.c(10): note: declare 'static' if the variable is not intended to be used outside of this translation unit
int index = 0;
^
main.c(65): warning: no newline at end of file [-Wnewline-eof]
}
 ^
6 warnings generated.
compiling main.c...
compiling system_MKL25Z4.c...
UART.c(1): warning: In file included from...
./UART.h(2): warning: In file included from...
./dma.h(14): warning: no newline at end of file [-Wnewline-eof]
void DMA0_IRQHandler(void);
                           ^
UART.c(1): warning: In file included from...
./UART.h(44): warning: no newline at end of file [-Wnewline-eof]
void UART0_Transmit_OneByte(void);
                                  ^
UART.c(18): warning: no previous extern declaration for non-static variable 'Transmit_Done' [-Wmissing-variable-declarations]
unsigned char Transmit_Done = 0;
              ^
UART.c(18): note: declare 'static' if the variable is not intended to be used outside of this translation unit
unsigned char Transmit_Done = 0;
^
UART.c(137): warning: no newline at end of file [-Wnewline-eof]
}
 ^
4 warnings generated.
compiling UART.c...
linking...
Program Size: Code=880 RO-data=392 RW-data=0 ZI-data=424  
".\Objects\UARTTXRX.axf" - 0 Error(s), 10 Warning(s).

<h2>Software Packages used:</h2>

Package Vendor: ARM
                http://www.keil.com/pack/ARM.CMSIS.5.8.0.pack
                ARM.CMSIS.5.8.0
                CMSIS (Common Microcontroller Software Interface Standard)
   * Component: CORE Version: 5.5.0

Package Vendor: Keil
                http://www.keil.com/pack/Keil.Kinetis_KLxx_DFP.1.15.0.pack
                Keil.Kinetis_KLxx_DFP.1.15.0
                NXP Kinetis KLxx Series Device Support and Examples
   * Component: Startup Version: 2.5.0

<h2>Collection of Component include folders:</h2>
  .\RTE\Device\MKL25Z128xxx4
  .\RTE\_Target_1
  C:\Users\sumat\AppData\Local\Arm\Packs\ARM\CMSIS\5.8.0\CMSIS\Core\Include
  C:\Users\sumat\AppData\Local\Arm\Packs\Keil\Kinetis_KLxx_DFP\1.15.0\Device\Include

<h2>Collection of Component Files used:</h2>

   * Component: ARM::CMSIS:CORE:5.5.0

   * Component: Keil::Device:Startup:2.5.0
      Include file:  Device\Source\system_MKL25Z4.h
      Source file:   Device\Source\system_MKL25Z4.c
      Source file:   Device\Source\ARM\startup_MKL25Z4.s
Build Time Elapsed:  00:00:01
</pre>
</body>
</html>
