<html>
<body>
<pre>
<h1>µVision Build Log</h1>
<h2>Tool Versions:</h2>
IDE-Version: µVision V5.35.0.0
Copyright (C) 2021 ARM Ltd and ARM Germany GmbH. All rights reserved.
License Information: Sumati Gupta, Oakland University, LIC=----
 
Tool Versions:
Toolchain:       MDK-Lite  Version: 5.35.0.2
Toolchain Path:  C:\Keil_v5\ARM\ARMCLANG\Bin
C Compiler:      ArmClang.exe V6.16
Assembler:       Armasm.exe V6.16
Linker/Locator:  ArmLink.exe V6.16
Library Manager: ArmAr.exe V6.16
Hex Converter:   FromElf.exe V6.16
CPU DLL:         SARMCM3.DLL V5.35.0.2
Dialog DLL:      DARMCM1.DLL V1.19.4.0
Target DLL:      CMSIS_AGDI.dll V1.33.0.0
Dialog DLL:      TARMCM1.DLL V1.14.4.0
 
<h2>Project:</h2>
C:\Users\sumat\Desktop\currentcourses\ece 5721 embedded systems\Project\adc2\adc2.uvprojx
Project File Date:  11/01/2021

<h2>Output:</h2>
*** Using Compiler 'V6.16', folder: 'C:\Keil_v5\ARM\ARMCLANG\Bin'
Rebuild target 'Target 1'
compiling system_MKL25Z4.c...
C:/Users/sumat/AppData/Local/Arm/Packs/Keil/ARM_Compiler/1.6.3/Source/EventRecorder.c(660): warning: #warning is a language extension [-Wpedantic]
#warning "Invalid Time Stamp Source selected in EventRecorderConf.h!"
 ^
C:/Users/sumat/AppData/Local/Arm/Packs/Keil/ARM_Compiler/1.6.3/Source/EventRecorder.c(660): warning: "Invalid Time Stamp Source selected in EventRecorderConf.h!" [-W#warnings]
2 warnings generated.
compiling EventRecorder.c...
adc.c(91): warning: implicit conversion changes signedness: 'int' to 'uint32_t' (aka 'unsigned int') [-Wsign-conversion]
  ADC0->SC1[0] = CH_idx[i]; 
               ~ ^~~~~~~~~
1 warning generated.
compiling adc.c...
dma.c(23): warning: cast from 'const volatile unsigned int *' to 'unsigned int *' drops const and volatile qualifiers [-Wcast-qual]
        DMA0->DMA[0].SAR = DMA_SAR_SAR((uint32_t *)(&(ADC0->R[0])));
                                                   ^
1 warning generated.
compiling dma.c...
compiling pit.c...
main.c(13): warning: no previous extern declaration for non-static variable 'shiftedpinky' [-Wmissing-variable-declarations]
int shiftedpinky = 0; 
    ^
main.c(13): note: declare 'static' if the variable is not intended to be used outside of this translation unit
int shiftedpinky = 0; 
^
main.c(14): warning: no previous extern declaration for non-static variable 'shiftedring' [-Wmissing-variable-declarations]
int shiftedring = 0; 
    ^
main.c(14): note: declare 'static' if the variable is not intended to be used outside of this translation unit
int shiftedring = 0; 
^
main.c(15): warning: no previous extern declaration for non-static variable 'shiftedmiddle' [-Wmissing-variable-declarations]
int shiftedmiddle = 0; 
    ^
main.c(15): note: declare 'static' if the variable is not intended to be used outside of this translation unit
int shiftedmiddle = 0; 
^
main.c(16): warning: no previous extern declaration for non-static variable 'shiftedindex' [-Wmissing-variable-declarations]
int shiftedindex = 0; 
    ^
main.c(16): note: declare 'static' if the variable is not intended to be used outside of this translation unit
int shiftedindex = 0; 
^
main.c(17): warning: no previous extern declaration for non-static variable 'shiftedthumb' [-Wmissing-variable-declarations]
int shiftedthumb = 0; 
    ^
main.c(17): note: declare 'static' if the variable is not intended to be used outside of this translation unit
int shiftedthumb = 0; 
^
5 warnings generated.
compiling main.c...
assembling startup_MKL25Z4.s...
linking...
Program Size: Code=2116 RO-data=240 RW-data=0 ZI-data=1664  
".\Objects\adc2.axf" - 0 Error(s), 9 Warning(s).

<h2>Software Packages used:</h2>

Package Vendor: ARM
                http://www.keil.com/pack/ARM.CMSIS.5.8.0.pack
                ARM.CMSIS.5.8.0
                CMSIS (Common Microcontroller Software Interface Standard)
   * Component: CORE Version: 5.5.0

Package Vendor: Keil
                http://www.keil.com/pack/Keil.ARM_Compiler.1.6.3.pack
                Keil.ARM_Compiler.1.6.3
                Keil ARM Compiler extensions for ARM Compiler 5 and ARM Compiler 6
   * Component: Event Recorder Variant: DAP Version: 1.4.0

Package Vendor: Keil
                http://www.keil.com/pack/Keil.Kinetis_KLxx_DFP.1.15.0.pack
                Keil.Kinetis_KLxx_DFP.1.15.0
                NXP Kinetis KLxx Series Device Support and Examples
   * Component: Startup Version: 2.5.0

<h2>Collection of Component include folders:</h2>
  .\RTE\Compiler
  .\RTE\Device\MKL25Z128xxx4
  .\RTE\_Target_1
  C:\Users\sumat\AppData\Local\Arm\Packs\ARM\CMSIS\5.8.0\CMSIS\Core\Include
  C:\Users\sumat\AppData\Local\Arm\Packs\Keil\ARM_Compiler\1.6.3\Include
  C:\Users\sumat\AppData\Local\Arm\Packs\Keil\Kinetis_KLxx_DFP\1.15.0\Device\Include

<h2>Collection of Component Files used:</h2>

   * Component: ARM::CMSIS:CORE:5.5.0

   * Component: Keil.ARM Compiler::Compiler:Event Recorder:DAP:1.4.0
      Include file:  Include\EventRecorder.h
      Source file:   Source\EventRecorder.c
      Include file:  Config\EventRecorderConf.h

   * Component: Keil::Device:Startup:2.5.0
      Source file:   Device\Source\ARM\startup_MKL25Z4.s
      Include file:  Device\Source\system_MKL25Z4.h
      Source file:   Device\Source\system_MKL25Z4.c
Build Time Elapsed:  00:00:01
</pre>
</body>
</html>
