<html>
<body>
<pre>
<h1>µVision Build Log</h1>
<h2>Tool Versions:</h2>
IDE-Version: µVision V5.36.0.0
Copyright (C) 2021 ARM Ltd and ARM Germany GmbH. All rights reserved.
License Information: Sangam Shrestha, Oakland University, LIC=----
 
Tool Versions:
Toolchain:       MDK-Lite  Version: 5.36.0.0
Toolchain Path:  C:\Keil_v5\ARM\ARMCLANG\Bin
C Compiler:      ArmClang.exe V6.16
Assembler:       Armasm.exe V6.16
Linker/Locator:  ArmLink.exe V6.16
Library Manager: ArmAr.exe V6.16
Hex Converter:   FromElf.exe V6.16
CPU DLL:         SARMCM3.DLL V5.36.0.0
Dialog DLL:      DARMCM1.DLL V1.19.4.0
Target DLL:      CMSIS_AGDI.dll V1.33.0.0
Dialog DLL:      TARMCM1.DLL V1.14.4.0
 
<h2>Project:</h2>
C:\Users\Sangam\Downloads\UARTRX-working_Nash\UARTRX-working\UARTRX.uvprojx
Project File Date:  11/24/2021

<h2>Output:</h2>
*** Using Compiler 'V6.16', folder: 'C:\Keil_v5\ARM\ARMCLANG\Bin'
Rebuild target 'Target 1'
assembling startup_MKL25Z4.s...
compiling system_MKL25Z4.c...
main.c(1): warning: In file included from...
./main.h(3): warning: In file included from...
./UART.h(26): warning: no newline at end of file [-Wnewline-eof]
extern volatile int raise_this_flag;
                                    ^
main.c(1): warning: In file included from...
./main.h(6): warning: no newline at end of file [-Wnewline-eof]
extern int index; 
                  ^
main.c(37): warning: implicit declaration of function 'Init_UART1' is invalid in C99 [-Wimplicit-function-declaration]
        Init_UART1();
        ^
3 warnings generated.
compiling main.c...
UART.c(1): warning: In file included from...
./UART.h(26): warning: no newline at end of file [-Wnewline-eof]
extern volatile int raise_this_flag;
                                    ^
UART.c(78): warning: no previous prototype for function 'Init_UART1' [-Wmissing-prototypes]
void Init_UART1(void)
     ^
UART.c(78): note: declare 'static' if the function is not intended to be used outside of this translation unit
void Init_UART1(void)
^
static 
UART.c(120): warning: no previous prototype for function 'UART1_IRQHandler' [-Wmissing-prototypes]
void UART1_IRQHandler(void)
     ^
UART.c(120): note: declare 'static' if the function is not intended to be used outside of this translation unit
void UART1_IRQHandler(void)
^
static 
UART.c(163): warning: no newline at end of file [-Wnewline-eof]
}
 ^
4 warnings generated.
compiling UART.c...
linking...
Program Size: Code=976 RO-data=256 RW-data=0 ZI-data=392  
".\Objects\UARTRX.axf" - 0 Error(s), 7 Warning(s).

<h2>Software Packages used:</h2>

Package Vendor: ARM
                http://www.keil.com/pack/ARM.CMSIS.5.8.0.pack
                ARM.CMSIS.5.8.0
                CMSIS (Common Microcontroller Software Interface Standard)
   * Component: CORE Version: 5.5.0

Package Vendor: Keil
                http://www.keil.com/pack/Keil.Kinetis_KLxx_DFP.1.15.0.pack
                Keil.Kinetis_KLxx_DFP.1.15.0
                NXP Kinetis KLxx Series Device Support and Examples
   * Component: Startup Version: 2.5.0

<h2>Collection of Component include folders:</h2>
  .\RTE\Device\MKL25Z128xxx4
  .\RTE\_Target_1
  C:\Keil_v5\Packs\ARM\CMSIS\5.8.0\CMSIS\Core\Include
  C:\Keil_v5\Packs\Keil\Kinetis_KLxx_DFP\1.15.0\Device\Include

<h2>Collection of Component Files used:</h2>

   * Component: ARM::CMSIS:CORE:5.5.0

   * Component: Keil::Device:Startup:2.5.0
      Source file:   Device\Source\system_MKL25Z4.c
      Include file:  Device\Source\system_MKL25Z4.h
      Source file:   Device\Source\ARM\startup_MKL25Z4.s
Build Time Elapsed:  00:00:01
</pre>
</body>
</html>
