<html>
<body>
<pre>
<h1>µVision Build Log</h1>
<h2>Tool Versions:</h2>
IDE-Version: µVision V5.36.0.0
Copyright (C) 2021 ARM Ltd and ARM Germany GmbH. All rights reserved.
License Information: Sangam Shrestha, Oakland University, LIC=----
 
Tool Versions:
Toolchain:       MDK-Lite  Version: 5.36.0.0
Toolchain Path:  C:\Keil_v5\ARM\ARMCLANG\Bin
C Compiler:      ArmClang.exe V6.16
Assembler:       Armasm.exe V6.16
Linker/Locator:  ArmLink.exe V6.16
Library Manager: ArmAr.exe V6.16
Hex Converter:   FromElf.exe V6.16
CPU DLL:         SARMCM3.DLL V5.36.0.0
Dialog DLL:      DARMCM1.DLL V1.19.4.0
Target DLL:      CMSIS_AGDI.dll V1.33.0.0
Dialog DLL:      TARMCM1.DLL V1.14.4.0
 
<h2>Project:</h2>
C:\Users\Sangam\OneDrive\Desktop\Grad School\Documents and Records\ECE5721\ECE5721_Project-main\UART_loopback\Uartloopback.uvprojx
Project File Date:  11/14/2021

<h2>Output:</h2>
*** Using Compiler 'V6.16', folder: 'C:\Keil_v5\ARM\ARMCLANG\Bin'
Rebuild target 'Target 1'
assembling startup_MKL25Z4.s...
main.c(1): warning: In file included from...
./main.h(2): warning: non-portable path to file '"DMA.h"'; specified path differs in case from file name on disk [-Wnonportable-include-path]
#include "dma.h"
         ^~~~~~~
         "DMA.h"
main.c(1): warning: In file included from...
./main.h(2): warning: In file included from...
./dma.h(14): warning: no newline at end of file [-Wnewline-eof]
void DMA0_IRQHandler(void);
                           ^
main.c(1): warning: In file included from...
./main.h(3): warning: In file included from...
./UART.h(2): warning: non-portable path to file '"DMA.h"'; specified path differs in case from file name on disk [-Wnonportable-include-path]
#include "dma.h"
         ^~~~~~~
         "DMA.h"
main.c(1): warning: In file included from...
./main.h(3): warning: In file included from...
./UART.h(2): warning: In file included from...
./dma.h(14): warning: no newline at end of file [-Wnewline-eof]
void DMA0_IRQHandler(void);
                           ^
main.c(1): warning: In file included from...
./main.h(3): warning: In file included from...
./UART.h(19): warning: no newline at end of file [-Wnewline-eof]
extern uint16_t receivedbuffer[5]; 
                                   ^
main.c(1): warning: In file included from...
./main.h(3): warning: no newline at end of file [-Wnewline-eof]
#include "UART.h" 
                  ^
main.c(85): warning: no newline at end of file [-Wnewline-eof]
}
 ^
7 warnings generated.
compiling main.c...
UART.c(1): warning: In file included from...
./UART.h(2): warning: non-portable path to file '"DMA.h"'; specified path differs in case from file name on disk [-Wnonportable-include-path]
#include "dma.h"
         ^~~~~~~
         "DMA.h"
UART.c(1): warning: In file included from...
./UART.h(2): warning: In file included from...
./dma.h(14): warning: no newline at end of file [-Wnewline-eof]
void DMA0_IRQHandler(void);
                           ^
UART.c(1): warning: In file included from...
./UART.h(19): warning: no newline at end of file [-Wnewline-eof]
extern uint16_t receivedbuffer[5]; 
                                   ^
UART.c(6): warning: no previous extern declaration for non-static variable 'Transmit_Done' [-Wmissing-variable-declarations]
unsigned char Transmit_Done = 0;
              ^
UART.c(6): note: declare 'static' if the variable is not intended to be used outside of this translation unit
unsigned char Transmit_Done = 0;
^
UART.c(7): warning: no previous extern declaration for non-static variable 'Receive_Done' [-Wmissing-variable-declarations]
unsigned char Receive_Done = 0; 
              ^
UART.c(7): note: declare 'static' if the variable is not intended to be used outside of this translation unit
unsigned char Receive_Done = 0; 
^
UART.c(154): warning: unused variable 'MSB' [-Wunused-variable]
                uint8_t MSB;
                        ^
UART.c(153): warning: unused variable 'LSB' [-Wunused-variable]
                uint8_t LSB;
                        ^
7 warnings generated.
compiling UART.c...
compiling system_MKL25Z4.c...
linking...
Program Size: Code=820 RO-data=220 RW-data=0 ZI-data=368  
".\Objects\Uartloopback.axf" - 0 Error(s), 14 Warning(s).

<h2>Software Packages used:</h2>

Package Vendor: ARM
                http://www.keil.com/pack/ARM.CMSIS.5.8.0.pack
                ARM.CMSIS.5.8.0
                CMSIS (Common Microcontroller Software Interface Standard)
   * Component: CORE Version: 5.5.0

Package Vendor: Keil
                http://www.keil.com/pack/Keil.Kinetis_KLxx_DFP.1.15.0.pack
                Keil.Kinetis_KLxx_DFP.1.15.0
                NXP Kinetis KLxx Series Device Support and Examples
   * Component: Startup Version: 2.5.0

<h2>Collection of Component include folders:</h2>
  .\RTE\Device\MKL25Z128xxx4
  .\RTE\_Target_1
  C:\Keil_v5\Packs\ARM\CMSIS\5.8.0\CMSIS\Core\Include
  C:\Keil_v5\Packs\Keil\Kinetis_KLxx_DFP\1.15.0\Device\Include

<h2>Collection of Component Files used:</h2>

   * Component: ARM::CMSIS:CORE:5.5.0

   * Component: Keil::Device:Startup:2.5.0
      Include file:  Device\Source\system_MKL25Z4.h
      Source file:   Device\Source\system_MKL25Z4.c
      Source file:   Device\Source\ARM\startup_MKL25Z4.s
Build Time Elapsed:  00:00:01
</pre>
</body>
</html>
